******************************************************************************
             TMS320C2000 Linker PC v6.4.12                     
******************************************************************************
>> Linked Wed Mar 08 11:22:36 2017

OUTPUT FILE NAME:   <F28377_MODBUS_200MHZ.out>
ENTRY POINT SYMBOL: "code_start"  address: 00000000


MEMORY CONFIGURATION

         name            origin    length      used     unused   attr    fill
----------------------  --------  ---------  --------  --------  ----  --------
PAGE 0:
  BEGIN                 00000000   00000002  00000002  00000000  RWIX
  RAMM0                 00000122   000002de  000002dd  00000001  RWIX
  RAMLS0                00008000   00000800  000007fe  00000002  RWIX
  RAMLS1                00008800   00000800  000007fe  00000002  RWIX
  RAMLS2                00009000   00000800  00000653  000001ad  RWIX
  RAMLS3                00009800   00000800  00000000  00000800  RWIX
  RAMLS4                0000a000   00000800  00000000  00000800  RWIX
  RAMLS5                0000a800   00000800  00000000  00000800  RWIX
  RAMD0                 0000b000   00000800  000007fe  00000002  RWIX
  RESET                 003fffc0   00000002  00000000  00000002  RWIX

PAGE 1:
  BOOT_RSVD             00000002   00000120  00000000  00000120  RWIX
  RAMM1                 00000400   00000400  00000220  000001e0  RWIX
  ADCA_RESULT           00000b00   00000020  00000018  00000008  RWIX
  ADCB_RESULT           00000b20   00000020  00000018  00000008  RWIX
  ADCC_RESULT           00000b40   00000020  00000018  00000008  RWIX
  ADCD_RESULT           00000b60   00000020  00000018  00000008  RWIX
  CPU_TIMER0            00000c00   00000008  00000008  00000000  RWIX
  CPU_TIMER1            00000c08   00000008  00000008  00000000  RWIX
  CPU_TIMER2            00000c10   00000008  00000008  00000000  RWIX
  PIE_CTRL              00000ce0   00000020  0000001a  00000006  RWIX
  PIE_VECT              00000d00   00000200  000001c0  00000040  RWIX
  DMA                   00001000   00000200  000000e0  00000120  RWIX
  CLA1                  00001400   00000040  0000003e  00000002  RWIX
  EPWM1                 00004000   00000100  00000100  00000000  RWIX
  EPWM2                 00004100   00000100  00000100  00000000  RWIX
  EPWM3                 00004200   00000100  00000100  00000000  RWIX
  EPWM4                 00004300   00000100  00000100  00000000  RWIX
  EPWM5                 00004400   00000100  00000100  00000000  RWIX
  EPWM6                 00004500   00000100  00000100  00000000  RWIX
  EPWM7                 00004600   00000100  00000100  00000000  RWIX
  EPWM8                 00004700   00000100  00000100  00000000  RWIX
  EPWM9                 00004800   00000100  00000100  00000000  RWIX
  EPWM10                00004900   00000100  00000100  00000000  RWIX
  EPWM11                00004a00   00000100  00000100  00000000  RWIX
  EPWM12                00004b00   00000100  00000100  00000000  RWIX
  ECAP1                 00005000   00000020  00000020  00000000  RWIX
  ECAP2                 00005020   00000020  00000020  00000000  RWIX
  ECAP3                 00005040   00000020  00000020  00000000  RWIX
  ECAP4                 00005060   00000020  00000020  00000000  RWIX
  ECAP5                 00005080   00000020  00000020  00000000  RWIX
  ECAP6                 000050a0   00000020  00000020  00000000  RWIX
  EQEP1                 00005100   00000040  00000022  0000001e  RWIX
  EQEP2                 00005140   00000040  00000022  0000001e  RWIX
  EQEP3                 00005180   00000040  00000022  0000001e  RWIX
  DACA                  00005c00   00000010  00000008  00000008  RWIX
  DACB                  00005c10   00000010  00000008  00000008  RWIX
  DACC                  00005c20   00000010  00000008  00000008  RWIX
  CMPSS1                00005c80   00000020  00000020  00000000  RWIX
  CMPSS2                00005ca0   00000020  00000020  00000000  RWIX
  CMPSS3                00005cc0   00000020  00000020  00000000  RWIX
  CMPSS4                00005ce0   00000020  00000020  00000000  RWIX
  CMPSS5                00005d00   00000020  00000020  00000000  RWIX
  CMPSS6                00005d20   00000020  00000020  00000000  RWIX
  CMPSS7                00005d40   00000020  00000020  00000000  RWIX
  CMPSS8                00005d60   00000020  00000020  00000000  RWIX
  SDFM1                 00005e00   00000080  00000080  00000000  RWIX
  SDFM2                 00005e80   00000080  00000080  00000000  RWIX
  MCBSPA                00006000   00000040  00000024  0000001c  RWIX
  MCBSPB                00006040   00000040  00000024  0000001c  RWIX
  SPIA                  00006100   00000010  00000010  00000000  RWIX
  SPIB                  00006110   00000010  00000010  00000000  RWIX
  SPIC                  00006120   00000010  00000010  00000000  RWIX
  SPID                  00006130   00000010  00000000  00000010  RWIX
  UPP                   00006200   00000100  00000048  000000b8  RWIX
  WD                    00007000   00000040  0000002b  00000015  RWIX
  NMIINTRUPT            00007060   00000010  00000007  00000009  RWIX
  XINT                  00007070   00000010  0000000b  00000005  RWIX
  SCIA                  00007200   00000010  00000010  00000000  RWIX
  SCIB                  00007210   00000010  00000010  00000000  RWIX
  SCIC                  00007220   00000010  00000010  00000000  RWIX
  SCID                  00007230   00000010  00000010  00000000  RWIX
  I2CA                  00007300   00000040  00000022  0000001e  RWIX
  I2CB                  00007340   00000040  00000022  0000001e  RWIX
  ADCA                  00007400   00000080  00000080  00000000  RWIX
  ADCB                  00007480   00000080  00000080  00000000  RWIX
  ADCC                  00007500   00000080  00000080  00000000  RWIX
  ADCD                  00007580   00000080  00000080  00000000  RWIX
  INPUT_XBAR            00007900   00000020  00000020  00000000  RWIX
  XBAR                  00007920   00000020  00000020  00000000  RWIX
  SYNC_SOC              00007940   00000010  00000006  0000000a  RWIX
  DMACLASRCSEL          00007980   00000040  0000001a  00000026  RWIX
  EPWM_XBAR             00007a00   00000040  00000040  00000000  RWIX
  CLB_XBAR              00007a40   00000040  00000000  00000040  RWIX
  OUTPUT_XBAR           00007a80   00000040  00000040  00000000  RWIX
  GPIOCTRL              00007c00   00000180  00000180  00000000  RWIX
  GPIODAT               00007f00   00000030  00000030  00000000  RWIX
  RAMD1                 0000b800   00000800  00000000  00000800  RWIX
  RAMGS0                0000c000   00001000  00000000  00001000  RWIX
  RAMGS1                0000d000   00001000  00000000  00001000  RWIX
  RAMGS2                0000e000   00001000  00000000  00001000  RWIX
  RAMGS3                0000f000   00001000  00000000  00001000  RWIX
  RAMGS4                00010000   00001000  00000000  00001000  RWIX
  RAMGS5                00011000   00001000  00000000  00001000  RWIX
  RAMGS6                00012000   00001000  00000400  00000c00  RWIX
  RAMGS7                00013000   00001000  000009c0  00000640  RWIX
  RAMGS8                00014000   00001000  00000000  00001000  RWIX
  RAMGS9                00015000   00001000  00000000  00001000  RWIX
  RAMGS10               00016000   00001000  00000000  00001000  RWIX
  RAMGS11               00017000   00001000  00000000  00001000  RWIX
  EMIF1                 00047000   00000800  00000070  00000790  RWIX
  EMIF2                 00047800   00000800  00000070  00000790  RWIX
  CANA_MSG_RAM          00049000   00000800  00000000  00000800  RWIX
  CANB_MSG_RAM          0004b000   00000800  00000000  00000800  RWIX
  FLASHPUMPSEMAPHORE    00050024   00000002  00000002  00000000  RWIX
  DEV_CFG               0005d000   00000180  0000012e  00000052  RWIX
  ANALOG_SUBSYS         0005d180   00000080  00000048  00000038  RWIX
  CLK_CFG               0005d200   00000100  00000032  000000ce  RWIX
  CPU_SYS               0005d300   00000100  00000082  0000007e  RWIX
  ROMPREFETCH           0005e608   00000002  00000002  00000000  RWIX
  DCSM_Z1               0005f000   00000030  00000024  0000000c  RWIX
  DCSM_Z2               0005f040   00000030  00000024  0000000c  RWIX
  DCSM_COMMON           0005f070   00000010  00000008  00000008  RWIX
  MEMCFG                0005f400   00000080  00000080  00000000  RWIX
  EMIF1CONFIG           0005f480   00000020  00000020  00000000  RWIX
  EMIF2CONFIG           0005f4a0   00000020  00000020  00000000  RWIX
  ACCESSPROTECTION      0005f4c0   00000040  00000040  00000000  RWIX
  MEMORYERROR           0005f500   00000040  00000040  00000000  RWIX
  ROMWAITSTATE          0005f540   00000002  00000002  00000000  RWIX
  FLASH0_CTRL           0005f800   00000300  00000182  0000017e  RWIX
  FLASH0_ECC            0005fb00   00000040  00000028  00000018  RWIX
  FLASH1_CTRL           0005fc00   00000300  00000182  0000017e  RWIX
  FLASH1_ECC            0005ff00   00000040  00000028  00000018  RWIX
  DCSM_Z1_OTP           00078000   00000020  00000020  00000000  RWIX
  DCSM_Z2_OTP           00078200   00000020  00000020  00000000  RWIX


SECTION ALLOCATION MAP

 output                                  attributes/
section   page    origin      length       input sections
--------  ----  ----------  ----------   ----------------
codestart 
*          0    00000000    00000002     
                  00000000    00000002     F2837xS_CodeStartBranch.obj (codestart)

ramfuncs   0    00000122    00000131     
                  00000122    0000007f     mbrtu.obj (ramfuncs)
                  000001a1    00000066     portserial.obj (ramfuncs:retain)
                  00000207    00000038     porttimer.obj (ramfuncs:retain)
                  0000023f    00000009     portserial.obj (ramfuncs)
                  00000248    00000007     porttimer.obj (ramfuncs)
                  0000024f    00000004     F2837xS_usDelay.obj (ramfuncs)

.cinit     0    00000253    000000b9     
                  00000253    00000031     rts2800_fpu32.lib : lowlev.obj (.cinit)
                  00000284    0000002f     mb.obj (.cinit)
                  000002b3    0000002a     rts2800_fpu32.lib : defs.obj (.cinit)
                  000002dd    0000000a                       : exit.obj (.cinit)
                  000002e7    00000008     mb_interface.obj (.cinit)
                  000002ef    00000005     rts2800_fpu32.lib : _lock.obj (.cinit:__lock)
                  000002f4    00000005                       : _lock.obj (.cinit:__unlock)
                  000002f9    00000005     portserial.obj (.cinit)
                  000002fe    00000004     mbrtu.obj (.cinit)
                  00000302    00000004     rts2800_fpu32.lib : fopen.obj (.cinit)
                  00000306    00000004                       : memory.obj (.cinit)
                  0000030a    00000002     --HOLE-- [fill = 0]

.pinit     0    00000122    00000000     UNINITIALIZED

.reset     0    003fffc0    00000002     DSECT
                  003fffc0    00000002     rts2800_fpu32.lib : boot.obj (.reset)

.text.1    0    0000030c    000000f3     
                  0000030c    000000f3     mbrtu.obj (.text)

.text.2    0    00008000    000007fe     
                  00008000    0000033e     F2837xS_SysCtrl.obj (.text)
                  0000833e    00000226     rts2800_fpu32.lib : lowlev.obj (.text)
                  00008564    00000206                       : trgdrv.obj (.text)
                  0000876a    00000094     hal_sci.obj (.text)

.text.3    0    00008800    000007fe     
                  00008800    000001e2     rts2800_fpu32.lib : memory.obj (.text)
                  000089e2    0000017d     mb.obj (.text)
                  00008b5f    00000119     mbfuncholding.obj (.text)
                  00008c78    00000103     rts2800_fpu32.lib : fopen.obj (.text)
                  00008d7b    000000d9     mb_interface.obj (.text)
                  00008e54    000000cd     mbfunccoils.obj (.text)
                  00008f21    000000b2     rts2800_fpu32.lib : fputs.obj (.text)
                  00008fd3    00000028     F2837xS_PieCtrl.obj (.text)
                  00008ffb    00000003     rts2800_fpu32.lib : remove.obj (.text)

.text.4    0    00009000    00000653     
                  00009000    00000094     rts2800_fpu32.lib : ankmsg.obj (.text)
                  00009094    0000008a                       : setvbuf.obj (.text)
                  0000911e    00000081     mbutils.obj (.text)
                  0000919f    00000076     rts2800_fpu32.lib : fflush.obj (.text)
                  00009215    00000067                       : _io_perm.obj (.text)
                  0000927c    0000005f                       : fclose.obj (.text)
                  000092db    0000005b     portserial.obj (.text)
                  00009336    00000050     F2837xS_CpuTimers.obj (.text)
                  00009386    00000050     mbfuncdisc.obj (.text)
                  000093d6    0000004a     main.obj (.text)
                  00009420    00000049     mbfuncother.obj (.text)
                  00009469    00000047     mbfuncinput.obj (.text)
                  000094b0    00000046     rts2800_fpu32.lib : boot.obj (.text)
                  000094f6    0000003d                       : fseek.obj (.text)
                  00009533    00000028     F2837xS_PieVect.obj (.text)
                  0000955b    0000001f     rts2800_fpu32.lib : strncpy.obj (.text)
                  0000957a    0000001e     portevent.obj (.text)
                  00009598    0000001e     rts2800_fpu32.lib : memcpy.obj (.text)
                  000095b6    00000019                       : args_main.obj (.text)
                  000095cf    00000019                       : exit.obj (.text)
                  000095e8    00000018     porttimer.obj (.text)
                  00009600    00000013     rts2800_fpu32.lib : assert.obj (.text)
                  00009613    00000011                       : memchr.obj (.text)
                  00009624    0000000c                       : strchr.obj (.text)
                  00009630    0000000a                       : strcmp.obj (.text)
                  0000963a    00000009                       : _lock.obj (.text)
                  00009643    00000008     F2837xS_CodeStartBranch.obj (.text)
                  0000964b    00000008     rts2800_fpu32.lib : strlen.obj (.text)

.text.5    0    0000b000    000007fe     
                  0000b000    00000585     F2837xS_DefaultISR.obj (.text:retain)
                  0000b585    0000024a     F2837xS_Gpio.obj (.text)
                  0000b7cf    0000002a     mbcrc.obj (.text)
                  0000b7f9    00000005     rts2800_fpu32.lib : strcpy.obj (.text)

.stack     1    00000400    00000100     UNINITIALIZED
                  00000400    00000100     --HOLE--

.cio       1    00000500    00000120     UNINITIALIZED
                  00000500    00000120     rts2800_fpu32.lib : ankmsg.obj (.cio)

AdcaResultFile 
*          1    00000b00    00000018     UNINITIALIZED
                  00000b00    00000018     F2837xS_GlobalVariableDefs.obj (AdcaResultFile)

AdcbResultFile 
*          1    00000b20    00000018     UNINITIALIZED
                  00000b20    00000018     F2837xS_GlobalVariableDefs.obj (AdcbResultFile)

AdccResultFile 
*          1    00000b40    00000018     UNINITIALIZED
                  00000b40    00000018     F2837xS_GlobalVariableDefs.obj (AdccResultFile)

AdcdResultFile 
*          1    00000b60    00000018     UNINITIALIZED
                  00000b60    00000018     F2837xS_GlobalVariableDefs.obj (AdcdResultFile)

CpuTimer0RegsFile 
*          1    00000c00    00000008     UNINITIALIZED
                  00000c00    00000008     F2837xS_GlobalVariableDefs.obj (CpuTimer0RegsFile)

CpuTimer1RegsFile 
*          1    00000c08    00000008     UNINITIALIZED
                  00000c08    00000008     F2837xS_GlobalVariableDefs.obj (CpuTimer1RegsFile)

CpuTimer2RegsFile 
*          1    00000c10    00000008     UNINITIALIZED
                  00000c10    00000008     F2837xS_GlobalVariableDefs.obj (CpuTimer2RegsFile)

PieCtrlRegsFile 
*          1    00000ce0    0000001a     UNINITIALIZED
                  00000ce0    0000001a     F2837xS_GlobalVariableDefs.obj (PieCtrlRegsFile)

PieVectTableFile 
*          1    00000d00    000001c0     UNINITIALIZED
                  00000d00    000001c0     F2837xS_GlobalVariableDefs.obj (PieVectTableFile)

EmuKeyVar 
*          1    00000d00    00000001     UNINITIALIZED
                  00000d00    00000001     F2837xS_GlobalVariableDefs.obj (EmuKeyVar)

EmuBModeVar 
*          1    00000d01    00000001     UNINITIALIZED
                  00000d01    00000001     F2837xS_GlobalVariableDefs.obj (EmuBModeVar)

FlashCallbackVar 
*          1    00000d02    00000000     UNINITIALIZED

FlashScalingVar 
*          1    00000d02    00000000     UNINITIALIZED

DmaRegsFile 
*          1    00001000    000000e0     UNINITIALIZED
                  00001000    000000e0     F2837xS_GlobalVariableDefs.obj (DmaRegsFile)

Cla1RegsFile 
*          1    00001400    0000003e     UNINITIALIZED
                  00001400    0000003e     F2837xS_GlobalVariableDefs.obj (Cla1RegsFile)

EPwm1RegsFile 
*          1    00004000    00000100     UNINITIALIZED
                  00004000    00000100     F2837xS_GlobalVariableDefs.obj (EPwm1RegsFile)

EPwm2RegsFile 
*          1    00004100    00000100     UNINITIALIZED
                  00004100    00000100     F2837xS_GlobalVariableDefs.obj (EPwm2RegsFile)

EPwm3RegsFile 
*          1    00004200    00000100     UNINITIALIZED
                  00004200    00000100     F2837xS_GlobalVariableDefs.obj (EPwm3RegsFile)

EPwm4RegsFile 
*          1    00004300    00000100     UNINITIALIZED
                  00004300    00000100     F2837xS_GlobalVariableDefs.obj (EPwm4RegsFile)

EPwm5RegsFile 
*          1    00004400    00000100     UNINITIALIZED
                  00004400    00000100     F2837xS_GlobalVariableDefs.obj (EPwm5RegsFile)

EPwm6RegsFile 
*          1    00004500    00000100     UNINITIALIZED
                  00004500    00000100     F2837xS_GlobalVariableDefs.obj (EPwm6RegsFile)

EPwm7RegsFile 
*          1    00004600    00000100     UNINITIALIZED
                  00004600    00000100     F2837xS_GlobalVariableDefs.obj (EPwm7RegsFile)

EPwm8RegsFile 
*          1    00004700    00000100     UNINITIALIZED
                  00004700    00000100     F2837xS_GlobalVariableDefs.obj (EPwm8RegsFile)

EPwm9RegsFile 
*          1    00004800    00000100     UNINITIALIZED
                  00004800    00000100     F2837xS_GlobalVariableDefs.obj (EPwm9RegsFile)

EPwm10RegsFile 
*          1    00004900    00000100     UNINITIALIZED
                  00004900    00000100     F2837xS_GlobalVariableDefs.obj (EPwm10RegsFile)

EPwm11RegsFile 
*          1    00004a00    00000100     UNINITIALIZED
                  00004a00    00000100     F2837xS_GlobalVariableDefs.obj (EPwm11RegsFile)

EPwm12RegsFile 
*          1    00004b00    00000100     UNINITIALIZED
                  00004b00    00000100     F2837xS_GlobalVariableDefs.obj (EPwm12RegsFile)

ECap1RegsFile 
*          1    00005000    00000020     UNINITIALIZED
                  00005000    00000020     F2837xS_GlobalVariableDefs.obj (ECap1RegsFile)

ECap2RegsFile 
*          1    00005020    00000020     UNINITIALIZED
                  00005020    00000020     F2837xS_GlobalVariableDefs.obj (ECap2RegsFile)

ECap3RegsFile 
*          1    00005040    00000020     UNINITIALIZED
                  00005040    00000020     F2837xS_GlobalVariableDefs.obj (ECap3RegsFile)

ECap4RegsFile 
*          1    00005060    00000020     UNINITIALIZED
                  00005060    00000020     F2837xS_GlobalVariableDefs.obj (ECap4RegsFile)

ECap5RegsFile 
*          1    00005080    00000020     UNINITIALIZED
                  00005080    00000020     F2837xS_GlobalVariableDefs.obj (ECap5RegsFile)

ECap6RegsFile 
*          1    000050a0    00000020     UNINITIALIZED
                  000050a0    00000020     F2837xS_GlobalVariableDefs.obj (ECap6RegsFile)

EQep1RegsFile 
*          1    00005100    00000022     UNINITIALIZED
                  00005100    00000022     F2837xS_GlobalVariableDefs.obj (EQep1RegsFile)

EQep2RegsFile 
*          1    00005140    00000022     UNINITIALIZED
                  00005140    00000022     F2837xS_GlobalVariableDefs.obj (EQep2RegsFile)

EQep3RegsFile 
*          1    00005180    00000022     UNINITIALIZED
                  00005180    00000022     F2837xS_GlobalVariableDefs.obj (EQep3RegsFile)

DacaRegsFile 
*          1    00005c00    00000008     UNINITIALIZED
                  00005c00    00000008     F2837xS_GlobalVariableDefs.obj (DacaRegsFile)

DacbRegsFile 
*          1    00005c10    00000008     UNINITIALIZED
                  00005c10    00000008     F2837xS_GlobalVariableDefs.obj (DacbRegsFile)

DaccRegsFile 
*          1    00005c20    00000008     UNINITIALIZED
                  00005c20    00000008     F2837xS_GlobalVariableDefs.obj (DaccRegsFile)

Cmpss1RegsFile 
*          1    00005c80    00000020     UNINITIALIZED
                  00005c80    00000020     F2837xS_GlobalVariableDefs.obj (Cmpss1RegsFile)

Cmpss2RegsFile 
*          1    00005ca0    00000020     UNINITIALIZED
                  00005ca0    00000020     F2837xS_GlobalVariableDefs.obj (Cmpss2RegsFile)

Cmpss3RegsFile 
*          1    00005cc0    00000020     UNINITIALIZED
                  00005cc0    00000020     F2837xS_GlobalVariableDefs.obj (Cmpss3RegsFile)

Cmpss4RegsFile 
*          1    00005ce0    00000020     UNINITIALIZED
                  00005ce0    00000020     F2837xS_GlobalVariableDefs.obj (Cmpss4RegsFile)

Cmpss5RegsFile 
*          1    00005d00    00000020     UNINITIALIZED
                  00005d00    00000020     F2837xS_GlobalVariableDefs.obj (Cmpss5RegsFile)

Cmpss6RegsFile 
*          1    00005d20    00000020     UNINITIALIZED
                  00005d20    00000020     F2837xS_GlobalVariableDefs.obj (Cmpss6RegsFile)

Cmpss7RegsFile 
*          1    00005d40    00000020     UNINITIALIZED
                  00005d40    00000020     F2837xS_GlobalVariableDefs.obj (Cmpss7RegsFile)

Cmpss8RegsFile 
*          1    00005d60    00000020     UNINITIALIZED
                  00005d60    00000020     F2837xS_GlobalVariableDefs.obj (Cmpss8RegsFile)

Sdfm1RegsFile 
*          1    00005e00    00000080     UNINITIALIZED
                  00005e00    00000080     F2837xS_GlobalVariableDefs.obj (Sdfm1RegsFile)

Sdfm2RegsFile 
*          1    00005e80    00000080     UNINITIALIZED
                  00005e80    00000080     F2837xS_GlobalVariableDefs.obj (Sdfm2RegsFile)

McbspaRegsFile 
*          1    00006000    00000024     UNINITIALIZED
                  00006000    00000024     F2837xS_GlobalVariableDefs.obj (McbspaRegsFile)

McbspbRegsFile 
*          1    00006040    00000024     UNINITIALIZED
                  00006040    00000024     F2837xS_GlobalVariableDefs.obj (McbspbRegsFile)

SpiaRegsFile 
*          1    00006100    00000010     UNINITIALIZED
                  00006100    00000010     F2837xS_GlobalVariableDefs.obj (SpiaRegsFile)

SpibRegsFile 
*          1    00006110    00000010     UNINITIALIZED
                  00006110    00000010     F2837xS_GlobalVariableDefs.obj (SpibRegsFile)

SpicRegsFile 
*          1    00006120    00000010     UNINITIALIZED
                  00006120    00000010     F2837xS_GlobalVariableDefs.obj (SpicRegsFile)

UppRegsFile 
*          1    00006200    00000048     UNINITIALIZED
                  00006200    00000048     F2837xS_GlobalVariableDefs.obj (UppRegsFile)

WdRegsFile 
*          1    00007000    0000002b     UNINITIALIZED
                  00007000    0000002b     F2837xS_GlobalVariableDefs.obj (WdRegsFile)

NmiIntruptRegsFile 
*          1    00007060    00000007     UNINITIALIZED
                  00007060    00000007     F2837xS_GlobalVariableDefs.obj (NmiIntruptRegsFile)

XintRegsFile 
*          1    00007070    0000000b     UNINITIALIZED
                  00007070    0000000b     F2837xS_GlobalVariableDefs.obj (XintRegsFile)

SciaRegsFile 
*          1    00007200    00000010     UNINITIALIZED
                  00007200    00000010     F2837xS_GlobalVariableDefs.obj (SciaRegsFile)

ScibRegsFile 
*          1    00007210    00000010     UNINITIALIZED
                  00007210    00000010     F2837xS_GlobalVariableDefs.obj (ScibRegsFile)

ScicRegsFile 
*          1    00007220    00000010     UNINITIALIZED
                  00007220    00000010     F2837xS_GlobalVariableDefs.obj (ScicRegsFile)

ScidRegsFile 
*          1    00007230    00000010     UNINITIALIZED
                  00007230    00000010     F2837xS_GlobalVariableDefs.obj (ScidRegsFile)

I2caRegsFile 
*          1    00007300    00000022     UNINITIALIZED
                  00007300    00000022     F2837xS_GlobalVariableDefs.obj (I2caRegsFile)

I2cbRegsFile 
*          1    00007340    00000022     UNINITIALIZED
                  00007340    00000022     F2837xS_GlobalVariableDefs.obj (I2cbRegsFile)

AdcaRegsFile 
*          1    00007400    00000080     UNINITIALIZED
                  00007400    00000080     F2837xS_GlobalVariableDefs.obj (AdcaRegsFile)

AdcbRegsFile 
*          1    00007480    00000080     UNINITIALIZED
                  00007480    00000080     F2837xS_GlobalVariableDefs.obj (AdcbRegsFile)

AdccRegsFile 
*          1    00007500    00000080     UNINITIALIZED
                  00007500    00000080     F2837xS_GlobalVariableDefs.obj (AdccRegsFile)

AdcdRegsFile 
*          1    00007580    00000080     UNINITIALIZED
                  00007580    00000080     F2837xS_GlobalVariableDefs.obj (AdcdRegsFile)

InputXbarRegsFile 
*          1    00007900    00000020     UNINITIALIZED
                  00007900    00000020     F2837xS_GlobalVariableDefs.obj (InputXbarRegsFile)

XbarRegsFile 
*          1    00007920    00000020     UNINITIALIZED
                  00007920    00000020     F2837xS_GlobalVariableDefs.obj (XbarRegsFile)

SyncSocRegsFile 
*          1    00007940    00000006     UNINITIALIZED
                  00007940    00000006     F2837xS_GlobalVariableDefs.obj (SyncSocRegsFile)

DmaClaSrcSelRegsFile 
*          1    00007980    0000001a     UNINITIALIZED
                  00007980    0000001a     F2837xS_GlobalVariableDefs.obj (DmaClaSrcSelRegsFile)

EPwmXbarRegsFile 
*          1    00007a00    00000040     UNINITIALIZED
                  00007a00    00000040     F2837xS_GlobalVariableDefs.obj (EPwmXbarRegsFile)

OutputXbarRegsFile 
*          1    00007a80    00000040     UNINITIALIZED
                  00007a80    00000040     F2837xS_GlobalVariableDefs.obj (OutputXbarRegsFile)

GpioCtrlRegsFile 
*          1    00007c00    00000180     UNINITIALIZED
                  00007c00    00000180     F2837xS_GlobalVariableDefs.obj (GpioCtrlRegsFile)

GpioDataRegsFile 
*          1    00007f00    00000030     UNINITIALIZED
                  00007f00    00000030     F2837xS_GlobalVariableDefs.obj (GpioDataRegsFile)

.esysmem   1    00012000    00000400     UNINITIALIZED
                  00012000    00000001     rts2800_fpu32.lib : memory.obj (.esysmem)
                  00012001    000003ff     --HOLE--

.econst    1    00013000    000005ac     
                  00013000    000001c0     F2837xS_PieVect.obj (.econst)
                  000131c0    0000019a     mbrtu.obj (.econst:.string)
                  0001335a    00000100     mbcrc.obj (.econst:.string:_aucCRCHi)
                  0001345a    00000100     mbcrc.obj (.econst:.string:_aucCRCLo)
                  0001355a    0000004f     mbutils.obj (.econst:.string)
                  000135a9    00000001     --HOLE-- [fill = 0]
                  000135aa    00000002     rts2800_fpu32.lib : fputs.obj (.econst:.string)

.ebss      1    000135ac    00000414     UNINITIALIZED
                  000135ac    0000000e     mb_interface.obj (.ebss)
                  000135ba    00000004     main.obj (.ebss)
                  000135be    00000002     rts2800_fpu32.lib : _lock.obj (.ebss:__lock)
                  000135c0    00000160                       : defs.obj (.ebss)
                  00013720    00000018     F2837xS_CpuTimers.obj (.ebss)
                  00013738    00000008     rts2800_fpu32.lib : memory.obj (.ebss)
                  00013740    00000140     mbrtu.obj (.ebss)
                  00013880    00000088     rts2800_fpu32.lib : lowlev.obj (.ebss)
                  00013908    00000021     mbfuncother.obj (.ebss)
                  00013929    00000008     rts2800_fpu32.lib : trgdrv.obj (.ebss)
                  00013931    00000001                       : fopen.obj (.ebss)
                  00013932    00000004                       : exit.obj (.ebss)
                  00013936    00000002                       : _lock.obj (.ebss:__unlock)
                  00013938    00000002     portevent.obj (.ebss)
                  0001393a    00000002     portserial.obj (.ebss)
                  0001393c    00000004     --HOLE--
                  00013940    00000080     mb.obj (.ebss)

AnalogSubsysRegsFile 
*          1    0005d180    00000048     UNINITIALIZED
                  0005d180    00000048     F2837xS_GlobalVariableDefs.obj (AnalogSubsysRegsFile)

Cla1SoftIntRegsFile 
*          1    00000ce0    00000004     DSECT
                  00000ce0    00000004     F2837xS_GlobalVariableDefs.obj (Cla1SoftIntRegsFile)

Emif1RegsFile 
*          1    00047000    00000070     UNINITIALIZED
                  00047000    00000070     F2837xS_GlobalVariableDefs.obj (Emif1RegsFile)

Emif2RegsFile 
*          1    00047800    00000070     UNINITIALIZED
                  00047800    00000070     F2837xS_GlobalVariableDefs.obj (Emif2RegsFile)

FlashPumpSemaphoreRegsFile 
*          1    00050024    00000002     UNINITIALIZED
                  00050024    00000002     F2837xS_GlobalVariableDefs.obj (FlashPumpSemaphoreRegsFile)

DevCfgRegsFile 
*          1    0005d000    0000012e     UNINITIALIZED
                  0005d000    0000012e     F2837xS_GlobalVariableDefs.obj (DevCfgRegsFile)

ClkCfgRegsFile 
*          1    0005d200    00000032     UNINITIALIZED
                  0005d200    00000032     F2837xS_GlobalVariableDefs.obj (ClkCfgRegsFile)

CpuSysRegsFile 
*          1    0005d300    00000082     UNINITIALIZED
                  0005d300    00000082     F2837xS_GlobalVariableDefs.obj (CpuSysRegsFile)

RomPrefetchRegsFile 
*          1    0005e608    00000002     UNINITIALIZED
                  0005e608    00000002     F2837xS_GlobalVariableDefs.obj (RomPrefetchRegsFile)

DcsmZ1RegsFile 
*          1    0005f000    00000024     UNINITIALIZED
                  0005f000    00000024     F2837xS_GlobalVariableDefs.obj (DcsmZ1RegsFile)

DcsmZ2RegsFile 
*          1    0005f040    00000024     UNINITIALIZED
                  0005f040    00000024     F2837xS_GlobalVariableDefs.obj (DcsmZ2RegsFile)

DcsmCommonRegsFile 
*          1    0005f070    00000008     UNINITIALIZED
                  0005f070    00000008     F2837xS_GlobalVariableDefs.obj (DcsmCommonRegsFile)

MemCfgRegsFile 
*          1    0005f400    00000080     UNINITIALIZED
                  0005f400    00000080     F2837xS_GlobalVariableDefs.obj (MemCfgRegsFile)

Emif1ConfigRegsFile 
*          1    0005f480    00000020     UNINITIALIZED
                  0005f480    00000020     F2837xS_GlobalVariableDefs.obj (Emif1ConfigRegsFile)

Emif2ConfigRegsFile 
*          1    0005f4a0    00000020     UNINITIALIZED
                  0005f4a0    00000020     F2837xS_GlobalVariableDefs.obj (Emif2ConfigRegsFile)

AccessProtectionRegsFile 
*          1    0005f4c0    00000040     UNINITIALIZED
                  0005f4c0    00000040     F2837xS_GlobalVariableDefs.obj (AccessProtectionRegsFile)

MemoryErrorRegsFile 
*          1    0005f500    00000040     UNINITIALIZED
                  0005f500    00000040     F2837xS_GlobalVariableDefs.obj (MemoryErrorRegsFile)

RomWaitStateRegsFile 
*          1    0005f540    00000002     UNINITIALIZED
                  0005f540    00000002     F2837xS_GlobalVariableDefs.obj (RomWaitStateRegsFile)

Flash0CtrlRegsFile 
*          1    0005f800    00000182     UNINITIALIZED
                  0005f800    00000182     F2837xS_GlobalVariableDefs.obj (Flash0CtrlRegsFile)

Flash0EccRegsFile 
*          1    0005fb00    00000028     UNINITIALIZED
                  0005fb00    00000028     F2837xS_GlobalVariableDefs.obj (Flash0EccRegsFile)

Flash1CtrlRegsFile 
*          1    0005fc00    00000182     UNINITIALIZED
                  0005fc00    00000182     F2837xS_GlobalVariableDefs.obj (Flash1CtrlRegsFile)

Flash1EccRegsFile 
*          1    0005ff00    00000028     UNINITIALIZED
                  0005ff00    00000028     F2837xS_GlobalVariableDefs.obj (Flash1EccRegsFile)

DcsmZ1OtpFile 
*          1    00078000    00000020     NOLOAD SECTION
                  00078000    00000020     F2837xS_GlobalVariableDefs.obj (DcsmZ1OtpFile)

DcsmZ2OtpFile 
*          1    00078200    00000020     NOLOAD SECTION
                  00078200    00000020     F2837xS_GlobalVariableDefs.obj (DcsmZ2OtpFile)


GLOBAL DATA SYMBOLS: SORTED BY DATA PAGE

address     data page           name
--------    ----------------    ----
00000400      10 (00000400)     __stack

00000500      14 (00000500)     __CIOBUF_

00000b00      2c (00000b00)     _AdcaResultRegs
00000b20      2c (00000b00)     _AdcbResultRegs

00000b40      2d (00000b40)     _AdccResultRegs
00000b60      2d (00000b40)     _AdcdResultRegs

00000c00      30 (00000c00)     _CpuTimer0Regs
00000c08      30 (00000c00)     _CpuTimer1Regs
00000c10      30 (00000c00)     _CpuTimer2Regs

00000ce0      33 (00000cc0)     _Cla1SoftIntRegs
00000ce0      33 (00000cc0)     _PieCtrlRegs

00000d00      34 (00000d00)     _EmuKey
00000d00      34 (00000d00)     _PieVectTable
00000d01      34 (00000d00)     _EmuBMode

00001000      40 (00001000)     _DmaRegs

00001400      50 (00001400)     _Cla1Regs

00004000     100 (00004000)     _EPwm1Regs

00004100     104 (00004100)     _EPwm2Regs

00004200     108 (00004200)     _EPwm3Regs

00004300     10c (00004300)     _EPwm4Regs

00004400     110 (00004400)     _EPwm5Regs

00004500     114 (00004500)     _EPwm6Regs

00004600     118 (00004600)     _EPwm7Regs

00004700     11c (00004700)     _EPwm8Regs

00004800     120 (00004800)     _EPwm9Regs

00004900     124 (00004900)     _EPwm10Regs

00004a00     128 (00004a00)     _EPwm11Regs

00004b00     12c (00004b00)     _EPwm12Regs

00005000     140 (00005000)     _ECap1Regs
00005020     140 (00005000)     _ECap2Regs

00005040     141 (00005040)     _ECap3Regs
00005060     141 (00005040)     _ECap4Regs

00005080     142 (00005080)     _ECap5Regs
000050a0     142 (00005080)     _ECap6Regs

00005100     144 (00005100)     _EQep1Regs

00005140     145 (00005140)     _EQep2Regs

00005180     146 (00005180)     _EQep3Regs

00005c00     170 (00005c00)     _DacaRegs
00005c10     170 (00005c00)     _DacbRegs
00005c20     170 (00005c00)     _DaccRegs

00005c80     172 (00005c80)     _Cmpss1Regs
00005ca0     172 (00005c80)     _Cmpss2Regs

00005cc0     173 (00005cc0)     _Cmpss3Regs
00005ce0     173 (00005cc0)     _Cmpss4Regs

00005d00     174 (00005d00)     _Cmpss5Regs
00005d20     174 (00005d00)     _Cmpss6Regs

00005d40     175 (00005d40)     _Cmpss7Regs
00005d60     175 (00005d40)     _Cmpss8Regs

00005e00     178 (00005e00)     _Sdfm1Regs

00005e80     17a (00005e80)     _Sdfm2Regs

00006000     180 (00006000)     _McbspaRegs

00006040     181 (00006040)     _McbspbRegs

00006100     184 (00006100)     _SpiaRegs
00006110     184 (00006100)     _SpibRegs
00006120     184 (00006100)     _SpicRegs

00006200     188 (00006200)     _UppRegs

00007000     1c0 (00007000)     _WdRegs

00007060     1c1 (00007040)     _NmiIntruptRegs
00007070     1c1 (00007040)     _XintRegs

00007200     1c8 (00007200)     _SciaRegs
00007210     1c8 (00007200)     _ScibRegs
00007220     1c8 (00007200)     _ScicRegs
00007230     1c8 (00007200)     _ScidRegs

00007300     1cc (00007300)     _I2caRegs

00007340     1cd (00007340)     _I2cbRegs

00007400     1d0 (00007400)     _AdcaRegs

00007480     1d2 (00007480)     _AdcbRegs

00007500     1d4 (00007500)     _AdccRegs

00007580     1d6 (00007580)     _AdcdRegs

00007900     1e4 (00007900)     _InputXbarRegs
00007920     1e4 (00007900)     _XbarRegs

00007940     1e5 (00007940)     _SyncSocRegs

00007980     1e6 (00007980)     _DmaClaSrcSelRegs

00007a00     1e8 (00007a00)     _EPwmXbarRegs

00007a80     1ea (00007a80)     _OutputXbarRegs

00007c00     1f0 (00007c00)     _GpioCtrlRegs

00007f00     1fc (00007f00)     _GpioDataRegs

00012000     480 (00012000)     __sys_memory

00013000     4c0 (00013000)     _PieVectTableInit

000135ad     4d6 (00013580)     _eStatus
000135af     4d6 (00013580)     _test_rx_from_master
000135ba     4d6 (00013580)     _Active
000135bc     4d6 (00013580)     _Pref
000135be     4d6 (00013580)     __lock

000135c0     4d7 (000135c0)     ___TI_ft_end

00013600     4d8 (00013600)     __ftable

00013680     4da (00013680)     ___TI_tmpnams

00013720     4dc (00013700)     _CpuTimer1
00013728     4dc (00013700)     _CpuTimer2
00013730     4dc (00013700)     _CpuTimer0

00013780     4de (00013780)     _ucRTUBuf

00013932     4e4 (00013900)     ___TI_cleanup_ptr
00013934     4e4 (00013900)     ___TI_dtors_ptr
00013936     4e4 (00013900)     __unlock
0001393a     4e4 (00013900)     _sci_regs_ptr

00013948     4e5 (00013940)     _pxMBFrameCBReceiveFSMCur
0001394a     4e5 (00013940)     _pxMBPortCBTimerExpired
00013956     4e5 (00013940)     _pxMBFrameCBTransmitterEmpty
00013958     4e5 (00013940)     _pxMBFrameCBTransmitFSMCur
0001395c     4e5 (00013940)     _pxMBFrameCBByteReceived

00047000    11c0 (00047000)     _Emif1Regs

00047800    11e0 (00047800)     _Emif2Regs

00050024    1400 (00050000)     _FlashPumpSemaphoreRegs

0005d000    1740 (0005d000)     _DevCfgRegs

0005d180    1746 (0005d180)     _AnalogSubsysRegs

0005d200    1748 (0005d200)     _ClkCfgRegs

0005d300    174c (0005d300)     _CpuSysRegs

0005e608    1798 (0005e600)     _RomPrefetchRegs

0005f000    17c0 (0005f000)     _DcsmZ1Regs

0005f040    17c1 (0005f040)     _DcsmZ2Regs
0005f070    17c1 (0005f040)     _DcsmCommonRegs

0005f400    17d0 (0005f400)     _MemCfgRegs

0005f480    17d2 (0005f480)     _Emif1ConfigRegs
0005f4a0    17d2 (0005f480)     _Emif2ConfigRegs

0005f4c0    17d3 (0005f4c0)     _AccessProtectionRegs

0005f500    17d4 (0005f500)     _MemoryErrorRegs

0005f540    17d5 (0005f540)     _RomWaitStateRegs

0005f800    17e0 (0005f800)     _Flash0CtrlRegs

0005fb00    17ec (0005fb00)     _Flash0EccRegs

0005fc00    17f0 (0005fc00)     _Flash1CtrlRegs

0005ff00    17fc (0005ff00)     _Flash1EccRegs

00078000    1e00 (00078000)     _DcsmZ1Otp

00078200    1e08 (00078200)     _DcsmZ2Otp


GLOBAL SYMBOLS: SORTED ALPHABETICALLY BY Name 

page  address   name                                    
----  -------   ----                                    
abs   ffffffff  .text                                   
0     000095cf  C$$EXIT                                 
0     00009053  C$$IO$$                                 
0     0000b0be  _ADCA1_ISR                              
0     0000b33e  _ADCA2_ISR                              
0     0000b348  _ADCA3_ISR                              
0     0000b352  _ADCA4_ISR                              
0     0000b334  _ADCA_EVT_ISR                           
0     0000b0c8  _ADCB1_ISR                              
0     0000b366  _ADCB2_ISR                              
0     0000b370  _ADCB3_ISR                              
0     0000b37a  _ADCB4_ISR                              
0     0000b35c  _ADCB_EVT_ISR                           
0     0000b0d2  _ADCC1_ISR                              
0     0000b4ce  _ADCC2_ISR                              
0     0000b4d8  _ADCC3_ISR                              
0     0000b4e2  _ADCC4_ISR                              
0     0000b4c4  _ADCC_EVT_ISR                           
0     0000b0f0  _ADCD1_ISR                              
0     0000b4f6  _ADCD2_ISR                              
0     0000b500  _ADCD3_ISR                              
0     0000b50a  _ADCD4_ISR                              
0     0000b4ec  _ADCD_EVT_ISR                           
0     0000b546  _AUX_PLL_SLIP_ISR                       
1     0005f4c0  _AccessProtectionRegs                   
1     000135ba  _Active                                 
1     00007400  _AdcaRegs                               
1     00000b00  _AdcaResultRegs                         
1     00007480  _AdcbRegs                               
1     00000b20  _AdcbResultRegs                         
1     00007500  _AdccRegs                               
1     00000b40  _AdccResultRegs                         
1     00007580  _AdcdRegs                               
1     00000b60  _AdcdResultRegs                         
1     0005d180  _AnalogSubsysRegs                       
0     000082fb  _AuxAuxClkSel                           
0     000082e5  _AuxIntOsc2Sel                          
0     000082ef  _AuxXtalOscSel                          
0     0000b30c  _CANA0_ISR                              
0     0000b316  _CANA1_ISR                              
0     0000b320  _CANB0_ISR                              
0     0000b32a  _CANB1_ISR                              
0     0000b384  _CLA1_1_ISR                             
0     0000b38e  _CLA1_2_ISR                             
0     0000b398  _CLA1_3_ISR                             
0     0000b3a2  _CLA1_4_ISR                             
0     0000b3ac  _CLA1_5_ISR                             
0     0000b3b6  _CLA1_6_ISR                             
0     0000b3c0  _CLA1_7_ISR                             
0     0000b3ca  _CLA1_8_ISR                             
0     0000b550  _CLA_OVERFLOW_ISR                       
0     0000b55a  _CLA_UNDERFLOW_ISR                      
1     00001400  _Cla1Regs                               
0     00000ce0  _Cla1SoftIntRegs                        
1     0005d200  _ClkCfgRegs                             
1     00005c80  _Cmpss1Regs                             
1     00005ca0  _Cmpss2Regs                             
1     00005cc0  _Cmpss3Regs                             
1     00005ce0  _Cmpss4Regs                             
1     00005d00  _Cmpss5Regs                             
1     00005d20  _Cmpss6Regs                             
1     00005d40  _Cmpss7Regs                             
1     00005d60  _Cmpss8Regs                             
0     0000934b  _ConfigCpuTimer                         
1     0005d300  _CpuSysRegs                             
1     00013730  _CpuTimer0                              
0     00000207  _CpuTimer0IsrHandler                    
1     00000c00  _CpuTimer0Regs                          
1     00013720  _CpuTimer1                              
1     00000c08  _CpuTimer1Regs                          
1     00013728  _CpuTimer2                              
1     00000c10  _CpuTimer2Regs                          
0     000082a4  _CsmUnlock                              
0     0000b014  _DATALOG_ISR                            
0     0000b258  _DMA_CH1_ISR                            
0     0000b262  _DMA_CH2_ISR                            
0     0000b26c  _DMA_CH3_ISR                            
0     0000b276  _DMA_CH4_ISR                            
0     0000b280  _DMA_CH5_ISR                            
0     0000b28a  _DMA_CH6_ISR                            
1     00005c00  _DacaRegs                               
1     00005c10  _DacbRegs                               
1     00005c20  _DaccRegs                               
1     0005f070  _DcsmCommonRegs                         
1     00078000  _DcsmZ1Otp                              
1     0005f000  _DcsmZ1Regs                             
1     00078200  _DcsmZ2Otp                              
1     0005f040  _DcsmZ2Regs                             
1     0005d000  _DevCfgRegs                             
0     00008103  _DisableDog                             
0     000080b5  _DisablePeripheralClocks                
1     00007980  _DmaClaSrcSelRegs                       
1     00001000  _DmaRegs                                
0     0000b1ae  _ECAP1_ISR                              
0     0000b1b8  _ECAP2_ISR                              
0     0000b1c2  _ECAP3_ISR                              
0     0000b1cc  _ECAP4_ISR                              
0     0000b1d6  _ECAP5_ISR                              
0     0000b1e0  _ECAP6_ISR                              
1     00005000  _ECap1Regs                              
1     00005020  _ECap2Regs                              
1     00005040  _ECap3Regs                              
1     00005060  _ECap4Regs                              
1     00005080  _ECap5Regs                              
1     000050a0  _ECap6Regs                              
0     0000b514  _EMIF_ERROR_ISR                         
0     0000b56e  _EMPTY_ISR                              
0     0000b028  _EMU_ISR                                
0     0000b46a  _EPWM10_ISR                             
0     0000b442  _EPWM10_TZ_ISR                          
0     0000b474  _EPWM11_ISR                             
0     0000b44c  _EPWM11_TZ_ISR                          
0     0000b47e  _EPWM12_ISR                             
0     0000b456  _EPWM12_TZ_ISR                          
0     0000b15e  _EPWM1_ISR                              
0     0000b10e  _EPWM1_TZ_ISR                           
0     0000b168  _EPWM2_ISR                              
0     0000b118  _EPWM2_TZ_ISR                           
0     0000b172  _EPWM3_ISR                              
0     0000b122  _EPWM3_TZ_ISR                           
0     0000b17c  _EPWM4_ISR                              
0     0000b12c  _EPWM4_TZ_ISR                           
0     0000b186  _EPWM5_ISR                              
0     0000b136  _EPWM5_TZ_ISR                           
0     0000b190  _EPWM6_ISR                              
0     0000b140  _EPWM6_TZ_ISR                           
0     0000b19a  _EPWM7_ISR                              
0     0000b14a  _EPWM7_TZ_ISR                           
0     0000b1a4  _EPWM8_ISR                              
0     0000b154  _EPWM8_TZ_ISR                           
0     0000b460  _EPWM9_ISR                              
0     0000b438  _EPWM9_TZ_ISR                           
1     00004900  _EPwm10Regs                             
1     00004a00  _EPwm11Regs                             
1     00004b00  _EPwm12Regs                             
1     00004000  _EPwm1Regs                              
1     00004100  _EPwm2Regs                              
1     00004200  _EPwm3Regs                              
1     00004300  _EPwm4Regs                              
1     00004400  _EPwm5Regs                              
1     00004500  _EPwm6Regs                              
1     00004600  _EPwm7Regs                              
1     00004700  _EPwm8Regs                              
1     00004800  _EPwm9Regs                              
1     00007a00  _EPwmXbarRegs                           
0     0000b1ea  _EQEP1_ISR                              
0     0000b1f4  _EQEP2_ISR                              
0     0000b1fe  _EQEP3_ISR                              
1     00005100  _EQep1Regs                              
1     00005140  _EQep2Regs                              
1     00005180  _EQep3Regs                              
1     0005f480  _Emif1ConfigRegs                        
1     00047000  _Emif1Regs                              
1     0005f4a0  _Emif2ConfigRegs                        
1     00047800  _Emif2Regs                              
1     00000d01  _EmuBMode                               
1     00000d00  _EmuKey                                 
0     00008ff2  _EnableInterrupts                       
0     0000024f  _F28x_usDelay                           
0     0000b528  _FLASH_CORRECTABLE_ERROR_ISR            
0     0000b3fc  _FPU_OVERFLOW_ISR                       
0     0000b406  _FPU_UNDERFLOW_ISR                      
1     0005f800  _Flash0CtrlRegs                         
1     0005fb00  _Flash0EccRegs                          
1     0005fc00  _Flash1CtrlRegs                         
1     0005ff00  _Flash1EccRegs                          
1     00050024  _FlashPumpSemaphoreRegs                 
0     0000b784  _GPIO_EnableUnbondedIOPullups           
0     0000b75f  _GPIO_EnableUnbondedIOPullupsFor100Pin  
0     0000b746  _GPIO_EnableUnbondedIOPullupsFor176Pin  
0     0000b79a  _GPIO_ReadPin                           
0     0000b6eb  _GPIO_SetupLock                         
0     0000b5c9  _GPIO_SetupPinMux                       
0     0000b657  _GPIO_SetupPinOptions                   
0     0000b714  _GPIO_SetupXINT1Gpio                    
0     0000b71e  _GPIO_SetupXINT2Gpio                    
0     0000b728  _GPIO_SetupXINT3Gpio                    
0     0000b732  _GPIO_SetupXINT4Gpio                    
0     0000b73c  _GPIO_SetupXINT5Gpio                    
0     0000b7b1  _GPIO_WritePin                          
1     00007c00  _GpioCtrlRegs                           
1     00007f00  _GpioDataRegs                           
0     00008319  _HALT                                   
0     0000832a  _HIB                                    
0     0000873f  _HOSTclock                              
0     00008717  _HOSTclose                              
0     000086ef  _HOSTgetenv                             
0     000086a8  _HOSTlseek                              
0     0000866a  _HOSTopen                               
0     0000862d  _HOSTread                               
0     000085ed  _HOSTrename                             
0     000085c2  _HOSTtime                               
0     0000859a  _HOSTunlink                             
0     00008564  _HOSTwrite                              
0     0000b29e  _I2CA_FIFO_ISR                          
0     0000b294  _I2CA_ISR                               
0     0000b2b2  _I2CB_FIFO_ISR                          
0     0000b2a8  _I2CB_ISR                               
1     00007300  _I2caRegs                               
1     00007340  _I2cbRegs                               
0     00008305  _IDLE                                   
0     0000b03c  _ILLEGAL_ISR                            
0     0000b410  _IPC0_ISR                               
0     0000b41a  _IPC1_ISR                               
0     0000b424  _IPC2_ISR                               
0     0000b42e  _IPC3_ISR                               
0     000081d9  _InitAuxPll                             
0     00009336  _InitCpuTimers                          
0     0000b585  _InitGpio                               
0     00008031  _InitPeripheralClocks                   
0     00008fd3  _InitPieCtrl                            
0     00009533  _InitPieVectTable                       
0     0000940a  _InitScibGpio                           
0     00008000  _InitSysCtrl                            
0     00008111  _InitSysPll                             
1     00007900  _InputXbarRegs                          
0     0000b230  _MCBSPA_RX_ISR                          
0     0000b23a  _MCBSPA_TX_ISR                          
0     0000b244  _MCBSPB_RX_ISR                          
0     0000b24e  _MCBSPB_TX_ISR                          
1     00006000  _McbspaRegs                             
1     00006040  _McbspbRegs                             
1     0005f400  _MemCfgRegs                             
1     0005f500  _MemoryErrorRegs                        
0     00008d7b  _ModbusInit                             
0     00008d97  _ModbusPoll                             
0     0000b032  _NMI_ISR                                
0     0000b57b  _NOTUSED_ISR                            
1     00007060  _NmiIntruptRegs                         
1     00007a80  _OutputXbarRegs                         
0     0000b564  _PIE_RESERVED_ISR                       
1     00000ce0  _PieCtrlRegs                            
1     00000d00  _PieVectTable                           
1     00013000  _PieVectTableInit                       
1     000135bc  _Pref                                   
0     0000b532  _RAM_ACCESS_VIOLATION_ISR               
0     0000b51e  _RAM_CORRECTABLE_ERROR_ISR              
0     0000b01e  _RTOS_ISR                               
0     000080eb  _ReleaseFlashPump                       
1     0005e608  _RomPrefetchRegs                        
1     0005f540  _RomWaitStateRegs                       
0     0000b2e4  _SCIA_RX_ISR                            
0     0000b2ee  _SCIA_TX_ISR                            
0     0000b2f8  _SCIB_RX_ISR                            
0     0000b302  _SCIB_TX_ISR                            
0     0000b2bc  _SCIC_RX_ISR                            
0     0000b2c6  _SCIC_TX_ISR                            
0     0000b2d0  _SCID_RX_ISR                            
0     0000b2da  _SCID_TX_ISR                            
0     0000b488  _SD1_ISR                                
0     0000b492  _SD2_ISR                                
0     0000b208  _SPIA_RX_ISR                            
0     0000b212  _SPIA_TX_ISR                            
0     0000b21c  _SPIB_RX_ISR                            
0     0000b226  _SPIB_TX_ISR                            
0     0000b49c  _SPIC_RX_ISR                            
0     0000b4a6  _SPIC_TX_ISR                            
0     0000830e  _STANDBY                                
0     0000b53c  _SYS_PLL_SLIP_ISR                       
0     000087bc  _SciInit                                
0     000087ad  _SciRxIsrConfig                         
0     000001a1  _SciRxIsrHandler                        
0     00008784  _SciRxIsrSet                            
0     0000876a  _SciRxSet                               
0     0000879e  _SciTxIsrConfig                         
0     000001d4  _SciTxIsrHandler                        
0     00008791  _SciTxIsrSet                            
0     00008777  _SciTxSet                               
1     00007200  _SciaRegs                               
1     00007210  _ScibRegs                               
1     00007220  _ScicRegs                               
1     00007230  _ScidRegs                               
1     00005e00  _Sdfm1Regs                              
1     00005e80  _Sdfm2Regs                              
0     000080cd  _SeizeFlashPump_Bank0                   
0     000080dc  _SeizeFlashPump_Bank1                   
0     000003fc  _SendFirstByte                          
0     000080f5  _ServiceDog                             
1     00006100  _SpiaRegs                               
1     00006110  _SpibRegs                               
1     00006120  _SpicRegs                               
1     00007940  _SyncSocRegs                            
0     000082c5  _SysIntOsc1Sel                          
0     000082cf  _SysIntOsc2Sel                          
0     000082d9  _SysXtalOscSel                          
0     0000b0fa  _TIMER0_ISR                             
0     0000b000  _TIMER1_ISR                             
0     0000b00a  _TIMER2_ISR                             
0     0000b4b0  _UPPA_ISR                               
0     0000b4ba  _USBA_ISR                               
0     0000b0a0  _USER10_ISR                             
0     0000b0aa  _USER11_ISR                             
0     0000b0b4  _USER12_ISR                             
0     0000b046  _USER1_ISR                              
0     0000b050  _USER2_ISR                              
0     0000b05a  _USER3_ISR                              
0     0000b064  _USER4_ISR                              
0     0000b06e  _USER5_ISR                              
0     0000b078  _USER6_ISR                              
0     0000b082  _USER7_ISR                              
0     0000b08c  _USER8_ISR                              
0     0000b096  _USER9_ISR                              
1     00006200  _UppRegs                                
0     0000b3f2  _VCU_ISR                                
0     0000b104  _WAKE_ISR                               
1     00007000  _WdRegs                                 
0     0000b0dc  _XINT1_ISR                              
0     0000b0e6  _XINT2_ISR                              
0     0000b3d4  _XINT3_ISR                              
0     0000b3de  _XINT4_ISR                              
0     0000b3e8  _XINT5_ISR                              
1     00007920  _XbarRegs                               
1     00007070  _XintRegs                               
1     00000500  __CIOBUF_                               
1     00000500  __STACK_END                             
abs   00000100  __STACK_SIZE                            
abs   00000400  __SYSMEM_SIZE                           
0     00008cf1  ___TI_cleanup                           
1     00013932  ___TI_cleanup_ptr                       
0     0000927c  ___TI_closefile                         
0     0000919f  ___TI_doflush                           
1     00013934  ___TI_dtors_ptr                         
1     000135c0  ___TI_ft_end                            
0     00009250  ___TI_rd_ok                             
0     00009058  ___TI_readmsg                           
1     00013680  ___TI_tmpnams                           
0     00009000  ___TI_writemsg                          
0     00009215  ___TI_wrt_ok                            
abs   ffffffff  ___binit__                              
abs   ffffffff  ___c_args__                             
0     00000253  ___cinit__                              
abs   ffffffff  ___etext__                              
abs   ffffffff  ___pinit__                              
abs   ffffffff  ___text__                               
0     00009601  __abort_msg                             
0     000095b6  __args_main                             
0     0000960e  __assert                                
1     00013600  __ftable                                
1     000135be  __lock                                  
0     00009600  __nassert                               
0     00009642  __nop                                   
0     0000963e  __register_lock                         
0     0000963a  __register_unlock                       
1     00000400  __stack                                 
1     00012000  __sys_memory                            
1     00013936  __unlock                                
0     000095cf  _abort                                  
0     000084e5  _add_device                             
0     000094b0  _c_int00                                
0     000089cb  _calloc                                 
0     000089c9  _chkheap                                
0     000084b0  _close                                  
0     00008a9b  _eMBClose                               
0     00008abe  _eMBDisable                             
0     00008aac  _eMBEnable                              
0     00008e54  _eMBFuncReadCoils                       
0     00009386  _eMBFuncReadDiscreteInputs              
0     00008bbf  _eMBFuncReadHoldingRegister             
0     00009469  _eMBFuncReadInputRegister               
0     00008c06  _eMBFuncReadWriteMultipleHoldingRegister
0     00009453  _eMBFuncReportSlaveID                   
0     00008ea5  _eMBFuncWriteCoil                       
0     00008b5f  _eMBFuncWriteHoldingRegister            
0     00008eda  _eMBFuncWriteMultipleCoils              
0     00008b82  _eMBFuncWriteMultipleHoldingRegister    
0     000089e2  _eMBInit                                
0     00008ad4  _eMBPoll                                
0     0000030c  _eMBRTUInit                             
0     00000358  _eMBRTUReceive                          
0     00000395  _eMBRTUSend                             
0     0000033f  _eMBRTUStart                            
0     0000034d  _eMBRTUStop                             
0     00008e45  _eMBRegCoilsCB                          
0     00008e4d  _eMBRegDiscreteCB                       
0     00008ded  _eMBRegHoldingCB                        
0     00008db9  _eMBRegInputCB                          
0     00008a2d  _eMBRegisterCB                          
0     00009420  _eMBSetSlaveID                          
1     000135ad  _eStatus                                
0     000095d1  _exit                                   
0     000092c0  _fclose                                 
0     000091cf  _fflush                                 
0     00008d61  _fopen                                  
0     00008f21  _fputs                                  
0     00008800  _free                                   
0     000089ab  _free_memory                            
0     00008d11  _freopen                                
0     000094f6  _fseek                                  
0     00008496  _lseek                                  
0     000093d6  _main                                   
0     0000886b  _malloc                                 
0     00008988  _max_free                               
0     00009613  _memchr                                 
0     00009598  _memcpy                                 
0     00008846  _minit                                  
0     00008424  _open                                   
0     00009187  _prveMBError2Exception                  
0     00008fc0  _puts                                   
1     0001395c  _pxMBFrameCBByteReceived                
1     00013948  _pxMBFrameCBReceiveFSMCur               
1     00013958  _pxMBFrameCBTransmitFSMCur              
1     00013956  _pxMBFrameCBTransmitterEmpty            
1     0001394a  _pxMBPortCBTimerExpired                 
0     00008409  _read                                   
0     000088cc  _realloc                                
0     00008ffb  _remove                                 
0     000083ef  _remove_device                          
0     000083c1  _rename                                 
1     0001393a  _sci_regs_ptr                           
0     00009094  _setvbuf                                
0     00009624  _strchr                                 
0     00009630  _strcmp                                 
0     0000b7f9  _strcpy                                 
0     0000964b  _strlen                                 
0     0000955b  _strncpy                                
1     000135af  _test_rx_from_master                    
1     00013780  _ucRTUBuf                               
0     000083a8  _unlink                                 
0     0000b7cf  _usMBCRC16                              
0     000092db  _vMBPortSerialEnable                    
0     000095fb  _vMBPortTimersDisable                   
0     00000248  _vMBPortTimersEnable                    
0     0000833e  _write                                  
0     00009589  _xMBPortEventGet                        
0     0000957a  _xMBPortEventInit                       
0     0000957f  _xMBPortEventPost                       
0     0000023f  _xMBPortSerialGetByte                   
0     0000931d  _xMBPortSerialInit                      
0     0000932d  _xMBPortSerialPutByte                   
0     000095e8  _xMBPortTimersInit                      
0     00000122  _xMBRTUReceiveFSM                       
0     000003cc  _xMBRTUTimerT35Expired                  
0     0000016a  _xMBRTUTransmitFSM                      
0     00009164  _xMBUtilGetBits                         
0     0000911e  _xMBUtilSetBits                         
abs   ffffffff  binit                                   
0     00000253  cinit                                   
0     00000000  code_start                              
abs   ffffffff  etext                                   
abs   ffffffff  pinit                                   


GLOBAL SYMBOLS: SORTED BY Symbol Address 

page  address   name                                    
----  -------   ----                                    
0     00000000  code_start                              
0     00000122  _xMBRTUReceiveFSM                       
0     0000016a  _xMBRTUTransmitFSM                      
0     000001a1  _SciRxIsrHandler                        
0     000001d4  _SciTxIsrHandler                        
0     00000207  _CpuTimer0IsrHandler                    
0     0000023f  _xMBPortSerialGetByte                   
0     00000248  _vMBPortTimersEnable                    
0     0000024f  _F28x_usDelay                           
0     00000253  ___cinit__                              
0     00000253  cinit                                   
0     0000030c  _eMBRTUInit                             
0     0000033f  _eMBRTUStart                            
0     0000034d  _eMBRTUStop                             
0     00000358  _eMBRTUReceive                          
0     00000395  _eMBRTUSend                             
0     000003cc  _xMBRTUTimerT35Expired                  
0     000003fc  _SendFirstByte                          
0     00000ce0  _Cla1SoftIntRegs                        
0     00008000  _InitSysCtrl                            
0     00008031  _InitPeripheralClocks                   
0     000080b5  _DisablePeripheralClocks                
0     000080cd  _SeizeFlashPump_Bank0                   
0     000080dc  _SeizeFlashPump_Bank1                   
0     000080eb  _ReleaseFlashPump                       
0     000080f5  _ServiceDog                             
0     00008103  _DisableDog                             
0     00008111  _InitSysPll                             
0     000081d9  _InitAuxPll                             
0     000082a4  _CsmUnlock                              
0     000082c5  _SysIntOsc1Sel                          
0     000082cf  _SysIntOsc2Sel                          
0     000082d9  _SysXtalOscSel                          
0     000082e5  _AuxIntOsc2Sel                          
0     000082ef  _AuxXtalOscSel                          
0     000082fb  _AuxAuxClkSel                           
0     00008305  _IDLE                                   
0     0000830e  _STANDBY                                
0     00008319  _HALT                                   
0     0000832a  _HIB                                    
0     0000833e  _write                                  
0     000083a8  _unlink                                 
0     000083c1  _rename                                 
0     000083ef  _remove_device                          
0     00008409  _read                                   
0     00008424  _open                                   
0     00008496  _lseek                                  
0     000084b0  _close                                  
0     000084e5  _add_device                             
0     00008564  _HOSTwrite                              
0     0000859a  _HOSTunlink                             
0     000085c2  _HOSTtime                               
0     000085ed  _HOSTrename                             
0     0000862d  _HOSTread                               
0     0000866a  _HOSTopen                               
0     000086a8  _HOSTlseek                              
0     000086ef  _HOSTgetenv                             
0     00008717  _HOSTclose                              
0     0000873f  _HOSTclock                              
0     0000876a  _SciRxSet                               
0     00008777  _SciTxSet                               
0     00008784  _SciRxIsrSet                            
0     00008791  _SciTxIsrSet                            
0     0000879e  _SciTxIsrConfig                         
0     000087ad  _SciRxIsrConfig                         
0     000087bc  _SciInit                                
0     00008800  _free                                   
0     00008846  _minit                                  
0     0000886b  _malloc                                 
0     000088cc  _realloc                                
0     00008988  _max_free                               
0     000089ab  _free_memory                            
0     000089c9  _chkheap                                
0     000089cb  _calloc                                 
0     000089e2  _eMBInit                                
0     00008a2d  _eMBRegisterCB                          
0     00008a9b  _eMBClose                               
0     00008aac  _eMBEnable                              
0     00008abe  _eMBDisable                             
0     00008ad4  _eMBPoll                                
0     00008b5f  _eMBFuncWriteHoldingRegister            
0     00008b82  _eMBFuncWriteMultipleHoldingRegister    
0     00008bbf  _eMBFuncReadHoldingRegister             
0     00008c06  _eMBFuncReadWriteMultipleHoldingRegister
0     00008cf1  ___TI_cleanup                           
0     00008d11  _freopen                                
0     00008d61  _fopen                                  
0     00008d7b  _ModbusInit                             
0     00008d97  _ModbusPoll                             
0     00008db9  _eMBRegInputCB                          
0     00008ded  _eMBRegHoldingCB                        
0     00008e45  _eMBRegCoilsCB                          
0     00008e4d  _eMBRegDiscreteCB                       
0     00008e54  _eMBFuncReadCoils                       
0     00008ea5  _eMBFuncWriteCoil                       
0     00008eda  _eMBFuncWriteMultipleCoils              
0     00008f21  _fputs                                  
0     00008fc0  _puts                                   
0     00008fd3  _InitPieCtrl                            
0     00008ff2  _EnableInterrupts                       
0     00008ffb  _remove                                 
0     00009000  ___TI_writemsg                          
0     00009053  C$$IO$$                                 
0     00009058  ___TI_readmsg                           
0     00009094  _setvbuf                                
0     0000911e  _xMBUtilSetBits                         
0     00009164  _xMBUtilGetBits                         
0     00009187  _prveMBError2Exception                  
0     0000919f  ___TI_doflush                           
0     000091cf  _fflush                                 
0     00009215  ___TI_wrt_ok                            
0     00009250  ___TI_rd_ok                             
0     0000927c  ___TI_closefile                         
0     000092c0  _fclose                                 
0     000092db  _vMBPortSerialEnable                    
0     0000931d  _xMBPortSerialInit                      
0     0000932d  _xMBPortSerialPutByte                   
0     00009336  _InitCpuTimers                          
0     0000934b  _ConfigCpuTimer                         
0     00009386  _eMBFuncReadDiscreteInputs              
0     000093d6  _main                                   
0     0000940a  _InitScibGpio                           
0     00009420  _eMBSetSlaveID                          
0     00009453  _eMBFuncReportSlaveID                   
0     00009469  _eMBFuncReadInputRegister               
0     000094b0  _c_int00                                
0     000094f6  _fseek                                  
0     00009533  _InitPieVectTable                       
0     0000955b  _strncpy                                
0     0000957a  _xMBPortEventInit                       
0     0000957f  _xMBPortEventPost                       
0     00009589  _xMBPortEventGet                        
0     00009598  _memcpy                                 
0     000095b6  __args_main                             
0     000095cf  C$$EXIT                                 
0     000095cf  _abort                                  
0     000095d1  _exit                                   
0     000095e8  _xMBPortTimersInit                      
0     000095fb  _vMBPortTimersDisable                   
0     00009600  __nassert                               
0     00009601  __abort_msg                             
0     0000960e  __assert                                
0     00009613  _memchr                                 
0     00009624  _strchr                                 
0     00009630  _strcmp                                 
0     0000963a  __register_unlock                       
0     0000963e  __register_lock                         
0     00009642  __nop                                   
0     0000964b  _strlen                                 
0     0000b000  _TIMER1_ISR                             
0     0000b00a  _TIMER2_ISR                             
0     0000b014  _DATALOG_ISR                            
0     0000b01e  _RTOS_ISR                               
0     0000b028  _EMU_ISR                                
0     0000b032  _NMI_ISR                                
0     0000b03c  _ILLEGAL_ISR                            
0     0000b046  _USER1_ISR                              
0     0000b050  _USER2_ISR                              
0     0000b05a  _USER3_ISR                              
0     0000b064  _USER4_ISR                              
0     0000b06e  _USER5_ISR                              
0     0000b078  _USER6_ISR                              
0     0000b082  _USER7_ISR                              
0     0000b08c  _USER8_ISR                              
0     0000b096  _USER9_ISR                              
0     0000b0a0  _USER10_ISR                             
0     0000b0aa  _USER11_ISR                             
0     0000b0b4  _USER12_ISR                             
0     0000b0be  _ADCA1_ISR                              
0     0000b0c8  _ADCB1_ISR                              
0     0000b0d2  _ADCC1_ISR                              
0     0000b0dc  _XINT1_ISR                              
0     0000b0e6  _XINT2_ISR                              
0     0000b0f0  _ADCD1_ISR                              
0     0000b0fa  _TIMER0_ISR                             
0     0000b104  _WAKE_ISR                               
0     0000b10e  _EPWM1_TZ_ISR                           
0     0000b118  _EPWM2_TZ_ISR                           
0     0000b122  _EPWM3_TZ_ISR                           
0     0000b12c  _EPWM4_TZ_ISR                           
0     0000b136  _EPWM5_TZ_ISR                           
0     0000b140  _EPWM6_TZ_ISR                           
0     0000b14a  _EPWM7_TZ_ISR                           
0     0000b154  _EPWM8_TZ_ISR                           
0     0000b15e  _EPWM1_ISR                              
0     0000b168  _EPWM2_ISR                              
0     0000b172  _EPWM3_ISR                              
0     0000b17c  _EPWM4_ISR                              
0     0000b186  _EPWM5_ISR                              
0     0000b190  _EPWM6_ISR                              
0     0000b19a  _EPWM7_ISR                              
0     0000b1a4  _EPWM8_ISR                              
0     0000b1ae  _ECAP1_ISR                              
0     0000b1b8  _ECAP2_ISR                              
0     0000b1c2  _ECAP3_ISR                              
0     0000b1cc  _ECAP4_ISR                              
0     0000b1d6  _ECAP5_ISR                              
0     0000b1e0  _ECAP6_ISR                              
0     0000b1ea  _EQEP1_ISR                              
0     0000b1f4  _EQEP2_ISR                              
0     0000b1fe  _EQEP3_ISR                              
0     0000b208  _SPIA_RX_ISR                            
0     0000b212  _SPIA_TX_ISR                            
0     0000b21c  _SPIB_RX_ISR                            
0     0000b226  _SPIB_TX_ISR                            
0     0000b230  _MCBSPA_RX_ISR                          
0     0000b23a  _MCBSPA_TX_ISR                          
0     0000b244  _MCBSPB_RX_ISR                          
0     0000b24e  _MCBSPB_TX_ISR                          
0     0000b258  _DMA_CH1_ISR                            
0     0000b262  _DMA_CH2_ISR                            
0     0000b26c  _DMA_CH3_ISR                            
0     0000b276  _DMA_CH4_ISR                            
0     0000b280  _DMA_CH5_ISR                            
0     0000b28a  _DMA_CH6_ISR                            
0     0000b294  _I2CA_ISR                               
0     0000b29e  _I2CA_FIFO_ISR                          
0     0000b2a8  _I2CB_ISR                               
0     0000b2b2  _I2CB_FIFO_ISR                          
0     0000b2bc  _SCIC_RX_ISR                            
0     0000b2c6  _SCIC_TX_ISR                            
0     0000b2d0  _SCID_RX_ISR                            
0     0000b2da  _SCID_TX_ISR                            
0     0000b2e4  _SCIA_RX_ISR                            
0     0000b2ee  _SCIA_TX_ISR                            
0     0000b2f8  _SCIB_RX_ISR                            
0     0000b302  _SCIB_TX_ISR                            
0     0000b30c  _CANA0_ISR                              
0     0000b316  _CANA1_ISR                              
0     0000b320  _CANB0_ISR                              
0     0000b32a  _CANB1_ISR                              
0     0000b334  _ADCA_EVT_ISR                           
0     0000b33e  _ADCA2_ISR                              
0     0000b348  _ADCA3_ISR                              
0     0000b352  _ADCA4_ISR                              
0     0000b35c  _ADCB_EVT_ISR                           
0     0000b366  _ADCB2_ISR                              
0     0000b370  _ADCB3_ISR                              
0     0000b37a  _ADCB4_ISR                              
0     0000b384  _CLA1_1_ISR                             
0     0000b38e  _CLA1_2_ISR                             
0     0000b398  _CLA1_3_ISR                             
0     0000b3a2  _CLA1_4_ISR                             
0     0000b3ac  _CLA1_5_ISR                             
0     0000b3b6  _CLA1_6_ISR                             
0     0000b3c0  _CLA1_7_ISR                             
0     0000b3ca  _CLA1_8_ISR                             
0     0000b3d4  _XINT3_ISR                              
0     0000b3de  _XINT4_ISR                              
0     0000b3e8  _XINT5_ISR                              
0     0000b3f2  _VCU_ISR                                
0     0000b3fc  _FPU_OVERFLOW_ISR                       
0     0000b406  _FPU_UNDERFLOW_ISR                      
0     0000b410  _IPC0_ISR                               
0     0000b41a  _IPC1_ISR                               
0     0000b424  _IPC2_ISR                               
0     0000b42e  _IPC3_ISR                               
0     0000b438  _EPWM9_TZ_ISR                           
0     0000b442  _EPWM10_TZ_ISR                          
0     0000b44c  _EPWM11_TZ_ISR                          
0     0000b456  _EPWM12_TZ_ISR                          
0     0000b460  _EPWM9_ISR                              
0     0000b46a  _EPWM10_ISR                             
0     0000b474  _EPWM11_ISR                             
0     0000b47e  _EPWM12_ISR                             
0     0000b488  _SD1_ISR                                
0     0000b492  _SD2_ISR                                
0     0000b49c  _SPIC_RX_ISR                            
0     0000b4a6  _SPIC_TX_ISR                            
0     0000b4b0  _UPPA_ISR                               
0     0000b4ba  _USBA_ISR                               
0     0000b4c4  _ADCC_EVT_ISR                           
0     0000b4ce  _ADCC2_ISR                              
0     0000b4d8  _ADCC3_ISR                              
0     0000b4e2  _ADCC4_ISR                              
0     0000b4ec  _ADCD_EVT_ISR                           
0     0000b4f6  _ADCD2_ISR                              
0     0000b500  _ADCD3_ISR                              
0     0000b50a  _ADCD4_ISR                              
0     0000b514  _EMIF_ERROR_ISR                         
0     0000b51e  _RAM_CORRECTABLE_ERROR_ISR              
0     0000b528  _FLASH_CORRECTABLE_ERROR_ISR            
0     0000b532  _RAM_ACCESS_VIOLATION_ISR               
0     0000b53c  _SYS_PLL_SLIP_ISR                       
0     0000b546  _AUX_PLL_SLIP_ISR                       
0     0000b550  _CLA_OVERFLOW_ISR                       
0     0000b55a  _CLA_UNDERFLOW_ISR                      
0     0000b564  _PIE_RESERVED_ISR                       
0     0000b56e  _EMPTY_ISR                              
0     0000b57b  _NOTUSED_ISR                            
0     0000b585  _InitGpio                               
0     0000b5c9  _GPIO_SetupPinMux                       
0     0000b657  _GPIO_SetupPinOptions                   
0     0000b6eb  _GPIO_SetupLock                         
0     0000b714  _GPIO_SetupXINT1Gpio                    
0     0000b71e  _GPIO_SetupXINT2Gpio                    
0     0000b728  _GPIO_SetupXINT3Gpio                    
0     0000b732  _GPIO_SetupXINT4Gpio                    
0     0000b73c  _GPIO_SetupXINT5Gpio                    
0     0000b746  _GPIO_EnableUnbondedIOPullupsFor176Pin  
0     0000b75f  _GPIO_EnableUnbondedIOPullupsFor100Pin  
0     0000b784  _GPIO_EnableUnbondedIOPullups           
0     0000b79a  _GPIO_ReadPin                           
0     0000b7b1  _GPIO_WritePin                          
0     0000b7cf  _usMBCRC16                              
0     0000b7f9  _strcpy                                 
1     00000400  __stack                                 
1     00000500  __CIOBUF_                               
1     00000500  __STACK_END                             
1     00000b00  _AdcaResultRegs                         
1     00000b20  _AdcbResultRegs                         
1     00000b40  _AdccResultRegs                         
1     00000b60  _AdcdResultRegs                         
1     00000c00  _CpuTimer0Regs                          
1     00000c08  _CpuTimer1Regs                          
1     00000c10  _CpuTimer2Regs                          
1     00000ce0  _PieCtrlRegs                            
1     00000d00  _EmuKey                                 
1     00000d00  _PieVectTable                           
1     00000d01  _EmuBMode                               
1     00001000  _DmaRegs                                
1     00001400  _Cla1Regs                               
1     00004000  _EPwm1Regs                              
1     00004100  _EPwm2Regs                              
1     00004200  _EPwm3Regs                              
1     00004300  _EPwm4Regs                              
1     00004400  _EPwm5Regs                              
1     00004500  _EPwm6Regs                              
1     00004600  _EPwm7Regs                              
1     00004700  _EPwm8Regs                              
1     00004800  _EPwm9Regs                              
1     00004900  _EPwm10Regs                             
1     00004a00  _EPwm11Regs                             
1     00004b00  _EPwm12Regs                             
1     00005000  _ECap1Regs                              
1     00005020  _ECap2Regs                              
1     00005040  _ECap3Regs                              
1     00005060  _ECap4Regs                              
1     00005080  _ECap5Regs                              
1     000050a0  _ECap6Regs                              
1     00005100  _EQep1Regs                              
1     00005140  _EQep2Regs                              
1     00005180  _EQep3Regs                              
1     00005c00  _DacaRegs                               
1     00005c10  _DacbRegs                               
1     00005c20  _DaccRegs                               
1     00005c80  _Cmpss1Regs                             
1     00005ca0  _Cmpss2Regs                             
1     00005cc0  _Cmpss3Regs                             
1     00005ce0  _Cmpss4Regs                             
1     00005d00  _Cmpss5Regs                             
1     00005d20  _Cmpss6Regs                             
1     00005d40  _Cmpss7Regs                             
1     00005d60  _Cmpss8Regs                             
1     00005e00  _Sdfm1Regs                              
1     00005e80  _Sdfm2Regs                              
1     00006000  _McbspaRegs                             
1     00006040  _McbspbRegs                             
1     00006100  _SpiaRegs                               
1     00006110  _SpibRegs                               
1     00006120  _SpicRegs                               
1     00006200  _UppRegs                                
1     00007000  _WdRegs                                 
1     00007060  _NmiIntruptRegs                         
1     00007070  _XintRegs                               
1     00007200  _SciaRegs                               
1     00007210  _ScibRegs                               
1     00007220  _ScicRegs                               
1     00007230  _ScidRegs                               
1     00007300  _I2caRegs                               
1     00007340  _I2cbRegs                               
1     00007400  _AdcaRegs                               
1     00007480  _AdcbRegs                               
1     00007500  _AdccRegs                               
1     00007580  _AdcdRegs                               
1     00007900  _InputXbarRegs                          
1     00007920  _XbarRegs                               
1     00007940  _SyncSocRegs                            
1     00007980  _DmaClaSrcSelRegs                       
1     00007a00  _EPwmXbarRegs                           
1     00007a80  _OutputXbarRegs                         
1     00007c00  _GpioCtrlRegs                           
1     00007f00  _GpioDataRegs                           
1     00012000  __sys_memory                            
1     00013000  _PieVectTableInit                       
1     000135ad  _eStatus                                
1     000135af  _test_rx_from_master                    
1     000135ba  _Active                                 
1     000135bc  _Pref                                   
1     000135be  __lock                                  
1     000135c0  ___TI_ft_end                            
1     00013600  __ftable                                
1     00013680  ___TI_tmpnams                           
1     00013720  _CpuTimer1                              
1     00013728  _CpuTimer2                              
1     00013730  _CpuTimer0                              
1     00013780  _ucRTUBuf                               
1     00013932  ___TI_cleanup_ptr                       
1     00013934  ___TI_dtors_ptr                         
1     00013936  __unlock                                
1     0001393a  _sci_regs_ptr                           
1     00013948  _pxMBFrameCBReceiveFSMCur               
1     0001394a  _pxMBPortCBTimerExpired                 
1     00013956  _pxMBFrameCBTransmitterEmpty            
1     00013958  _pxMBFrameCBTransmitFSMCur              
1     0001395c  _pxMBFrameCBByteReceived                
1     00047000  _Emif1Regs                              
1     00047800  _Emif2Regs                              
1     00050024  _FlashPumpSemaphoreRegs                 
1     0005d000  _DevCfgRegs                             
1     0005d180  _AnalogSubsysRegs                       
1     0005d200  _ClkCfgRegs                             
1     0005d300  _CpuSysRegs                             
1     0005e608  _RomPrefetchRegs                        
1     0005f000  _DcsmZ1Regs                             
1     0005f040  _DcsmZ2Regs                             
1     0005f070  _DcsmCommonRegs                         
1     0005f400  _MemCfgRegs                             
1     0005f480  _Emif1ConfigRegs                        
1     0005f4a0  _Emif2ConfigRegs                        
1     0005f4c0  _AccessProtectionRegs                   
1     0005f500  _MemoryErrorRegs                        
1     0005f540  _RomWaitStateRegs                       
1     0005f800  _Flash0CtrlRegs                         
1     0005fb00  _Flash0EccRegs                          
1     0005fc00  _Flash1CtrlRegs                         
1     0005ff00  _Flash1EccRegs                          
1     00078000  _DcsmZ1Otp                              
1     00078200  _DcsmZ2Otp                              
abs   00000100  __STACK_SIZE                            
abs   00000400  __SYSMEM_SIZE                           
abs   ffffffff  .text                                   
abs   ffffffff  ___binit__                              
abs   ffffffff  ___c_args__                             
abs   ffffffff  ___etext__                              
abs   ffffffff  ___pinit__                              
abs   ffffffff  ___text__                               
abs   ffffffff  binit                                   
abs   ffffffff  etext                                   
abs   ffffffff  pinit                                   

[440 symbols]
