<?xml version="1.0"?>
<link_info>
   <banner>TMS320C2000 Linker PC v6.4.12</banner>
   <copyright>Copyright (c) 1996-2017 Texas Instruments Incorporated</copyright>
   <link_time>0x58c02fcc</link_time>
   <link_errors>0x0</link_errors>
   <output_file>F28377_MODBUS_200MHZ.out</output_file>
   <entry_point>
      <name>code_start</name>
      <address>0x0</address>
   </entry_point>
   <input_file_list>
      <input_file id="fl-2">
         <path>.\</path>
         <kind>object</kind>
         <file>F2837xS_CodeStartBranch.obj</file>
         <name>F2837xS_CodeStartBranch.obj</name>
      </input_file>
      <input_file id="fl-3">
         <path>.\</path>
         <kind>object</kind>
         <file>F2837xS_CpuTimers.obj</file>
         <name>F2837xS_CpuTimers.obj</name>
      </input_file>
      <input_file id="fl-4">
         <path>.\</path>
         <kind>object</kind>
         <file>F2837xS_DefaultISR.obj</file>
         <name>F2837xS_DefaultISR.obj</name>
      </input_file>
      <input_file id="fl-5">
         <path>.\</path>
         <kind>object</kind>
         <file>F2837xS_GlobalVariableDefs.obj</file>
         <name>F2837xS_GlobalVariableDefs.obj</name>
      </input_file>
      <input_file id="fl-6">
         <path>.\</path>
         <kind>object</kind>
         <file>F2837xS_Gpio.obj</file>
         <name>F2837xS_Gpio.obj</name>
      </input_file>
      <input_file id="fl-7">
         <path>.\</path>
         <kind>object</kind>
         <file>F2837xS_PieCtrl.obj</file>
         <name>F2837xS_PieCtrl.obj</name>
      </input_file>
      <input_file id="fl-8">
         <path>.\</path>
         <kind>object</kind>
         <file>F2837xS_PieVect.obj</file>
         <name>F2837xS_PieVect.obj</name>
      </input_file>
      <input_file id="fl-9">
         <path>.\</path>
         <kind>object</kind>
         <file>F2837xS_SysCtrl.obj</file>
         <name>F2837xS_SysCtrl.obj</name>
      </input_file>
      <input_file id="fl-a">
         <path>.\</path>
         <kind>object</kind>
         <file>F2837xS_usDelay.obj</file>
         <name>F2837xS_usDelay.obj</name>
      </input_file>
      <input_file id="fl-b">
         <path>.\</path>
         <kind>object</kind>
         <file>main.obj</file>
         <name>main.obj</name>
      </input_file>
      <input_file id="fl-c">
         <path>.\Modbus\rtu\</path>
         <kind>object</kind>
         <file>mbcrc.obj</file>
         <name>mbcrc.obj</name>
      </input_file>
      <input_file id="fl-d">
         <path>.\Modbus\rtu\</path>
         <kind>object</kind>
         <file>mbrtu.obj</file>
         <name>mbrtu.obj</name>
      </input_file>
      <input_file id="fl-e">
         <path>.\Modbus\port\</path>
         <kind>object</kind>
         <file>hal_sci.obj</file>
         <name>hal_sci.obj</name>
      </input_file>
      <input_file id="fl-f">
         <path>.\Modbus\port\</path>
         <kind>object</kind>
         <file>portevent.obj</file>
         <name>portevent.obj</name>
      </input_file>
      <input_file id="fl-10">
         <path>.\Modbus\port\</path>
         <kind>object</kind>
         <file>portserial.obj</file>
         <name>portserial.obj</name>
      </input_file>
      <input_file id="fl-11">
         <path>.\Modbus\port\</path>
         <kind>object</kind>
         <file>porttimer.obj</file>
         <name>porttimer.obj</name>
      </input_file>
      <input_file id="fl-12">
         <path>.\Modbus\</path>
         <kind>object</kind>
         <file>mb.obj</file>
         <name>mb.obj</name>
      </input_file>
      <input_file id="fl-13">
         <path>.\Modbus\</path>
         <kind>object</kind>
         <file>mb_interface.obj</file>
         <name>mb_interface.obj</name>
      </input_file>
      <input_file id="fl-14">
         <path>.\Modbus\functions\</path>
         <kind>object</kind>
         <file>mbfunccoils.obj</file>
         <name>mbfunccoils.obj</name>
      </input_file>
      <input_file id="fl-15">
         <path>.\Modbus\functions\</path>
         <kind>object</kind>
         <file>mbfuncdiag.obj</file>
         <name>mbfuncdiag.obj</name>
      </input_file>
      <input_file id="fl-16">
         <path>.\Modbus\functions\</path>
         <kind>object</kind>
         <file>mbfuncdisc.obj</file>
         <name>mbfuncdisc.obj</name>
      </input_file>
      <input_file id="fl-17">
         <path>.\Modbus\functions\</path>
         <kind>object</kind>
         <file>mbfuncholding.obj</file>
         <name>mbfuncholding.obj</name>
      </input_file>
      <input_file id="fl-18">
         <path>.\Modbus\functions\</path>
         <kind>object</kind>
         <file>mbfuncinput.obj</file>
         <name>mbfuncinput.obj</name>
      </input_file>
      <input_file id="fl-19">
         <path>.\Modbus\functions\</path>
         <kind>object</kind>
         <file>mbfuncother.obj</file>
         <name>mbfuncother.obj</name>
      </input_file>
      <input_file id="fl-1a">
         <path>.\Modbus\functions\</path>
         <kind>object</kind>
         <file>mbutils.obj</file>
         <name>mbutils.obj</name>
      </input_file>
      <input_file id="fl-21">
         <path>C:\ti\ccsv6\tools\compiler\ti-cgt-c2000_6.4.12\lib\</path>
         <kind>archive</kind>
         <file>rts2800_fpu32.lib</file>
         <name>assert.obj</name>
      </input_file>
      <input_file id="fl-22">
         <path>C:\ti\ccsv6\tools\compiler\ti-cgt-c2000_6.4.12\lib\</path>
         <kind>archive</kind>
         <file>rts2800_fpu32.lib</file>
         <name>boot.obj</name>
      </input_file>
      <input_file id="fl-23">
         <path>C:\ti\ccsv6\tools\compiler\ti-cgt-c2000_6.4.12\lib\</path>
         <kind>archive</kind>
         <file>rts2800_fpu32.lib</file>
         <name>defs.obj</name>
      </input_file>
      <input_file id="fl-24">
         <path>C:\ti\ccsv6\tools\compiler\ti-cgt-c2000_6.4.12\lib\</path>
         <kind>archive</kind>
         <file>rts2800_fpu32.lib</file>
         <name>exit.obj</name>
      </input_file>
      <input_file id="fl-25">
         <path>C:\ti\ccsv6\tools\compiler\ti-cgt-c2000_6.4.12\lib\</path>
         <kind>archive</kind>
         <file>rts2800_fpu32.lib</file>
         <name>fflush.obj</name>
      </input_file>
      <input_file id="fl-26">
         <path>C:\ti\ccsv6\tools\compiler\ti-cgt-c2000_6.4.12\lib\</path>
         <kind>archive</kind>
         <file>rts2800_fpu32.lib</file>
         <name>fputs.obj</name>
      </input_file>
      <input_file id="fl-27">
         <path>C:\ti\ccsv6\tools\compiler\ti-cgt-c2000_6.4.12\lib\</path>
         <kind>archive</kind>
         <file>rts2800_fpu32.lib</file>
         <name>lowlev.obj</name>
      </input_file>
      <input_file id="fl-28">
         <path>C:\ti\ccsv6\tools\compiler\ti-cgt-c2000_6.4.12\lib\</path>
         <kind>archive</kind>
         <file>rts2800_fpu32.lib</file>
         <name>memchr.obj</name>
      </input_file>
      <input_file id="fl-29">
         <path>C:\ti\ccsv6\tools\compiler\ti-cgt-c2000_6.4.12\lib\</path>
         <kind>archive</kind>
         <file>rts2800_fpu32.lib</file>
         <name>memcpy.obj</name>
      </input_file>
      <input_file id="fl-2a">
         <path>C:\ti\ccsv6\tools\compiler\ti-cgt-c2000_6.4.12\lib\</path>
         <kind>archive</kind>
         <file>rts2800_fpu32.lib</file>
         <name>strchr.obj</name>
      </input_file>
      <input_file id="fl-2b">
         <path>C:\ti\ccsv6\tools\compiler\ti-cgt-c2000_6.4.12\lib\</path>
         <kind>archive</kind>
         <file>rts2800_fpu32.lib</file>
         <name>strcmp.obj</name>
      </input_file>
      <input_file id="fl-2c">
         <path>C:\ti\ccsv6\tools\compiler\ti-cgt-c2000_6.4.12\lib\</path>
         <kind>archive</kind>
         <file>rts2800_fpu32.lib</file>
         <name>strlen.obj</name>
      </input_file>
      <input_file id="fl-2d">
         <path>C:\ti\ccsv6\tools\compiler\ti-cgt-c2000_6.4.12\lib\</path>
         <kind>archive</kind>
         <file>rts2800_fpu32.lib</file>
         <name>strncpy.obj</name>
      </input_file>
      <input_file id="fl-2e">
         <path>C:\ti\ccsv6\tools\compiler\ti-cgt-c2000_6.4.12\lib\</path>
         <kind>archive</kind>
         <file>rts2800_fpu32.lib</file>
         <name>trgdrv.obj</name>
      </input_file>
      <input_file id="fl-2f">
         <path>C:\ti\ccsv6\tools\compiler\ti-cgt-c2000_6.4.12\lib\</path>
         <kind>archive</kind>
         <file>rts2800_fpu32.lib</file>
         <name>_io_perm.obj</name>
      </input_file>
      <input_file id="fl-30">
         <path>C:\ti\ccsv6\tools\compiler\ti-cgt-c2000_6.4.12\lib\</path>
         <kind>archive</kind>
         <file>rts2800_fpu32.lib</file>
         <name>_lock.obj</name>
      </input_file>
      <input_file id="fl-31">
         <path>C:\ti\ccsv6\tools\compiler\ti-cgt-c2000_6.4.12\lib\</path>
         <kind>archive</kind>
         <file>rts2800_fpu32.lib</file>
         <name>ankmsg.obj</name>
      </input_file>
      <input_file id="fl-32">
         <path>C:\ti\ccsv6\tools\compiler\ti-cgt-c2000_6.4.12\lib\</path>
         <kind>archive</kind>
         <file>rts2800_fpu32.lib</file>
         <name>args_main.obj</name>
      </input_file>
      <input_file id="fl-33">
         <path>C:\ti\ccsv6\tools\compiler\ti-cgt-c2000_6.4.12\lib\</path>
         <kind>archive</kind>
         <file>rts2800_fpu32.lib</file>
         <name>fseek.obj</name>
      </input_file>
      <input_file id="fl-34">
         <path>C:\ti\ccsv6\tools\compiler\ti-cgt-c2000_6.4.12\lib\</path>
         <kind>archive</kind>
         <file>rts2800_fpu32.lib</file>
         <name>setvbuf.obj</name>
      </input_file>
      <input_file id="fl-35">
         <path>C:\ti\ccsv6\tools\compiler\ti-cgt-c2000_6.4.12\lib\</path>
         <kind>archive</kind>
         <file>rts2800_fpu32.lib</file>
         <name>strcpy.obj</name>
      </input_file>
      <input_file id="fl-36">
         <path>C:\ti\ccsv6\tools\compiler\ti-cgt-c2000_6.4.12\lib\</path>
         <kind>archive</kind>
         <file>rts2800_fpu32.lib</file>
         <name>fopen.obj</name>
      </input_file>
      <input_file id="fl-37">
         <path>C:\ti\ccsv6\tools\compiler\ti-cgt-c2000_6.4.12\lib\</path>
         <kind>archive</kind>
         <file>rts2800_fpu32.lib</file>
         <name>memory.obj</name>
      </input_file>
      <input_file id="fl-38">
         <path>C:\ti\ccsv6\tools\compiler\ti-cgt-c2000_6.4.12\lib\</path>
         <kind>archive</kind>
         <file>rts2800_fpu32.lib</file>
         <name>fclose.obj</name>
      </input_file>
      <input_file id="fl-39">
         <path>C:\ti\ccsv6\tools\compiler\ti-cgt-c2000_6.4.12\lib\</path>
         <kind>archive</kind>
         <file>rts2800_fpu32.lib</file>
         <name>remove.obj</name>
      </input_file>
   </input_file_list>
   <object_component_list>
      <object_component id="oc-7e">
         <name>codestart</name>
         <load_address>0x0</load_address>
         <run_address>0x0</run_address>
         <size>0x2</size>
         <input_file_ref idref="fl-2"/>
      </object_component>
      <object_component id="oc-20f">
         <name>ramfuncs</name>
         <load_address>0x122</load_address>
         <run_address>0x122</run_address>
         <size>0x7f</size>
         <input_file_ref idref="fl-d"/>
      </object_component>
      <object_component id="oc-12f">
         <name>ramfuncs:retain</name>
         <load_address>0x1a1</load_address>
         <run_address>0x1a1</run_address>
         <size>0x66</size>
         <input_file_ref idref="fl-10"/>
      </object_component>
      <object_component id="oc-135">
         <name>ramfuncs:retain</name>
         <load_address>0x207</load_address>
         <run_address>0x207</run_address>
         <size>0x38</size>
         <input_file_ref idref="fl-11"/>
      </object_component>
      <object_component id="oc-218">
         <name>ramfuncs</name>
         <load_address>0x23f</load_address>
         <run_address>0x23f</run_address>
         <size>0x9</size>
         <input_file_ref idref="fl-10"/>
      </object_component>
      <object_component id="oc-216">
         <name>ramfuncs</name>
         <load_address>0x248</load_address>
         <run_address>0x248</run_address>
         <size>0x7</size>
         <input_file_ref idref="fl-11"/>
      </object_component>
      <object_component id="oc-109">
         <name>ramfuncs</name>
         <load_address>0x24f</load_address>
         <run_address>0x24f</run_address>
         <size>0x4</size>
         <input_file_ref idref="fl-a"/>
      </object_component>
      <object_component id="oc-20e">
         <name>.text</name>
         <load_address>0x30c</load_address>
         <run_address>0x30c</run_address>
         <size>0xf3</size>
         <input_file_ref idref="fl-d"/>
      </object_component>
      <object_component id="oc-209">
         <name>.text</name>
         <load_address>0x8000</load_address>
         <run_address>0x8000</run_address>
         <size>0x33e</size>
         <input_file_ref idref="fl-9"/>
      </object_component>
      <object_component id="oc-21b">
         <name>.text</name>
         <load_address>0x833e</load_address>
         <run_address>0x833e</run_address>
         <size>0x226</size>
         <input_file_ref idref="fl-27"/>
      </object_component>
      <object_component id="oc-1fb">
         <name>.text</name>
         <load_address>0x8564</load_address>
         <run_address>0x8564</run_address>
         <size>0x206</size>
         <input_file_ref idref="fl-2e"/>
      </object_component>
      <object_component id="oc-21c">
         <name>.text</name>
         <load_address>0x876a</load_address>
         <run_address>0x876a</run_address>
         <size>0x94</size>
         <input_file_ref idref="fl-e"/>
      </object_component>
      <object_component id="oc-224">
         <name>.text</name>
         <load_address>0x8800</load_address>
         <run_address>0x8800</run_address>
         <size>0x1e2</size>
         <input_file_ref idref="fl-37"/>
      </object_component>
      <object_component id="oc-207">
         <name>.text</name>
         <load_address>0x89e2</load_address>
         <run_address>0x89e2</run_address>
         <size>0x17d</size>
         <input_file_ref idref="fl-12"/>
      </object_component>
      <object_component id="oc-1f6">
         <name>.text</name>
         <load_address>0x8b5f</load_address>
         <run_address>0x8b5f</run_address>
         <size>0x119</size>
         <input_file_ref idref="fl-17"/>
      </object_component>
      <object_component id="oc-225">
         <name>.text</name>
         <load_address>0x8c78</load_address>
         <run_address>0x8c78</run_address>
         <size>0x103</size>
         <input_file_ref idref="fl-36"/>
      </object_component>
      <object_component id="oc-1fd">
         <name>.text</name>
         <load_address>0x8d7b</load_address>
         <run_address>0x8d7b</run_address>
         <size>0xd9</size>
         <input_file_ref idref="fl-13"/>
      </object_component>
      <object_component id="oc-1f7">
         <name>.text</name>
         <load_address>0x8e54</load_address>
         <run_address>0x8e54</run_address>
         <size>0xcd</size>
         <input_file_ref idref="fl-14"/>
      </object_component>
      <object_component id="oc-211">
         <name>.text</name>
         <load_address>0x8f21</load_address>
         <run_address>0x8f21</run_address>
         <size>0xb2</size>
         <input_file_ref idref="fl-26"/>
      </object_component>
      <object_component id="oc-20b">
         <name>.text</name>
         <load_address>0x8fd3</load_address>
         <run_address>0x8fd3</run_address>
         <size>0x28</size>
         <input_file_ref idref="fl-7"/>
      </object_component>
      <object_component id="oc-227">
         <name>.text</name>
         <load_address>0x8ffb</load_address>
         <run_address>0x8ffb</run_address>
         <size>0x3</size>
         <input_file_ref idref="fl-39"/>
      </object_component>
      <object_component id="oc-202">
         <name>.text</name>
         <load_address>0x9000</load_address>
         <run_address>0x9000</run_address>
         <size>0x94</size>
         <input_file_ref idref="fl-31"/>
      </object_component>
      <object_component id="oc-220">
         <name>.text</name>
         <load_address>0x9094</load_address>
         <run_address>0x9094</run_address>
         <size>0x8a</size>
         <input_file_ref idref="fl-34"/>
      </object_component>
      <object_component id="oc-1fe">
         <name>.text</name>
         <load_address>0x911e</load_address>
         <run_address>0x911e</run_address>
         <size>0x81</size>
         <input_file_ref idref="fl-1a"/>
      </object_component>
      <object_component id="oc-212">
         <name>.text</name>
         <load_address>0x919f</load_address>
         <run_address>0x919f</run_address>
         <size>0x76</size>
         <input_file_ref idref="fl-25"/>
      </object_component>
      <object_component id="oc-219">
         <name>.text</name>
         <load_address>0x9215</load_address>
         <run_address>0x9215</run_address>
         <size>0x67</size>
         <input_file_ref idref="fl-2f"/>
      </object_component>
      <object_component id="oc-226">
         <name>.text</name>
         <load_address>0x927c</load_address>
         <run_address>0x927c</run_address>
         <size>0x5f</size>
         <input_file_ref idref="fl-38"/>
      </object_component>
      <object_component id="oc-214">
         <name>.text</name>
         <load_address>0x92db</load_address>
         <run_address>0x92db</run_address>
         <size>0x5b</size>
         <input_file_ref idref="fl-10"/>
      </object_component>
      <object_component id="oc-20a">
         <name>.text</name>
         <load_address>0x9336</load_address>
         <run_address>0x9336</run_address>
         <size>0x50</size>
         <input_file_ref idref="fl-3"/>
      </object_component>
      <object_component id="oc-1f8">
         <name>.text</name>
         <load_address>0x9386</load_address>
         <run_address>0x9386</run_address>
         <size>0x50</size>
         <input_file_ref idref="fl-16"/>
      </object_component>
      <object_component id="oc-1ff">
         <name>.text</name>
         <load_address>0x93d6</load_address>
         <run_address>0x93d6</run_address>
         <size>0x4a</size>
         <input_file_ref idref="fl-b"/>
      </object_component>
      <object_component id="oc-1f4">
         <name>.text</name>
         <load_address>0x9420</load_address>
         <run_address>0x9420</run_address>
         <size>0x49</size>
         <input_file_ref idref="fl-19"/>
      </object_component>
      <object_component id="oc-1f5">
         <name>.text</name>
         <load_address>0x9469</load_address>
         <run_address>0x9469</run_address>
         <size>0x47</size>
         <input_file_ref idref="fl-18"/>
      </object_component>
      <object_component id="oc-16f">
         <name>.text</name>
         <load_address>0x94b0</load_address>
         <run_address>0x94b0</run_address>
         <size>0x46</size>
         <input_file_ref idref="fl-22"/>
      </object_component>
      <object_component id="oc-21f">
         <name>.text</name>
         <load_address>0x94f6</load_address>
         <run_address>0x94f6</run_address>
         <size>0x3d</size>
         <input_file_ref idref="fl-33"/>
      </object_component>
      <object_component id="oc-20c">
         <name>.text</name>
         <load_address>0x9533</load_address>
         <run_address>0x9533</run_address>
         <size>0x28</size>
         <input_file_ref idref="fl-8"/>
      </object_component>
      <object_component id="oc-223">
         <name>.text</name>
         <load_address>0x955b</load_address>
         <run_address>0x955b</run_address>
         <size>0x1f</size>
         <input_file_ref idref="fl-2d"/>
      </object_component>
      <object_component id="oc-210">
         <name>.text</name>
         <load_address>0x957a</load_address>
         <run_address>0x957a</run_address>
         <size>0x1e</size>
         <input_file_ref idref="fl-f"/>
      </object_component>
      <object_component id="oc-1fc">
         <name>.text</name>
         <load_address>0x9598</load_address>
         <run_address>0x9598</run_address>
         <size>0x1e</size>
         <input_file_ref idref="fl-29"/>
      </object_component>
      <object_component id="oc-1f9">
         <name>.text</name>
         <load_address>0x95b6</load_address>
         <run_address>0x95b6</run_address>
         <size>0x19</size>
         <input_file_ref idref="fl-32"/>
      </object_component>
      <object_component id="oc-1fa">
         <name>.text</name>
         <load_address>0x95cf</load_address>
         <run_address>0x95cf</run_address>
         <size>0x19</size>
         <input_file_ref idref="fl-24"/>
      </object_component>
      <object_component id="oc-215">
         <name>.text</name>
         <load_address>0x95e8</load_address>
         <run_address>0x95e8</run_address>
         <size>0x18</size>
         <input_file_ref idref="fl-11"/>
      </object_component>
      <object_component id="oc-208">
         <name>.text</name>
         <load_address>0x9600</load_address>
         <run_address>0x9600</run_address>
         <size>0x13</size>
         <input_file_ref idref="fl-21"/>
      </object_component>
      <object_component id="oc-21a">
         <name>.text</name>
         <load_address>0x9613</load_address>
         <run_address>0x9613</run_address>
         <size>0x11</size>
         <input_file_ref idref="fl-28"/>
      </object_component>
      <object_component id="oc-222">
         <name>.text</name>
         <load_address>0x9624</load_address>
         <run_address>0x9624</run_address>
         <size>0xc</size>
         <input_file_ref idref="fl-2a"/>
      </object_component>
      <object_component id="oc-221">
         <name>.text</name>
         <load_address>0x9630</load_address>
         <run_address>0x9630</run_address>
         <size>0xa</size>
         <input_file_ref idref="fl-2b"/>
      </object_component>
      <object_component id="oc-20d">
         <name>.text</name>
         <load_address>0x963a</load_address>
         <run_address>0x963a</run_address>
         <size>0x9</size>
         <input_file_ref idref="fl-30"/>
      </object_component>
      <object_component id="oc-7f">
         <name>.text</name>
         <load_address>0x9643</load_address>
         <run_address>0x9643</run_address>
         <size>0x8</size>
         <input_file_ref idref="fl-2"/>
      </object_component>
      <object_component id="oc-205">
         <name>.text</name>
         <load_address>0x964b</load_address>
         <run_address>0x964b</run_address>
         <size>0x8</size>
         <input_file_ref idref="fl-2c"/>
      </object_component>
      <object_component id="oc-8b">
         <name>.text:retain</name>
         <load_address>0xb000</load_address>
         <run_address>0xb000</run_address>
         <size>0x585</size>
         <input_file_ref idref="fl-4"/>
      </object_component>
      <object_component id="oc-213">
         <name>.text</name>
         <load_address>0xb585</load_address>
         <run_address>0xb585</run_address>
         <size>0x24a</size>
         <input_file_ref idref="fl-6"/>
      </object_component>
      <object_component id="oc-217">
         <name>.text</name>
         <load_address>0xb7cf</load_address>
         <run_address>0xb7cf</run_address>
         <size>0x2a</size>
         <input_file_ref idref="fl-c"/>
      </object_component>
      <object_component id="oc-206">
         <name>.text</name>
         <load_address>0xb7f9</load_address>
         <run_address>0xb7f9</run_address>
         <size>0x5</size>
         <input_file_ref idref="fl-35"/>
      </object_component>
      <object_component id="oc-18d">
         <name>.cinit</name>
         <load_address>0x253</load_address>
         <run_address>0x253</run_address>
         <size>0x31</size>
         <input_file_ref idref="fl-27"/>
      </object_component>
      <object_component id="oc-13b">
         <name>.cinit</name>
         <load_address>0x284</load_address>
         <run_address>0x284</run_address>
         <size>0x2f</size>
         <input_file_ref idref="fl-12"/>
      </object_component>
      <object_component id="oc-177">
         <name>.cinit</name>
         <load_address>0x2b3</load_address>
         <run_address>0x2b3</run_address>
         <size>0x2a</size>
         <input_file_ref idref="fl-23"/>
      </object_component>
      <object_component id="oc-17b">
         <name>.cinit</name>
         <load_address>0x2dd</load_address>
         <run_address>0x2dd</run_address>
         <size>0xa</size>
         <input_file_ref idref="fl-24"/>
      </object_component>
      <object_component id="oc-142">
         <name>.cinit</name>
         <load_address>0x2e7</load_address>
         <run_address>0x2e7</run_address>
         <size>0x8</size>
         <input_file_ref idref="fl-13"/>
      </object_component>
      <object_component id="oc-201">
         <name>.cinit:__lock</name>
         <load_address>0x2ef</load_address>
         <run_address>0x2ef</run_address>
         <size>0x5</size>
         <input_file_ref idref="fl-30"/>
      </object_component>
      <object_component id="oc-204">
         <name>.cinit:__unlock</name>
         <load_address>0x2f4</load_address>
         <run_address>0x2f4</run_address>
         <size>0x5</size>
         <input_file_ref idref="fl-30"/>
      </object_component>
      <object_component id="oc-12d">
         <name>.cinit</name>
         <load_address>0x2f9</load_address>
         <run_address>0x2f9</run_address>
         <size>0x5</size>
         <input_file_ref idref="fl-10"/>
      </object_component>
      <object_component id="oc-11a">
         <name>.cinit</name>
         <load_address>0x2fe</load_address>
         <run_address>0x2fe</run_address>
         <size>0x4</size>
         <input_file_ref idref="fl-d"/>
      </object_component>
      <object_component id="oc-1dc">
         <name>.cinit</name>
         <load_address>0x302</load_address>
         <run_address>0x302</run_address>
         <size>0x4</size>
         <input_file_ref idref="fl-36"/>
      </object_component>
      <object_component id="oc-1e3">
         <name>.cinit</name>
         <load_address>0x306</load_address>
         <run_address>0x306</run_address>
         <size>0x4</size>
         <input_file_ref idref="fl-37"/>
      </object_component>
      <object_component id="oc-171">
         <name>.reset</name>
         <load_address>0x3fffc0</load_address>
         <run_address>0x3fffc0</run_address>
         <size>0x2</size>
         <input_file_ref idref="fl-22"/>
      </object_component>
      <object_component id="oc-170">
         <name>.stack</name>
         <uninitialized>true</uninitialized>
         <run_address>0x400</run_address>
         <size>0x0</size>
         <input_file_ref idref="fl-22"/>
      </object_component>
      <object_component id="oc-2ae">
         <name>.stack</name>
         <uninitialized>true</uninitialized>
         <run_address>0x400</run_address>
         <size>0x0</size>
      </object_component>
      <object_component id="oc-85">
         <name>.ebss</name>
         <uninitialized>true</uninitialized>
         <run_address>0x13720</run_address>
         <size>0x18</size>
         <input_file_ref idref="fl-3"/>
      </object_component>
      <object_component id="oc-10f">
         <name>.ebss</name>
         <uninitialized>true</uninitialized>
         <run_address>0x135ba</run_address>
         <size>0x4</size>
         <input_file_ref idref="fl-b"/>
      </object_component>
      <object_component id="oc-11b">
         <name>.ebss</name>
         <uninitialized>true</uninitialized>
         <run_address>0x13740</run_address>
         <size>0x140</size>
         <input_file_ref idref="fl-d"/>
      </object_component>
      <object_component id="oc-127">
         <name>.ebss</name>
         <uninitialized>true</uninitialized>
         <run_address>0x13938</run_address>
         <size>0x2</size>
         <input_file_ref idref="fl-f"/>
      </object_component>
      <object_component id="oc-12e">
         <name>.ebss</name>
         <uninitialized>true</uninitialized>
         <run_address>0x1393a</run_address>
         <size>0x2</size>
         <input_file_ref idref="fl-10"/>
      </object_component>
      <object_component id="oc-13c">
         <name>.ebss</name>
         <uninitialized>true</uninitialized>
         <run_address>0x13940</run_address>
         <size>0x80</size>
         <input_file_ref idref="fl-12"/>
      </object_component>
      <object_component id="oc-143">
         <name>.ebss</name>
         <uninitialized>true</uninitialized>
         <run_address>0x135ac</run_address>
         <size>0xe</size>
         <input_file_ref idref="fl-13"/>
      </object_component>
      <object_component id="oc-15f">
         <name>.ebss</name>
         <uninitialized>true</uninitialized>
         <run_address>0x13908</run_address>
         <size>0x21</size>
         <input_file_ref idref="fl-19"/>
      </object_component>
      <object_component id="oc-178">
         <name>.ebss</name>
         <uninitialized>true</uninitialized>
         <run_address>0x135c0</run_address>
         <size>0x160</size>
         <input_file_ref idref="fl-23"/>
      </object_component>
      <object_component id="oc-17c">
         <name>.ebss</name>
         <uninitialized>true</uninitialized>
         <run_address>0x13932</run_address>
         <size>0x4</size>
         <input_file_ref idref="fl-24"/>
      </object_component>
      <object_component id="oc-18e">
         <name>.ebss</name>
         <uninitialized>true</uninitialized>
         <run_address>0x13880</run_address>
         <size>0x88</size>
         <input_file_ref idref="fl-27"/>
      </object_component>
      <object_component id="oc-1b2">
         <name>.ebss</name>
         <uninitialized>true</uninitialized>
         <run_address>0x13929</run_address>
         <size>0x8</size>
         <input_file_ref idref="fl-2e"/>
      </object_component>
      <object_component id="oc-203">
         <name>.ebss:__unlock</name>
         <uninitialized>true</uninitialized>
         <run_address>0x13936</run_address>
         <size>0x2</size>
         <input_file_ref idref="fl-30"/>
      </object_component>
      <object_component id="oc-200">
         <name>.ebss:__lock</name>
         <uninitialized>true</uninitialized>
         <run_address>0x135be</run_address>
         <size>0x2</size>
         <input_file_ref idref="fl-30"/>
      </object_component>
      <object_component id="oc-1dd">
         <name>.ebss</name>
         <uninitialized>true</uninitialized>
         <run_address>0x13931</run_address>
         <size>0x1</size>
         <input_file_ref idref="fl-36"/>
      </object_component>
      <object_component id="oc-1e5">
         <name>.ebss</name>
         <uninitialized>true</uninitialized>
         <run_address>0x13738</run_address>
         <size>0x8</size>
         <input_file_ref idref="fl-37"/>
      </object_component>
      <object_component id="oc-ff">
         <name>.econst</name>
         <load_address>0x13000</load_address>
         <run_address>0x13000</run_address>
         <size>0x1c0</size>
         <input_file_ref idref="fl-8"/>
      </object_component>
      <object_component id="oc-11c">
         <name>.econst:.string</name>
         <load_address>0x131c0</load_address>
         <run_address>0x131c0</run_address>
         <size>0x19a</size>
         <input_file_ref idref="fl-d"/>
      </object_component>
      <object_component id="oc-21d">
         <name>.econst:.string:_aucCRCHi</name>
         <load_address>0x1335a</load_address>
         <run_address>0x1335a</run_address>
         <size>0x100</size>
         <input_file_ref idref="fl-c"/>
      </object_component>
      <object_component id="oc-21e">
         <name>.econst:.string:_aucCRCLo</name>
         <load_address>0x1345a</load_address>
         <run_address>0x1345a</run_address>
         <size>0x100</size>
         <input_file_ref idref="fl-c"/>
      </object_component>
      <object_component id="oc-165">
         <name>.econst:.string</name>
         <load_address>0x1355a</load_address>
         <run_address>0x1355a</run_address>
         <size>0x4f</size>
         <input_file_ref idref="fl-1a"/>
      </object_component>
      <object_component id="oc-187">
         <name>.econst:.string</name>
         <load_address>0x135aa</load_address>
         <run_address>0x135aa</run_address>
         <size>0x2</size>
         <input_file_ref idref="fl-26"/>
      </object_component>
      <object_component id="oc-1e4">
         <name>.esysmem</name>
         <uninitialized>true</uninitialized>
         <run_address>0x12000</run_address>
         <size>0x1</size>
         <input_file_ref idref="fl-37"/>
      </object_component>
      <object_component id="oc-2af">
         <name>.esysmem</name>
         <uninitialized>true</uninitialized>
         <run_address>0x12000</run_address>
         <size>0x0</size>
      </object_component>
      <object_component id="oc-f2">
         <name>PieVectTableFile</name>
         <uninitialized>true</uninitialized>
         <run_address>0xd00</run_address>
         <size>0x1c0</size>
         <input_file_ref idref="fl-5"/>
      </object_component>
      <object_component id="oc-91">
         <name>EmuKeyVar</name>
         <uninitialized>true</uninitialized>
         <run_address>0xd00</run_address>
         <size>0x1</size>
         <input_file_ref idref="fl-5"/>
      </object_component>
      <object_component id="oc-92">
         <name>EmuBModeVar</name>
         <uninitialized>true</uninitialized>
         <run_address>0xd01</run_address>
         <size>0x1</size>
         <input_file_ref idref="fl-5"/>
      </object_component>
      <object_component id="oc-a9">
         <name>AdcaResultFile</name>
         <uninitialized>true</uninitialized>
         <run_address>0xb00</run_address>
         <size>0x18</size>
         <input_file_ref idref="fl-5"/>
      </object_component>
      <object_component id="oc-a8">
         <name>AdcbResultFile</name>
         <uninitialized>true</uninitialized>
         <run_address>0xb20</run_address>
         <size>0x18</size>
         <input_file_ref idref="fl-5"/>
      </object_component>
      <object_component id="oc-ab">
         <name>AdccResultFile</name>
         <uninitialized>true</uninitialized>
         <run_address>0xb40</run_address>
         <size>0x18</size>
         <input_file_ref idref="fl-5"/>
      </object_component>
      <object_component id="oc-aa">
         <name>AdcdResultFile</name>
         <uninitialized>true</uninitialized>
         <run_address>0xb60</run_address>
         <size>0x18</size>
         <input_file_ref idref="fl-5"/>
      </object_component>
      <object_component id="oc-da">
         <name>AdcaRegsFile</name>
         <uninitialized>true</uninitialized>
         <run_address>0x7400</run_address>
         <size>0x80</size>
         <input_file_ref idref="fl-5"/>
      </object_component>
      <object_component id="oc-d9">
         <name>AdcbRegsFile</name>
         <uninitialized>true</uninitialized>
         <run_address>0x7480</run_address>
         <size>0x80</size>
         <input_file_ref idref="fl-5"/>
      </object_component>
      <object_component id="oc-dc">
         <name>AdccRegsFile</name>
         <uninitialized>true</uninitialized>
         <run_address>0x7500</run_address>
         <size>0x80</size>
         <input_file_ref idref="fl-5"/>
      </object_component>
      <object_component id="oc-db">
         <name>AdcdRegsFile</name>
         <uninitialized>true</uninitialized>
         <run_address>0x7580</run_address>
         <size>0x80</size>
         <input_file_ref idref="fl-5"/>
      </object_component>
      <object_component id="oc-d6">
         <name>AnalogSubsysRegsFile</name>
         <uninitialized>true</uninitialized>
         <run_address>0x5d180</run_address>
         <size>0x48</size>
         <input_file_ref idref="fl-5"/>
      </object_component>
      <object_component id="oc-d0">
         <name>Cla1RegsFile</name>
         <uninitialized>true</uninitialized>
         <run_address>0x1400</run_address>
         <size>0x3e</size>
         <input_file_ref idref="fl-5"/>
      </object_component>
      <object_component id="oc-96">
         <name>Cla1SoftIntRegsFile</name>
         <uninitialized>true</uninitialized>
         <run_address>0xce0</run_address>
         <size>0x4</size>
         <input_file_ref idref="fl-5"/>
      </object_component>
      <object_component id="oc-bc">
         <name>Cmpss1RegsFile</name>
         <uninitialized>true</uninitialized>
         <run_address>0x5c80</run_address>
         <size>0x20</size>
         <input_file_ref idref="fl-5"/>
      </object_component>
      <object_component id="oc-bb">
         <name>Cmpss2RegsFile</name>
         <uninitialized>true</uninitialized>
         <run_address>0x5ca0</run_address>
         <size>0x20</size>
         <input_file_ref idref="fl-5"/>
      </object_component>
      <object_component id="oc-be">
         <name>Cmpss3RegsFile</name>
         <uninitialized>true</uninitialized>
         <run_address>0x5cc0</run_address>
         <size>0x20</size>
         <input_file_ref idref="fl-5"/>
      </object_component>
      <object_component id="oc-bd">
         <name>Cmpss4RegsFile</name>
         <uninitialized>true</uninitialized>
         <run_address>0x5ce0</run_address>
         <size>0x20</size>
         <input_file_ref idref="fl-5"/>
      </object_component>
      <object_component id="oc-bf">
         <name>Cmpss5RegsFile</name>
         <uninitialized>true</uninitialized>
         <run_address>0x5d00</run_address>
         <size>0x20</size>
         <input_file_ref idref="fl-5"/>
      </object_component>
      <object_component id="oc-b7">
         <name>Cmpss6RegsFile</name>
         <uninitialized>true</uninitialized>
         <run_address>0x5d20</run_address>
         <size>0x20</size>
         <input_file_ref idref="fl-5"/>
      </object_component>
      <object_component id="oc-b6">
         <name>Cmpss7RegsFile</name>
         <uninitialized>true</uninitialized>
         <run_address>0x5d40</run_address>
         <size>0x20</size>
         <input_file_ref idref="fl-5"/>
      </object_component>
      <object_component id="oc-b9">
         <name>Cmpss8RegsFile</name>
         <uninitialized>true</uninitialized>
         <run_address>0x5d60</run_address>
         <size>0x20</size>
         <input_file_ref idref="fl-5"/>
      </object_component>
      <object_component id="oc-9d">
         <name>CpuTimer0RegsFile</name>
         <uninitialized>true</uninitialized>
         <run_address>0xc00</run_address>
         <size>0x8</size>
         <input_file_ref idref="fl-5"/>
      </object_component>
      <object_component id="oc-9c">
         <name>CpuTimer1RegsFile</name>
         <uninitialized>true</uninitialized>
         <run_address>0xc08</run_address>
         <size>0x8</size>
         <input_file_ref idref="fl-5"/>
      </object_component>
      <object_component id="oc-9f">
         <name>CpuTimer2RegsFile</name>
         <uninitialized>true</uninitialized>
         <run_address>0xc10</run_address>
         <size>0x8</size>
         <input_file_ref idref="fl-5"/>
      </object_component>
      <object_component id="oc-99">
         <name>DacaRegsFile</name>
         <uninitialized>true</uninitialized>
         <run_address>0x5c00</run_address>
         <size>0x8</size>
         <input_file_ref idref="fl-5"/>
      </object_component>
      <object_component id="oc-9b">
         <name>DacbRegsFile</name>
         <uninitialized>true</uninitialized>
         <run_address>0x5c10</run_address>
         <size>0x8</size>
         <input_file_ref idref="fl-5"/>
      </object_component>
      <object_component id="oc-9e">
         <name>DaccRegsFile</name>
         <uninitialized>true</uninitialized>
         <run_address>0x5c20</run_address>
         <size>0x8</size>
         <input_file_ref idref="fl-5"/>
      </object_component>
      <object_component id="oc-c8">
         <name>DcsmZ1RegsFile</name>
         <uninitialized>true</uninitialized>
         <run_address>0x5f000</run_address>
         <size>0x24</size>
         <input_file_ref idref="fl-5"/>
      </object_component>
      <object_component id="oc-c7">
         <name>DcsmZ2RegsFile</name>
         <uninitialized>true</uninitialized>
         <run_address>0x5f040</run_address>
         <size>0x24</size>
         <input_file_ref idref="fl-5"/>
      </object_component>
      <object_component id="oc-9a">
         <name>DcsmCommonRegsFile</name>
         <uninitialized>true</uninitialized>
         <run_address>0x5f070</run_address>
         <size>0x8</size>
         <input_file_ref idref="fl-5"/>
      </object_component>
      <object_component id="oc-b8">
         <name>DcsmZ1OtpFile</name>
         <uninitialized>true</uninitialized>
         <run_address>0x78000</run_address>
         <size>0x20</size>
         <input_file_ref idref="fl-5"/>
      </object_component>
      <object_component id="oc-ba">
         <name>DcsmZ2OtpFile</name>
         <uninitialized>true</uninitialized>
         <run_address>0x78200</run_address>
         <size>0x20</size>
         <input_file_ref idref="fl-5"/>
      </object_component>
      <object_component id="oc-e1">
         <name>DmaRegsFile</name>
         <uninitialized>true</uninitialized>
         <run_address>0x1000</run_address>
         <size>0xe0</size>
         <input_file_ref idref="fl-5"/>
      </object_component>
      <object_component id="oc-ac">
         <name>DmaClaSrcSelRegsFile</name>
         <uninitialized>true</uninitialized>
         <run_address>0x7980</run_address>
         <size>0x1a</size>
         <input_file_ref idref="fl-5"/>
      </object_component>
      <object_component id="oc-c0">
         <name>ECap1RegsFile</name>
         <uninitialized>true</uninitialized>
         <run_address>0x5000</run_address>
         <size>0x20</size>
         <input_file_ref idref="fl-5"/>
      </object_component>
      <object_component id="oc-c1">
         <name>ECap2RegsFile</name>
         <uninitialized>true</uninitialized>
         <run_address>0x5020</run_address>
         <size>0x20</size>
         <input_file_ref idref="fl-5"/>
      </object_component>
      <object_component id="oc-b5">
         <name>ECap3RegsFile</name>
         <uninitialized>true</uninitialized>
         <run_address>0x5040</run_address>
         <size>0x20</size>
         <input_file_ref idref="fl-5"/>
      </object_component>
      <object_component id="oc-af">
         <name>ECap4RegsFile</name>
         <uninitialized>true</uninitialized>
         <run_address>0x5060</run_address>
         <size>0x20</size>
         <input_file_ref idref="fl-5"/>
      </object_component>
      <object_component id="oc-b0">
         <name>ECap5RegsFile</name>
         <uninitialized>true</uninitialized>
         <run_address>0x5080</run_address>
         <size>0x20</size>
         <input_file_ref idref="fl-5"/>
      </object_component>
      <object_component id="oc-ae">
         <name>ECap6RegsFile</name>
         <uninitialized>true</uninitialized>
         <run_address>0x50a0</run_address>
         <size>0x20</size>
         <input_file_ref idref="fl-5"/>
      </object_component>
      <object_component id="oc-d8">
         <name>Emif1RegsFile</name>
         <uninitialized>true</uninitialized>
         <run_address>0x47000</run_address>
         <size>0x70</size>
         <input_file_ref idref="fl-5"/>
      </object_component>
      <object_component id="oc-d7">
         <name>Emif2RegsFile</name>
         <uninitialized>true</uninitialized>
         <run_address>0x47800</run_address>
         <size>0x70</size>
         <input_file_ref idref="fl-5"/>
      </object_component>
      <object_component id="oc-e6">
         <name>EPwm1RegsFile</name>
         <uninitialized>true</uninitialized>
         <run_address>0x4000</run_address>
         <size>0x100</size>
         <input_file_ref idref="fl-5"/>
      </object_component>
      <object_component id="oc-e5">
         <name>EPwm2RegsFile</name>
         <uninitialized>true</uninitialized>
         <run_address>0x4100</run_address>
         <size>0x100</size>
         <input_file_ref idref="fl-5"/>
      </object_component>
      <object_component id="oc-e8">
         <name>EPwm3RegsFile</name>
         <uninitialized>true</uninitialized>
         <run_address>0x4200</run_address>
         <size>0x100</size>
         <input_file_ref idref="fl-5"/>
      </object_component>
      <object_component id="oc-e3">
         <name>EPwm4RegsFile</name>
         <uninitialized>true</uninitialized>
         <run_address>0x4300</run_address>
         <size>0x100</size>
         <input_file_ref idref="fl-5"/>
      </object_component>
      <object_component id="oc-e2">
         <name>EPwm5RegsFile</name>
         <uninitialized>true</uninitialized>
         <run_address>0x4400</run_address>
         <size>0x100</size>
         <input_file_ref idref="fl-5"/>
      </object_component>
      <object_component id="oc-e7">
         <name>EPwm6RegsFile</name>
         <uninitialized>true</uninitialized>
         <run_address>0x4500</run_address>
         <size>0x100</size>
         <input_file_ref idref="fl-5"/>
      </object_component>
      <object_component id="oc-e4">
         <name>EPwm7RegsFile</name>
         <uninitialized>true</uninitialized>
         <run_address>0x4600</run_address>
         <size>0x100</size>
         <input_file_ref idref="fl-5"/>
      </object_component>
      <object_component id="oc-ed">
         <name>EPwm8RegsFile</name>
         <uninitialized>true</uninitialized>
         <run_address>0x4700</run_address>
         <size>0x100</size>
         <input_file_ref idref="fl-5"/>
      </object_component>
      <object_component id="oc-eb">
         <name>EPwm9RegsFile</name>
         <uninitialized>true</uninitialized>
         <run_address>0x4800</run_address>
         <size>0x100</size>
         <input_file_ref idref="fl-5"/>
      </object_component>
      <object_component id="oc-ec">
         <name>EPwm10RegsFile</name>
         <uninitialized>true</uninitialized>
         <run_address>0x4900</run_address>
         <size>0x100</size>
         <input_file_ref idref="fl-5"/>
      </object_component>
      <object_component id="oc-e9">
         <name>EPwm11RegsFile</name>
         <uninitialized>true</uninitialized>
         <run_address>0x4a00</run_address>
         <size>0x100</size>
         <input_file_ref idref="fl-5"/>
      </object_component>
      <object_component id="oc-ea">
         <name>EPwm12RegsFile</name>
         <uninitialized>true</uninitialized>
         <run_address>0x4b00</run_address>
         <size>0x100</size>
         <input_file_ref idref="fl-5"/>
      </object_component>
      <object_component id="oc-d3">
         <name>EPwmXbarRegsFile</name>
         <uninitialized>true</uninitialized>
         <run_address>0x7a00</run_address>
         <size>0x40</size>
         <input_file_ref idref="fl-5"/>
      </object_component>
      <object_component id="oc-c2">
         <name>EQep1RegsFile</name>
         <uninitialized>true</uninitialized>
         <run_address>0x5100</run_address>
         <size>0x22</size>
         <input_file_ref idref="fl-5"/>
      </object_component>
      <object_component id="oc-c3">
         <name>EQep2RegsFile</name>
         <uninitialized>true</uninitialized>
         <run_address>0x5140</run_address>
         <size>0x22</size>
         <input_file_ref idref="fl-5"/>
      </object_component>
      <object_component id="oc-c6">
         <name>EQep3RegsFile</name>
         <uninitialized>true</uninitialized>
         <run_address>0x5180</run_address>
         <size>0x22</size>
         <input_file_ref idref="fl-5"/>
      </object_component>
      <object_component id="oc-f1">
         <name>Flash0CtrlRegsFile</name>
         <uninitialized>true</uninitialized>
         <run_address>0x5f800</run_address>
         <size>0x182</size>
         <input_file_ref idref="fl-5"/>
      </object_component>
      <object_component id="oc-cc">
         <name>Flash0EccRegsFile</name>
         <uninitialized>true</uninitialized>
         <run_address>0x5fb00</run_address>
         <size>0x28</size>
         <input_file_ref idref="fl-5"/>
      </object_component>
      <object_component id="oc-f0">
         <name>Flash1CtrlRegsFile</name>
         <uninitialized>true</uninitialized>
         <run_address>0x5fc00</run_address>
         <size>0x182</size>
         <input_file_ref idref="fl-5"/>
      </object_component>
      <object_component id="oc-cb">
         <name>Flash1EccRegsFile</name>
         <uninitialized>true</uninitialized>
         <run_address>0x5ff00</run_address>
         <size>0x28</size>
         <input_file_ref idref="fl-5"/>
      </object_component>
      <object_component id="oc-ef">
         <name>GpioCtrlRegsFile</name>
         <uninitialized>true</uninitialized>
         <run_address>0x7c00</run_address>
         <size>0x180</size>
         <input_file_ref idref="fl-5"/>
      </object_component>
      <object_component id="oc-ce">
         <name>GpioDataRegsFile</name>
         <uninitialized>true</uninitialized>
         <run_address>0x7f00</run_address>
         <size>0x30</size>
         <input_file_ref idref="fl-5"/>
      </object_component>
      <object_component id="oc-d4">
         <name>OutputXbarRegsFile</name>
         <uninitialized>true</uninitialized>
         <run_address>0x7a80</run_address>
         <size>0x40</size>
         <input_file_ref idref="fl-5"/>
      </object_component>
      <object_component id="oc-c5">
         <name>I2caRegsFile</name>
         <uninitialized>true</uninitialized>
         <run_address>0x7300</run_address>
         <size>0x22</size>
         <input_file_ref idref="fl-5"/>
      </object_component>
      <object_component id="oc-c4">
         <name>I2cbRegsFile</name>
         <uninitialized>true</uninitialized>
         <run_address>0x7340</run_address>
         <size>0x22</size>
         <input_file_ref idref="fl-5"/>
      </object_component>
      <object_component id="oc-b3">
         <name>InputXbarRegsFile</name>
         <uninitialized>true</uninitialized>
         <run_address>0x7900</run_address>
         <size>0x20</size>
         <input_file_ref idref="fl-5"/>
      </object_component>
      <object_component id="oc-b4">
         <name>XbarRegsFile</name>
         <uninitialized>true</uninitialized>
         <run_address>0x7920</run_address>
         <size>0x20</size>
         <input_file_ref idref="fl-5"/>
      </object_component>
      <object_component id="oc-94">
         <name>FlashPumpSemaphoreRegsFile</name>
         <uninitialized>true</uninitialized>
         <run_address>0x50024</run_address>
         <size>0x2</size>
         <input_file_ref idref="fl-5"/>
      </object_component>
      <object_component id="oc-93">
         <name>RomPrefetchRegsFile</name>
         <uninitialized>true</uninitialized>
         <run_address>0x5e608</run_address>
         <size>0x2</size>
         <input_file_ref idref="fl-5"/>
      </object_component>
      <object_component id="oc-df">
         <name>MemCfgRegsFile</name>
         <uninitialized>true</uninitialized>
         <run_address>0x5f400</run_address>
         <size>0x80</size>
         <input_file_ref idref="fl-5"/>
      </object_component>
      <object_component id="oc-b1">
         <name>Emif1ConfigRegsFile</name>
         <uninitialized>true</uninitialized>
         <run_address>0x5f480</run_address>
         <size>0x20</size>
         <input_file_ref idref="fl-5"/>
      </object_component>
      <object_component id="oc-b2">
         <name>Emif2ConfigRegsFile</name>
         <uninitialized>true</uninitialized>
         <run_address>0x5f4a0</run_address>
         <size>0x20</size>
         <input_file_ref idref="fl-5"/>
      </object_component>
      <object_component id="oc-d1">
         <name>AccessProtectionRegsFile</name>
         <uninitialized>true</uninitialized>
         <run_address>0x5f4c0</run_address>
         <size>0x40</size>
         <input_file_ref idref="fl-5"/>
      </object_component>
      <object_component id="oc-d2">
         <name>MemoryErrorRegsFile</name>
         <uninitialized>true</uninitialized>
         <run_address>0x5f500</run_address>
         <size>0x40</size>
         <input_file_ref idref="fl-5"/>
      </object_component>
      <object_component id="oc-95">
         <name>RomWaitStateRegsFile</name>
         <uninitialized>true</uninitialized>
         <run_address>0x5f540</run_address>
         <size>0x2</size>
         <input_file_ref idref="fl-5"/>
      </object_component>
      <object_component id="oc-ca">
         <name>McbspaRegsFile</name>
         <uninitialized>true</uninitialized>
         <run_address>0x6000</run_address>
         <size>0x24</size>
         <input_file_ref idref="fl-5"/>
      </object_component>
      <object_component id="oc-c9">
         <name>McbspbRegsFile</name>
         <uninitialized>true</uninitialized>
         <run_address>0x6040</run_address>
         <size>0x24</size>
         <input_file_ref idref="fl-5"/>
      </object_component>
      <object_component id="oc-d5">
         <name>UppRegsFile</name>
         <uninitialized>true</uninitialized>
         <run_address>0x6200</run_address>
         <size>0x48</size>
         <input_file_ref idref="fl-5"/>
      </object_component>
      <object_component id="oc-98">
         <name>NmiIntruptRegsFile</name>
         <uninitialized>true</uninitialized>
         <run_address>0x7060</run_address>
         <size>0x7</size>
         <input_file_ref idref="fl-5"/>
      </object_component>
      <object_component id="oc-ad">
         <name>PieCtrlRegsFile</name>
         <uninitialized>true</uninitialized>
         <run_address>0xce0</run_address>
         <size>0x1a</size>
         <input_file_ref idref="fl-5"/>
      </object_component>
      <object_component id="oc-a6">
         <name>SciaRegsFile</name>
         <uninitialized>true</uninitialized>
         <run_address>0x7200</run_address>
         <size>0x10</size>
         <input_file_ref idref="fl-5"/>
      </object_component>
      <object_component id="oc-a5">
         <name>ScibRegsFile</name>
         <uninitialized>true</uninitialized>
         <run_address>0x7210</run_address>
         <size>0x10</size>
         <input_file_ref idref="fl-5"/>
      </object_component>
      <object_component id="oc-a7">
         <name>ScicRegsFile</name>
         <uninitialized>true</uninitialized>
         <run_address>0x7220</run_address>
         <size>0x10</size>
         <input_file_ref idref="fl-5"/>
      </object_component>
      <object_component id="oc-a4">
         <name>ScidRegsFile</name>
         <uninitialized>true</uninitialized>
         <run_address>0x7230</run_address>
         <size>0x10</size>
         <input_file_ref idref="fl-5"/>
      </object_component>
      <object_component id="oc-dd">
         <name>Sdfm1RegsFile</name>
         <uninitialized>true</uninitialized>
         <run_address>0x5e00</run_address>
         <size>0x80</size>
         <input_file_ref idref="fl-5"/>
      </object_component>
      <object_component id="oc-de">
         <name>Sdfm2RegsFile</name>
         <uninitialized>true</uninitialized>
         <run_address>0x5e80</run_address>
         <size>0x80</size>
         <input_file_ref idref="fl-5"/>
      </object_component>
      <object_component id="oc-a1">
         <name>SpiaRegsFile</name>
         <uninitialized>true</uninitialized>
         <run_address>0x6100</run_address>
         <size>0x10</size>
         <input_file_ref idref="fl-5"/>
      </object_component>
      <object_component id="oc-a3">
         <name>SpibRegsFile</name>
         <uninitialized>true</uninitialized>
         <run_address>0x6110</run_address>
         <size>0x10</size>
         <input_file_ref idref="fl-5"/>
      </object_component>
      <object_component id="oc-a2">
         <name>SpicRegsFile</name>
         <uninitialized>true</uninitialized>
         <run_address>0x6120</run_address>
         <size>0x10</size>
         <input_file_ref idref="fl-5"/>
      </object_component>
      <object_component id="oc-ee">
         <name>DevCfgRegsFile</name>
         <uninitialized>true</uninitialized>
         <run_address>0x5d000</run_address>
         <size>0x12e</size>
         <input_file_ref idref="fl-5"/>
      </object_component>
      <object_component id="oc-cf">
         <name>ClkCfgRegsFile</name>
         <uninitialized>true</uninitialized>
         <run_address>0x5d200</run_address>
         <size>0x32</size>
         <input_file_ref idref="fl-5"/>
      </object_component>
      <object_component id="oc-e0">
         <name>CpuSysRegsFile</name>
         <uninitialized>true</uninitialized>
         <run_address>0x5d300</run_address>
         <size>0x82</size>
         <input_file_ref idref="fl-5"/>
      </object_component>
      <object_component id="oc-97">
         <name>SyncSocRegsFile</name>
         <uninitialized>true</uninitialized>
         <run_address>0x7940</run_address>
         <size>0x6</size>
         <input_file_ref idref="fl-5"/>
      </object_component>
      <object_component id="oc-cd">
         <name>WdRegsFile</name>
         <uninitialized>true</uninitialized>
         <run_address>0x7000</run_address>
         <size>0x2b</size>
         <input_file_ref idref="fl-5"/>
      </object_component>
      <object_component id="oc-a0">
         <name>XintRegsFile</name>
         <uninitialized>true</uninitialized>
         <run_address>0x7070</run_address>
         <size>0xb</size>
         <input_file_ref idref="fl-5"/>
      </object_component>
      <object_component id="oc-80">
         <name>.debug_info</name>
         <load_address>0x0</load_address>
         <run_address>0x0</run_address>
         <size>0x1eb</size>
         <input_file_ref idref="fl-2"/>
      </object_component>
      <object_component id="oc-84">
         <name>.debug_info</name>
         <load_address>0x1eb</load_address>
         <run_address>0x1eb</run_address>
         <size>0xaa1</size>
         <input_file_ref idref="fl-3"/>
      </object_component>
      <object_component id="oc-8a">
         <name>.debug_info</name>
         <load_address>0xc8c</load_address>
         <run_address>0xc8c</run_address>
         <size>0x7def</size>
         <input_file_ref idref="fl-4"/>
      </object_component>
      <object_component id="oc-90">
         <name>.debug_info</name>
         <load_address>0x8a7b</load_address>
         <run_address>0x8a7b</run_address>
         <size>0x4b10e</size>
         <input_file_ref idref="fl-5"/>
      </object_component>
      <object_component id="oc-f4">
         <name>.debug_info</name>
         <load_address>0x53b89</load_address>
         <run_address>0x53b89</run_address>
         <size>0x19029</size>
         <input_file_ref idref="fl-6"/>
      </object_component>
      <object_component id="oc-f9">
         <name>.debug_info</name>
         <load_address>0x6cbb2</load_address>
         <run_address>0x6cbb2</run_address>
         <size>0x36b7</size>
         <input_file_ref idref="fl-7"/>
      </object_component>
      <object_component id="oc-fe">
         <name>.debug_info</name>
         <load_address>0x70269</load_address>
         <run_address>0x70269</run_address>
         <size>0x67f8</size>
         <input_file_ref idref="fl-8"/>
      </object_component>
      <object_component id="oc-104">
         <name>.debug_info</name>
         <load_address>0x76a61</load_address>
         <run_address>0x76a61</run_address>
         <size>0xb492</size>
         <input_file_ref idref="fl-9"/>
      </object_component>
      <object_component id="oc-10a">
         <name>.debug_info</name>
         <load_address>0x81ef3</load_address>
         <run_address>0x81ef3</run_address>
         <size>0x173</size>
         <input_file_ref idref="fl-a"/>
      </object_component>
      <object_component id="oc-10e">
         <name>.debug_info</name>
         <load_address>0x82066</load_address>
         <run_address>0x82066</run_address>
         <size>0x14a64</size>
         <input_file_ref idref="fl-b"/>
      </object_component>
      <object_component id="oc-114">
         <name>.debug_info</name>
         <load_address>0x96aca</load_address>
         <run_address>0x96aca</run_address>
         <size>0x4e5</size>
         <input_file_ref idref="fl-c"/>
      </object_component>
      <object_component id="oc-119">
         <name>.debug_info</name>
         <load_address>0x96faf</load_address>
         <run_address>0x96faf</run_address>
         <size>0x123a</size>
         <input_file_ref idref="fl-d"/>
      </object_component>
      <object_component id="oc-121">
         <name>.debug_info</name>
         <load_address>0x981e9</load_address>
         <run_address>0x981e9</run_address>
         <size>0x69b4</size>
         <input_file_ref idref="fl-e"/>
      </object_component>
      <object_component id="oc-126">
         <name>.debug_info</name>
         <load_address>0x9eb9d</load_address>
         <run_address>0x9eb9d</run_address>
         <size>0x60d</size>
         <input_file_ref idref="fl-f"/>
      </object_component>
      <object_component id="oc-12c">
         <name>.debug_info</name>
         <load_address>0x9f1aa</load_address>
         <run_address>0x9f1aa</run_address>
         <size>0x48a8</size>
         <input_file_ref idref="fl-10"/>
      </object_component>
      <object_component id="oc-134">
         <name>.debug_info</name>
         <load_address>0xa3a52</load_address>
         <run_address>0xa3a52</run_address>
         <size>0x3c39</size>
         <input_file_ref idref="fl-11"/>
      </object_component>
      <object_component id="oc-13a">
         <name>.debug_info</name>
         <load_address>0xa768b</load_address>
         <run_address>0xa768b</run_address>
         <size>0x152a</size>
         <input_file_ref idref="fl-12"/>
      </object_component>
      <object_component id="oc-141">
         <name>.debug_info</name>
         <load_address>0xa8bb5</load_address>
         <run_address>0xa8bb5</run_address>
         <size>0xd97</size>
         <input_file_ref idref="fl-13"/>
      </object_component>
      <object_component id="oc-148">
         <name>.debug_info</name>
         <load_address>0xa994c</load_address>
         <run_address>0xa994c</run_address>
         <size>0xb2d</size>
         <input_file_ref idref="fl-14"/>
      </object_component>
      <object_component id="oc-14d">
         <name>.debug_info</name>
         <load_address>0xaa479</load_address>
         <run_address>0xaa479</run_address>
         <size>0x18e</size>
         <input_file_ref idref="fl-15"/>
      </object_component>
      <object_component id="oc-14f">
         <name>.debug_info</name>
         <load_address>0xaa607</load_address>
         <run_address>0xaa607</run_address>
         <size>0x789</size>
         <input_file_ref idref="fl-16"/>
      </object_component>
      <object_component id="oc-154">
         <name>.debug_info</name>
         <load_address>0xaad90</load_address>
         <run_address>0xaad90</run_address>
         <size>0xdb0</size>
         <input_file_ref idref="fl-17"/>
      </object_component>
      <object_component id="oc-159">
         <name>.debug_info</name>
         <load_address>0xabb40</load_address>
         <run_address>0xabb40</run_address>
         <size>0x760</size>
         <input_file_ref idref="fl-18"/>
      </object_component>
      <object_component id="oc-15e">
         <name>.debug_info</name>
         <load_address>0xac2a0</load_address>
         <run_address>0xac2a0</run_address>
         <size>0x8ae</size>
         <input_file_ref idref="fl-19"/>
      </object_component>
      <object_component id="oc-164">
         <name>.debug_info</name>
         <load_address>0xacb4e</load_address>
         <run_address>0xacb4e</run_address>
         <size>0x9bc</size>
         <input_file_ref idref="fl-1a"/>
      </object_component>
      <object_component id="oc-16a">
         <name>.debug_info</name>
         <load_address>0xad50a</load_address>
         <run_address>0xad50a</run_address>
         <size>0x627</size>
         <input_file_ref idref="fl-21"/>
      </object_component>
      <object_component id="oc-172">
         <name>.debug_info</name>
         <load_address>0xadb31</load_address>
         <run_address>0xadb31</run_address>
         <size>0x12a</size>
         <input_file_ref idref="fl-22"/>
      </object_component>
      <object_component id="oc-176">
         <name>.debug_info</name>
         <load_address>0xadc5b</load_address>
         <run_address>0xadc5b</run_address>
         <size>0x2cb</size>
         <input_file_ref idref="fl-23"/>
      </object_component>
      <object_component id="oc-17a">
         <name>.debug_info</name>
         <load_address>0xadf26</load_address>
         <run_address>0xadf26</run_address>
         <size>0x4d3</size>
         <input_file_ref idref="fl-24"/>
      </object_component>
      <object_component id="oc-181">
         <name>.debug_info</name>
         <load_address>0xae3f9</load_address>
         <run_address>0xae3f9</run_address>
         <size>0x654</size>
         <input_file_ref idref="fl-25"/>
      </object_component>
      <object_component id="oc-186">
         <name>.debug_info</name>
         <load_address>0xaea4d</load_address>
         <run_address>0xaea4d</run_address>
         <size>0x843</size>
         <input_file_ref idref="fl-26"/>
      </object_component>
      <object_component id="oc-18c">
         <name>.debug_info</name>
         <load_address>0xaf290</load_address>
         <run_address>0xaf290</run_address>
         <size>0x12c2</size>
         <input_file_ref idref="fl-27"/>
      </object_component>
      <object_component id="oc-193">
         <name>.debug_info</name>
         <load_address>0xb0552</load_address>
         <run_address>0xb0552</run_address>
         <size>0x50d</size>
         <input_file_ref idref="fl-28"/>
      </object_component>
      <object_component id="oc-198">
         <name>.debug_info</name>
         <load_address>0xb0a5f</load_address>
         <run_address>0xb0a5f</run_address>
         <size>0x46b</size>
         <input_file_ref idref="fl-29"/>
      </object_component>
      <object_component id="oc-19d">
         <name>.debug_info</name>
         <load_address>0xb0eca</load_address>
         <run_address>0xb0eca</run_address>
         <size>0x512</size>
         <input_file_ref idref="fl-2a"/>
      </object_component>
      <object_component id="oc-1a2">
         <name>.debug_info</name>
         <load_address>0xb13dc</load_address>
         <run_address>0xb13dc</run_address>
         <size>0x502</size>
         <input_file_ref idref="fl-2b"/>
      </object_component>
      <object_component id="oc-1a7">
         <name>.debug_info</name>
         <load_address>0xb18de</load_address>
         <run_address>0xb18de</run_address>
         <size>0x4cb</size>
         <input_file_ref idref="fl-2c"/>
      </object_component>
      <object_component id="oc-1ac">
         <name>.debug_info</name>
         <load_address>0xb1da9</load_address>
         <run_address>0xb1da9</run_address>
         <size>0x515</size>
         <input_file_ref idref="fl-2d"/>
      </object_component>
      <object_component id="oc-1b1">
         <name>.debug_info</name>
         <load_address>0xb22be</load_address>
         <run_address>0xb22be</run_address>
         <size>0xe5d</size>
         <input_file_ref idref="fl-2e"/>
      </object_component>
      <object_component id="oc-1b7">
         <name>.debug_info</name>
         <load_address>0xb311b</load_address>
         <run_address>0xb311b</run_address>
         <size>0x5d5</size>
         <input_file_ref idref="fl-2f"/>
      </object_component>
      <object_component id="oc-1bc">
         <name>.debug_info</name>
         <load_address>0xb36f0</load_address>
         <run_address>0xb36f0</run_address>
         <size>0x4fd</size>
         <input_file_ref idref="fl-30"/>
      </object_component>
      <object_component id="oc-1c1">
         <name>.debug_info</name>
         <load_address>0xb3bed</load_address>
         <run_address>0xb3bed</run_address>
         <size>0x5b6</size>
         <input_file_ref idref="fl-31"/>
      </object_component>
      <object_component id="oc-1c7">
         <name>.debug_info</name>
         <load_address>0xb41a3</load_address>
         <run_address>0xb41a3</run_address>
         <size>0x4ca</size>
         <input_file_ref idref="fl-32"/>
      </object_component>
      <object_component id="oc-1cc">
         <name>.debug_info</name>
         <load_address>0xb466d</load_address>
         <run_address>0xb466d</run_address>
         <size>0x5bf</size>
         <input_file_ref idref="fl-33"/>
      </object_component>
      <object_component id="oc-1d1">
         <name>.debug_info</name>
         <load_address>0xb4c2c</load_address>
         <run_address>0xb4c2c</run_address>
         <size>0x619</size>
         <input_file_ref idref="fl-34"/>
      </object_component>
      <object_component id="oc-1d6">
         <name>.debug_info</name>
         <load_address>0xb5245</load_address>
         <run_address>0xb5245</run_address>
         <size>0x4ec</size>
         <input_file_ref idref="fl-35"/>
      </object_component>
      <object_component id="oc-1db">
         <name>.debug_info</name>
         <load_address>0xb5731</load_address>
         <run_address>0xb5731</run_address>
         <size>0x955</size>
         <input_file_ref idref="fl-36"/>
      </object_component>
      <object_component id="oc-1e2">
         <name>.debug_info</name>
         <load_address>0xb6086</load_address>
         <run_address>0xb6086</run_address>
         <size>0xb1b</size>
         <input_file_ref idref="fl-37"/>
      </object_component>
      <object_component id="oc-1ea">
         <name>.debug_info</name>
         <load_address>0xb6ba1</load_address>
         <run_address>0xb6ba1</run_address>
         <size>0x6e8</size>
         <input_file_ref idref="fl-38"/>
      </object_component>
      <object_component id="oc-1ef">
         <name>.debug_info</name>
         <load_address>0xb7289</load_address>
         <run_address>0xb7289</run_address>
         <size>0x416</size>
         <input_file_ref idref="fl-39"/>
      </object_component>
      <object_component id="oc-2b5">
         <name>.debug_info</name>
         <load_address>0xb769f</load_address>
         <run_address>0xb769f</run_address>
         <size>0xaa</size>
      </object_component>
      <object_component id="oc-81">
         <name>.debug_line</name>
         <load_address>0x0</load_address>
         <run_address>0x0</run_address>
         <size>0xa2</size>
         <input_file_ref idref="fl-2"/>
      </object_component>
      <object_component id="oc-87">
         <name>.debug_line</name>
         <load_address>0xa2</load_address>
         <run_address>0xa2</run_address>
         <size>0xbd</size>
         <input_file_ref idref="fl-3"/>
      </object_component>
      <object_component id="oc-8d">
         <name>.debug_line</name>
         <load_address>0x15f</load_address>
         <run_address>0x15f</run_address>
         <size>0xd1d</size>
         <input_file_ref idref="fl-4"/>
      </object_component>
      <object_component id="oc-f6">
         <name>.debug_line</name>
         <load_address>0xe7c</load_address>
         <run_address>0xe7c</run_address>
         <size>0x2ae</size>
         <input_file_ref idref="fl-6"/>
      </object_component>
      <object_component id="oc-fb">
         <name>.debug_line</name>
         <load_address>0x112a</load_address>
         <run_address>0x112a</run_address>
         <size>0xc7</size>
         <input_file_ref idref="fl-7"/>
      </object_component>
      <object_component id="oc-101">
         <name>.debug_line</name>
         <load_address>0x11f1</load_address>
         <run_address>0x11f1</run_address>
         <size>0xab</size>
         <input_file_ref idref="fl-8"/>
      </object_component>
      <object_component id="oc-106">
         <name>.debug_line</name>
         <load_address>0x129c</load_address>
         <run_address>0x129c</run_address>
         <size>0x466</size>
         <input_file_ref idref="fl-9"/>
      </object_component>
      <object_component id="oc-10b">
         <name>.debug_line</name>
         <load_address>0x1702</load_address>
         <run_address>0x1702</run_address>
         <size>0x89</size>
         <input_file_ref idref="fl-a"/>
      </object_component>
      <object_component id="oc-111">
         <name>.debug_line</name>
         <load_address>0x178b</load_address>
         <run_address>0x178b</run_address>
         <size>0x7e</size>
         <input_file_ref idref="fl-b"/>
      </object_component>
      <object_component id="oc-116">
         <name>.debug_line</name>
         <load_address>0x1809</load_address>
         <run_address>0x1809</run_address>
         <size>0x5c</size>
         <input_file_ref idref="fl-c"/>
      </object_component>
      <object_component id="oc-11e">
         <name>.debug_line</name>
         <load_address>0x1865</load_address>
         <run_address>0x1865</run_address>
         <size>0x1f4</size>
         <input_file_ref idref="fl-d"/>
      </object_component>
      <object_component id="oc-123">
         <name>.debug_line</name>
         <load_address>0x1a59</load_address>
         <run_address>0x1a59</run_address>
         <size>0x12a</size>
         <input_file_ref idref="fl-e"/>
      </object_component>
      <object_component id="oc-129">
         <name>.debug_line</name>
         <load_address>0x1b83</load_address>
         <run_address>0x1b83</run_address>
         <size>0x8b</size>
         <input_file_ref idref="fl-f"/>
      </object_component>
      <object_component id="oc-131">
         <name>.debug_line</name>
         <load_address>0x1c0e</load_address>
         <run_address>0x1c0e</run_address>
         <size>0xf9</size>
         <input_file_ref idref="fl-10"/>
      </object_component>
      <object_component id="oc-137">
         <name>.debug_line</name>
         <load_address>0x1d07</load_address>
         <run_address>0x1d07</run_address>
         <size>0xa4</size>
         <input_file_ref idref="fl-11"/>
      </object_component>
      <object_component id="oc-13e">
         <name>.debug_line</name>
         <load_address>0x1dab</load_address>
         <run_address>0x1dab</run_address>
         <size>0x20e</size>
         <input_file_ref idref="fl-12"/>
      </object_component>
      <object_component id="oc-145">
         <name>.debug_line</name>
         <load_address>0x1fb9</load_address>
         <run_address>0x1fb9</run_address>
         <size>0x14f</size>
         <input_file_ref idref="fl-13"/>
      </object_component>
      <object_component id="oc-14a">
         <name>.debug_line</name>
         <load_address>0x2108</load_address>
         <run_address>0x2108</run_address>
         <size>0x126</size>
         <input_file_ref idref="fl-14"/>
      </object_component>
      <object_component id="oc-151">
         <name>.debug_line</name>
         <load_address>0x222e</load_address>
         <run_address>0x222e</run_address>
         <size>0x92</size>
         <input_file_ref idref="fl-16"/>
      </object_component>
      <object_component id="oc-156">
         <name>.debug_line</name>
         <load_address>0x22c0</load_address>
         <run_address>0x22c0</run_address>
         <size>0x144</size>
         <input_file_ref idref="fl-17"/>
      </object_component>
      <object_component id="oc-15b">
         <name>.debug_line</name>
         <load_address>0x2404</load_address>
         <run_address>0x2404</run_address>
         <size>0x87</size>
         <input_file_ref idref="fl-18"/>
      </object_component>
      <object_component id="oc-161">
         <name>.debug_line</name>
         <load_address>0x248b</load_address>
         <run_address>0x248b</run_address>
         <size>0x8b</size>
         <input_file_ref idref="fl-19"/>
      </object_component>
      <object_component id="oc-167">
         <name>.debug_line</name>
         <load_address>0x2516</load_address>
         <run_address>0x2516</run_address>
         <size>0xae</size>
         <input_file_ref idref="fl-1a"/>
      </object_component>
      <object_component id="oc-16c">
         <name>.debug_line</name>
         <load_address>0x25c4</load_address>
         <run_address>0x25c4</run_address>
         <size>0x6b</size>
         <input_file_ref idref="fl-21"/>
      </object_component>
      <object_component id="oc-173">
         <name>.debug_line</name>
         <load_address>0x262f</load_address>
         <run_address>0x262f</run_address>
         <size>0x74</size>
         <input_file_ref idref="fl-22"/>
      </object_component>
      <object_component id="oc-17e">
         <name>.debug_line</name>
         <load_address>0x26a3</load_address>
         <run_address>0x26a3</run_address>
         <size>0x65</size>
         <input_file_ref idref="fl-24"/>
[...]
         <object_component_ref idref="oc-21c"/>
      </symbol>
      <symbol id="sm-4af">
         <name>_SciInit</name>
         <value>0x87bc</value>
         <object_component_ref idref="oc-21c"/>
      </symbol>
      <symbol id="sm-4b0">
         <name>_SciTxIsrSet</name>
         <value>0x8791</value>
         <object_component_ref idref="oc-21c"/>
      </symbol>
      <symbol id="sm-4b1">
         <name>_SciRxSet</name>
         <value>0x876a</value>
         <object_component_ref idref="oc-21c"/>
      </symbol>
      <symbol id="sm-4c3">
         <name>_xMBPortEventInit</name>
         <value>0x957a</value>
         <object_component_ref idref="oc-210"/>
      </symbol>
      <symbol id="sm-4c4">
         <name>_xMBPortEventGet</name>
         <value>0x9589</value>
         <object_component_ref idref="oc-210"/>
      </symbol>
      <symbol id="sm-4c5">
         <name>_xMBPortEventPost</name>
         <value>0x957f</value>
         <object_component_ref idref="oc-210"/>
      </symbol>
      <symbol id="sm-4de">
         <name>_xMBPortSerialPutByte</name>
         <value>0x932d</value>
         <object_component_ref idref="oc-214"/>
      </symbol>
      <symbol id="sm-4df">
         <name>_vMBPortSerialEnable</name>
         <value>0x92db</value>
         <object_component_ref idref="oc-214"/>
      </symbol>
      <symbol id="sm-4e0">
         <name>_sci_regs_ptr</name>
         <value>0x1393a</value>
         <object_component_ref idref="oc-12e"/>
      </symbol>
      <symbol id="sm-4e1">
         <name>_xMBPortSerialInit</name>
         <value>0x931d</value>
         <object_component_ref idref="oc-214"/>
      </symbol>
      <symbol id="sm-4e2">
         <name>_SciTxIsrHandler</name>
         <value>0x1d4</value>
         <object_component_ref idref="oc-12f"/>
      </symbol>
      <symbol id="sm-4e3">
         <name>_SciRxIsrHandler</name>
         <value>0x1a1</value>
         <object_component_ref idref="oc-12f"/>
      </symbol>
      <symbol id="sm-4e4">
         <name>_xMBPortSerialGetByte</name>
         <value>0x23f</value>
         <object_component_ref idref="oc-218"/>
      </symbol>
      <symbol id="sm-4f5">
         <name>_vMBPortTimersEnable</name>
         <value>0x248</value>
         <object_component_ref idref="oc-216"/>
      </symbol>
      <symbol id="sm-4f6">
         <name>_xMBPortTimersInit</name>
         <value>0x95e8</value>
         <object_component_ref idref="oc-215"/>
      </symbol>
      <symbol id="sm-4f7">
         <name>_vMBPortTimersDisable</name>
         <value>0x95fb</value>
         <object_component_ref idref="oc-215"/>
      </symbol>
      <symbol id="sm-4f8">
         <name>_CpuTimer0IsrHandler</name>
         <value>0x207</value>
         <object_component_ref idref="oc-135"/>
      </symbol>
      <symbol id="sm-541">
         <name>_eMBPoll</name>
         <value>0x8ad4</value>
         <object_component_ref idref="oc-207"/>
      </symbol>
      <symbol id="sm-542">
         <name>_pxMBFrameCBReceiveFSMCur</name>
         <value>0x13948</value>
         <object_component_ref idref="oc-13c"/>
      </symbol>
      <symbol id="sm-543">
         <name>_eMBRegisterCB</name>
         <value>0x8a2d</value>
         <object_component_ref idref="oc-207"/>
      </symbol>
      <symbol id="sm-544">
         <name>_pxMBPortCBTimerExpired</name>
         <value>0x1394a</value>
         <object_component_ref idref="oc-13c"/>
      </symbol>
      <symbol id="sm-545">
         <name>_pxMBFrameCBTransmitFSMCur</name>
         <value>0x13958</value>
         <object_component_ref idref="oc-13c"/>
      </symbol>
      <symbol id="sm-546">
         <name>_eMBClose</name>
         <value>0x8a9b</value>
         <object_component_ref idref="oc-207"/>
      </symbol>
      <symbol id="sm-547">
         <name>_eMBDisable</name>
         <value>0x8abe</value>
         <object_component_ref idref="oc-207"/>
      </symbol>
      <symbol id="sm-548">
         <name>_pxMBFrameCBByteReceived</name>
         <value>0x1395c</value>
         <object_component_ref idref="oc-13c"/>
      </symbol>
      <symbol id="sm-549">
         <name>_eMBEnable</name>
         <value>0x8aac</value>
         <object_component_ref idref="oc-207"/>
      </symbol>
      <symbol id="sm-54a">
         <name>_pxMBFrameCBTransmitterEmpty</name>
         <value>0x13956</value>
         <object_component_ref idref="oc-13c"/>
      </symbol>
      <symbol id="sm-54b">
         <name>_eMBInit</name>
         <value>0x89e2</value>
         <object_component_ref idref="oc-207"/>
      </symbol>
      <symbol id="sm-56b">
         <name>_eMBRegHoldingCB</name>
         <value>0x8ded</value>
         <object_component_ref idref="oc-1fd"/>
      </symbol>
      <symbol id="sm-56c">
         <name>_ModbusPoll</name>
         <value>0x8d97</value>
         <object_component_ref idref="oc-1fd"/>
      </symbol>
      <symbol id="sm-56d">
         <name>_eMBRegDiscreteCB</name>
         <value>0x8e4d</value>
         <object_component_ref idref="oc-1fd"/>
      </symbol>
      <symbol id="sm-56e">
         <name>_test_rx_from_master</name>
         <value>0x135af</value>
         <object_component_ref idref="oc-143"/>
      </symbol>
      <symbol id="sm-56f">
         <name>_eMBRegInputCB</name>
         <value>0x8db9</value>
         <object_component_ref idref="oc-1fd"/>
      </symbol>
      <symbol id="sm-570">
         <name>_eStatus</name>
         <value>0x135ad</value>
         <object_component_ref idref="oc-143"/>
      </symbol>
      <symbol id="sm-571">
         <name>_eMBRegCoilsCB</name>
         <value>0x8e45</value>
         <object_component_ref idref="oc-1fd"/>
      </symbol>
      <symbol id="sm-572">
         <name>_ModbusInit</name>
         <value>0x8d7b</value>
         <object_component_ref idref="oc-1fd"/>
      </symbol>
      <symbol id="sm-591">
         <name>_eMBFuncWriteCoil</name>
         <value>0x8ea5</value>
         <object_component_ref idref="oc-1f7"/>
      </symbol>
      <symbol id="sm-592">
         <name>_eMBFuncReadCoils</name>
         <value>0x8e54</value>
         <object_component_ref idref="oc-1f7"/>
      </symbol>
      <symbol id="sm-593">
         <name>_eMBFuncWriteMultipleCoils</name>
         <value>0x8eda</value>
         <object_component_ref idref="oc-1f7"/>
      </symbol>
      <symbol id="sm-5aa">
         <name>_eMBFuncReadDiscreteInputs</name>
         <value>0x9386</value>
         <object_component_ref idref="oc-1f8"/>
      </symbol>
      <symbol id="sm-5c4">
         <name>_eMBFuncWriteHoldingRegister</name>
         <value>0x8b5f</value>
         <object_component_ref idref="oc-1f6"/>
      </symbol>
      <symbol id="sm-5c5">
         <name>_eMBFuncWriteMultipleHoldingRegister</name>
         <value>0x8b82</value>
         <object_component_ref idref="oc-1f6"/>
      </symbol>
      <symbol id="sm-5c6">
         <name>_eMBFuncReadWriteMultipleHoldingRegister</name>
         <value>0x8c06</value>
         <object_component_ref idref="oc-1f6"/>
      </symbol>
      <symbol id="sm-5c7">
         <name>_eMBFuncReadHoldingRegister</name>
         <value>0x8bbf</value>
         <object_component_ref idref="oc-1f6"/>
      </symbol>
      <symbol id="sm-5d8">
         <name>_eMBFuncReadInputRegister</name>
         <value>0x9469</value>
         <object_component_ref idref="oc-1f5"/>
      </symbol>
      <symbol id="sm-5ed">
         <name>_eMBFuncReportSlaveID</name>
         <value>0x9453</value>
         <object_component_ref idref="oc-1f4"/>
      </symbol>
      <symbol id="sm-5ee">
         <name>_eMBSetSlaveID</name>
         <value>0x9420</value>
         <object_component_ref idref="oc-1f4"/>
      </symbol>
      <symbol id="sm-606">
         <name>_xMBUtilGetBits</name>
         <value>0x9164</value>
         <object_component_ref idref="oc-1fe"/>
      </symbol>
      <symbol id="sm-607">
         <name>_xMBUtilSetBits</name>
         <value>0x911e</value>
         <object_component_ref idref="oc-1fe"/>
      </symbol>
      <symbol id="sm-608">
         <name>_prveMBError2Exception</name>
         <value>0x9187</value>
         <object_component_ref idref="oc-1fe"/>
      </symbol>
      <symbol id="sm-618">
         <name>__abort_msg</name>
         <value>0x9601</value>
         <object_component_ref idref="oc-208"/>
      </symbol>
      <symbol id="sm-619">
         <name>__assert</name>
         <value>0x960e</value>
         <object_component_ref idref="oc-208"/>
      </symbol>
      <symbol id="sm-61a">
         <name>__nassert</name>
         <value>0x9600</value>
         <object_component_ref idref="oc-208"/>
      </symbol>
      <symbol id="sm-633">
         <name>_c_int00</name>
         <value>0x94b0</value>
         <object_component_ref idref="oc-16f"/>
      </symbol>
      <symbol id="sm-634">
         <name>__stack</name>
         <value>0x400</value>
         <object_component_ref idref="oc-170"/>
      </symbol>
      <symbol id="sm-640">
         <name>___TI_ft_end</name>
         <value>0x135c0</value>
         <object_component_ref idref="oc-178"/>
      </symbol>
      <symbol id="sm-641">
         <name>___TI_tmpnams</name>
         <value>0x13680</value>
         <object_component_ref idref="oc-178"/>
      </symbol>
      <symbol id="sm-642">
         <name>__ftable</name>
         <value>0x13600</value>
         <object_component_ref idref="oc-178"/>
      </symbol>
      <symbol id="sm-656">
         <name>C$$EXIT</name>
         <value>0x95cf</value>
         <object_component_ref idref="oc-1fa"/>
      </symbol>
      <symbol id="sm-657">
         <name>_exit</name>
         <value>0x95d1</value>
         <object_component_ref idref="oc-1fa"/>
      </symbol>
      <symbol id="sm-658">
         <name>___TI_cleanup_ptr</name>
         <value>0x13932</value>
         <object_component_ref idref="oc-17c"/>
      </symbol>
      <symbol id="sm-659">
         <name>_abort</name>
         <value>0x95cf</value>
         <object_component_ref idref="oc-1fa"/>
      </symbol>
      <symbol id="sm-65a">
         <name>___TI_dtors_ptr</name>
         <value>0x13934</value>
         <object_component_ref idref="oc-17c"/>
      </symbol>
      <symbol id="sm-671">
         <name>___TI_doflush</name>
         <value>0x919f</value>
         <object_component_ref idref="oc-212"/>
      </symbol>
      <symbol id="sm-672">
         <name>_fflush</name>
         <value>0x91cf</value>
         <object_component_ref idref="oc-212"/>
      </symbol>
      <symbol id="sm-690">
         <name>_puts</name>
         <value>0x8fc0</value>
         <object_component_ref idref="oc-211"/>
      </symbol>
      <symbol id="sm-691">
         <name>_fputs</name>
         <value>0x8f21</value>
         <object_component_ref idref="oc-211"/>
      </symbol>
      <symbol id="sm-6cc">
         <name>_add_device</name>
         <value>0x84e5</value>
         <object_component_ref idref="oc-21b"/>
      </symbol>
      <symbol id="sm-6cd">
         <name>_rename</name>
         <value>0x83c1</value>
         <object_component_ref idref="oc-21b"/>
      </symbol>
      <symbol id="sm-6ce">
         <name>_read</name>
         <value>0x8409</value>
         <object_component_ref idref="oc-21b"/>
      </symbol>
      <symbol id="sm-6cf">
         <name>_unlink</name>
         <value>0x83a8</value>
         <object_component_ref idref="oc-21b"/>
      </symbol>
      <symbol id="sm-6d0">
         <name>_remove_device</name>
         <value>0x83ef</value>
         <object_component_ref idref="oc-21b"/>
      </symbol>
      <symbol id="sm-6d1">
         <name>_open</name>
         <value>0x8424</value>
         <object_component_ref idref="oc-21b"/>
      </symbol>
      <symbol id="sm-6d2">
         <name>_lseek</name>
         <value>0x8496</value>
         <object_component_ref idref="oc-21b"/>
      </symbol>
      <symbol id="sm-6d3">
         <name>_close</name>
         <value>0x84b0</value>
         <object_component_ref idref="oc-21b"/>
      </symbol>
      <symbol id="sm-6d4">
         <name>_write</name>
         <value>0x833e</value>
         <object_component_ref idref="oc-21b"/>
      </symbol>
      <symbol id="sm-6e4">
         <name>_memchr</name>
         <value>0x9613</value>
         <object_component_ref idref="oc-21a"/>
      </symbol>
      <symbol id="sm-6f6">
         <name>_memcpy</name>
         <value>0x9598</value>
         <object_component_ref idref="oc-1fc"/>
      </symbol>
      <symbol id="sm-706">
         <name>_strchr</name>
         <value>0x9624</value>
         <object_component_ref idref="oc-222"/>
      </symbol>
      <symbol id="sm-715">
         <name>_strcmp</name>
         <value>0x9630</value>
         <object_component_ref idref="oc-221"/>
      </symbol>
      <symbol id="sm-723">
         <name>_strlen</name>
         <value>0x964b</value>
         <object_component_ref idref="oc-205"/>
      </symbol>
      <symbol id="sm-734">
         <name>_strncpy</name>
         <value>0x955b</value>
         <object_component_ref idref="oc-223"/>
      </symbol>
      <symbol id="sm-748">
         <name>_HOSTopen</name>
         <value>0x866a</value>
         <object_component_ref idref="oc-1fb"/>
      </symbol>
      <symbol id="sm-749">
         <name>_HOSTread</name>
         <value>0x862d</value>
         <object_component_ref idref="oc-1fb"/>
      </symbol>
      <symbol id="sm-74a">
         <name>_HOSTgetenv</name>
         <value>0x86ef</value>
         <object_component_ref idref="oc-1fb"/>
      </symbol>
      <symbol id="sm-74b">
         <name>_HOSTtime</name>
         <value>0x85c2</value>
         <object_component_ref idref="oc-1fb"/>
      </symbol>
      <symbol id="sm-74c">
         <name>_HOSTrename</name>
         <value>0x85ed</value>
         <object_component_ref idref="oc-1fb"/>
      </symbol>
      <symbol id="sm-74d">
         <name>_HOSTclock</name>
         <value>0x873f</value>
         <object_component_ref idref="oc-1fb"/>
      </symbol>
      <symbol id="sm-74e">
         <name>_HOSTwrite</name>
         <value>0x8564</value>
         <object_component_ref idref="oc-1fb"/>
      </symbol>
      <symbol id="sm-74f">
         <name>_HOSTlseek</name>
         <value>0x86a8</value>
         <object_component_ref idref="oc-1fb"/>
      </symbol>
      <symbol id="sm-750">
         <name>_HOSTunlink</name>
         <value>0x859a</value>
         <object_component_ref idref="oc-1fb"/>
      </symbol>
      <symbol id="sm-751">
         <name>_HOSTclose</name>
         <value>0x8717</value>
         <object_component_ref idref="oc-1fb"/>
      </symbol>
      <symbol id="sm-769">
         <name>___TI_rd_ok</name>
         <value>0x9250</value>
         <object_component_ref idref="oc-219"/>
      </symbol>
      <symbol id="sm-76a">
         <name>___TI_wrt_ok</name>
         <value>0x9215</value>
         <object_component_ref idref="oc-219"/>
      </symbol>
      <symbol id="sm-77f">
         <name>__unlock</name>
         <value>0x13936</value>
         <object_component_ref idref="oc-203"/>
      </symbol>
      <symbol id="sm-780">
         <name>__lock</name>
         <value>0x135be</value>
         <object_component_ref idref="oc-200"/>
      </symbol>
      <symbol id="sm-781">
         <name>__register_lock</name>
         <value>0x963e</value>
         <object_component_ref idref="oc-20d"/>
      </symbol>
      <symbol id="sm-782">
         <name>__nop</name>
         <value>0x9642</value>
         <object_component_ref idref="oc-20d"/>
      </symbol>
      <symbol id="sm-783">
         <name>__register_unlock</name>
         <value>0x963a</value>
         <object_component_ref idref="oc-20d"/>
      </symbol>
      <symbol id="sm-79d">
         <name>___TI_readmsg</name>
         <value>0x9058</value>
         <object_component_ref idref="oc-202"/>
      </symbol>
      <symbol id="sm-79e">
         <name>C$$IO$$</name>
         <value>0x9053</value>
         <object_component_ref idref="oc-202"/>
      </symbol>
      <symbol id="sm-79f">
         <name>__CIOBUF_</name>
         <value>0x500</value>
         <object_component_ref idref="oc-1c2"/>
      </symbol>
      <symbol id="sm-7a0">
         <name>___TI_writemsg</name>
         <value>0x9000</value>
         <object_component_ref idref="oc-202"/>
      </symbol>
      <symbol id="sm-7b0">
         <name>__args_main</name>
         <value>0x95b6</value>
         <object_component_ref idref="oc-1f9"/>
      </symbol>
      <symbol id="sm-7c1">
         <name>_fseek</name>
         <value>0x94f6</value>
         <object_component_ref idref="oc-21f"/>
      </symbol>
      <symbol id="sm-7d8">
         <name>_setvbuf</name>
         <value>0x9094</value>
         <object_component_ref idref="oc-220"/>
      </symbol>
      <symbol id="sm-7e6">
         <name>_strcpy</name>
         <value>0xb7f9</value>
         <object_component_ref idref="oc-206"/>
      </symbol>
      <symbol id="sm-81d">
         <name>_fopen</name>
         <value>0x8d61</value>
         <object_component_ref idref="oc-225"/>
      </symbol>
      <symbol id="sm-81e">
         <name>___TI_cleanup</name>
         <value>0x8cf1</value>
         <object_component_ref idref="oc-225"/>
      </symbol>
      <symbol id="sm-81f">
         <name>_freopen</name>
         <value>0x8d11</value>
         <object_component_ref idref="oc-225"/>
      </symbol>
      <symbol id="sm-867">
         <name>__sys_memory</name>
         <value>0x12000</value>
         <object_component_ref idref="oc-1e4"/>
      </symbol>
      <symbol id="sm-868">
         <name>_chkheap</name>
         <value>0x89c9</value>
         <object_component_ref idref="oc-224"/>
      </symbol>
      <symbol id="sm-869">
         <name>_realloc</name>
         <value>0x88cc</value>
         <object_component_ref idref="oc-224"/>
      </symbol>
      <symbol id="sm-86a">
         <name>_free_memory</name>
         <value>0x89ab</value>
         <object_component_ref idref="oc-224"/>
      </symbol>
      <symbol id="sm-86b">
         <name>_max_free</name>
         <value>0x8988</value>
         <object_component_ref idref="oc-224"/>
      </symbol>
      <symbol id="sm-86c">
         <name>_free</name>
         <value>0x8800</value>
         <object_component_ref idref="oc-224"/>
      </symbol>
      <symbol id="sm-86d">
         <name>_calloc</name>
         <value>0x89cb</value>
         <object_component_ref idref="oc-224"/>
      </symbol>
      <symbol id="sm-86e">
         <name>_malloc</name>
         <value>0x886b</value>
         <object_component_ref idref="oc-224"/>
      </symbol>
      <symbol id="sm-86f">
         <name>_minit</name>
         <value>0x8846</value>
         <object_component_ref idref="oc-224"/>
      </symbol>
      <symbol id="sm-881">
         <name>___TI_closefile</name>
         <value>0x927c</value>
         <object_component_ref idref="oc-226"/>
      </symbol>
      <symbol id="sm-882">
         <name>_fclose</name>
         <value>0x92c0</value>
         <object_component_ref idref="oc-226"/>
      </symbol>
      <symbol id="sm-88f">
         <name>_remove</name>
         <value>0x8ffb</value>
         <object_component_ref idref="oc-227"/>
      </symbol>
   </symbol_table>
   <title>Link successful</title>
</link_info>
