<?xml version="1.0"?>
<link_info>
   <banner>TMS320C2000 Linker PC v16.3.0.STS</banner>
   <copyright>Copyright (c) 1996-2015 Texas Instruments Incorporated</copyright>
   <link_time>0x5781549c</link_time>
   <link_errors>0x0</link_errors>
   <output_file>F28377_MODBUS.out</output_file>
   <entry_point>
      <name>code_start</name>
      <address>0x0</address>
   </entry_point>
   <input_file_list>
      <input_file id="fl-2">
         <path>.\</path>
         <kind>object</kind>
         <file>F2837xS_CodeStartBranch.obj</file>
         <name>F2837xS_CodeStartBranch.obj</name>
      </input_file>
      <input_file id="fl-3">
         <path>.\</path>
         <kind>object</kind>
         <file>F2837xS_CpuTimers.obj</file>
         <name>F2837xS_CpuTimers.obj</name>
      </input_file>
      <input_file id="fl-4">
         <path>.\</path>
         <kind>object</kind>
         <file>F2837xS_DefaultISR.obj</file>
         <name>F2837xS_DefaultISR.obj</name>
      </input_file>
      <input_file id="fl-5">
         <path>.\</path>
         <kind>object</kind>
         <file>F2837xS_GlobalVariableDefs.obj</file>
         <name>F2837xS_GlobalVariableDefs.obj</name>
      </input_file>
      <input_file id="fl-6">
         <path>.\</path>
         <kind>object</kind>
         <file>F2837xS_Gpio.obj</file>
         <name>F2837xS_Gpio.obj</name>
      </input_file>
      <input_file id="fl-7">
         <path>.\</path>
         <kind>object</kind>
         <file>F2837xS_PieCtrl.obj</file>
         <name>F2837xS_PieCtrl.obj</name>
      </input_file>
      <input_file id="fl-8">
         <path>.\</path>
         <kind>object</kind>
         <file>F2837xS_PieVect.obj</file>
         <name>F2837xS_PieVect.obj</name>
      </input_file>
      <input_file id="fl-9">
         <path>.\</path>
         <kind>object</kind>
         <file>F2837xS_SysCtrl.obj</file>
         <name>F2837xS_SysCtrl.obj</name>
      </input_file>
      <input_file id="fl-a">
         <path>.\</path>
         <kind>object</kind>
         <file>F2837xS_usDelay.obj</file>
         <name>F2837xS_usDelay.obj</name>
      </input_file>
      <input_file id="fl-b">
         <path>.\</path>
         <kind>object</kind>
         <file>main.obj</file>
         <name>main.obj</name>
      </input_file>
      <input_file id="fl-c">
         <path>.\Modbus\rtu\</path>
         <kind>object</kind>
         <file>mbcrc.obj</file>
         <name>mbcrc.obj</name>
      </input_file>
      <input_file id="fl-d">
         <path>.\Modbus\rtu\</path>
         <kind>object</kind>
         <file>mbrtu.obj</file>
         <name>mbrtu.obj</name>
      </input_file>
      <input_file id="fl-e">
         <path>.\Modbus\port\</path>
         <kind>object</kind>
         <file>hal_sci.obj</file>
         <name>hal_sci.obj</name>
      </input_file>
      <input_file id="fl-f">
         <path>.\Modbus\port\</path>
         <kind>object</kind>
         <file>portevent.obj</file>
         <name>portevent.obj</name>
      </input_file>
      <input_file id="fl-10">
         <path>.\Modbus\port\</path>
         <kind>object</kind>
         <file>portserial.obj</file>
         <name>portserial.obj</name>
      </input_file>
      <input_file id="fl-11">
         <path>.\Modbus\port\</path>
         <kind>object</kind>
         <file>porttimer.obj</file>
         <name>porttimer.obj</name>
      </input_file>
      <input_file id="fl-12">
         <path>.\Modbus\</path>
         <kind>object</kind>
         <file>mb.obj</file>
         <name>mb.obj</name>
      </input_file>
      <input_file id="fl-13">
         <path>.\Modbus\</path>
         <kind>object</kind>
         <file>mb_interface.obj</file>
         <name>mb_interface.obj</name>
      </input_file>
      <input_file id="fl-14">
         <path>.\Modbus\functions\</path>
         <kind>object</kind>
         <file>mbfunccoils.obj</file>
         <name>mbfunccoils.obj</name>
      </input_file>
      <input_file id="fl-15">
         <path>.\Modbus\functions\</path>
         <kind>object</kind>
         <file>mbfuncdiag.obj</file>
         <name>mbfuncdiag.obj</name>
      </input_file>
      <input_file id="fl-16">
         <path>.\Modbus\functions\</path>
         <kind>object</kind>
         <file>mbfuncdisc.obj</file>
         <name>mbfuncdisc.obj</name>
      </input_file>
      <input_file id="fl-17">
         <path>.\Modbus\functions\</path>
         <kind>object</kind>
         <file>mbfuncholding.obj</file>
         <name>mbfuncholding.obj</name>
      </input_file>
      <input_file id="fl-18">
         <path>.\Modbus\functions\</path>
         <kind>object</kind>
         <file>mbfuncinput.obj</file>
         <name>mbfuncinput.obj</name>
      </input_file>
      <input_file id="fl-19">
         <path>.\Modbus\functions\</path>
         <kind>object</kind>
         <file>mbfuncother.obj</file>
         <name>mbfuncother.obj</name>
      </input_file>
      <input_file id="fl-1a">
         <path>.\Modbus\functions\</path>
         <kind>object</kind>
         <file>mbutils.obj</file>
         <name>mbutils.obj</name>
      </input_file>
      <input_file id="fl-21">
         <path>C:\ti\ccsv6\tools\compiler\ti-cgt-c2000_16.3.0.STS\lib\</path>
         <kind>archive</kind>
         <file>rts2800_fpu32.lib</file>
         <name>assert.obj</name>
      </input_file>
      <input_file id="fl-22">
         <path>C:\ti\ccsv6\tools\compiler\ti-cgt-c2000_16.3.0.STS\lib\</path>
         <kind>archive</kind>
         <file>rts2800_fpu32.lib</file>
         <name>boot.obj</name>
      </input_file>
      <input_file id="fl-23">
         <path>C:\ti\ccsv6\tools\compiler\ti-cgt-c2000_16.3.0.STS\lib\</path>
         <kind>archive</kind>
         <file>rts2800_fpu32.lib</file>
         <name>cpy_tbl.obj</name>
      </input_file>
      <input_file id="fl-24">
         <path>C:\ti\ccsv6\tools\compiler\ti-cgt-c2000_16.3.0.STS\lib\</path>
         <kind>archive</kind>
         <file>rts2800_fpu32.lib</file>
         <name>cpy_utils.obj</name>
      </input_file>
      <input_file id="fl-25">
         <path>C:\ti\ccsv6\tools\compiler\ti-cgt-c2000_16.3.0.STS\lib\</path>
         <kind>archive</kind>
         <file>rts2800_fpu32.lib</file>
         <name>defs.obj</name>
      </input_file>
      <input_file id="fl-26">
         <path>C:\ti\ccsv6\tools\compiler\ti-cgt-c2000_16.3.0.STS\lib\</path>
         <kind>archive</kind>
         <file>rts2800_fpu32.lib</file>
         <name>exit.obj</name>
      </input_file>
      <input_file id="fl-27">
         <path>C:\ti\ccsv6\tools\compiler\ti-cgt-c2000_16.3.0.STS\lib\</path>
         <kind>archive</kind>
         <file>rts2800_fpu32.lib</file>
         <name>fflush.obj</name>
      </input_file>
      <input_file id="fl-28">
         <path>C:\ti\ccsv6\tools\compiler\ti-cgt-c2000_16.3.0.STS\lib\</path>
         <kind>archive</kind>
         <file>rts2800_fpu32.lib</file>
         <name>fputs.obj</name>
      </input_file>
      <input_file id="fl-29">
         <path>C:\ti\ccsv6\tools\compiler\ti-cgt-c2000_16.3.0.STS\lib\</path>
         <kind>archive</kind>
         <file>rts2800_fpu32.lib</file>
         <name>lowlev.obj</name>
      </input_file>
      <input_file id="fl-2a">
         <path>C:\ti\ccsv6\tools\compiler\ti-cgt-c2000_16.3.0.STS\lib\</path>
         <kind>archive</kind>
         <file>rts2800_fpu32.lib</file>
         <name>memchr.obj</name>
      </input_file>
      <input_file id="fl-2b">
         <path>C:\ti\ccsv6\tools\compiler\ti-cgt-c2000_16.3.0.STS\lib\</path>
         <kind>archive</kind>
         <file>rts2800_fpu32.lib</file>
         <name>memcpy.obj</name>
      </input_file>
      <input_file id="fl-2c">
         <path>C:\ti\ccsv6\tools\compiler\ti-cgt-c2000_16.3.0.STS\lib\</path>
         <kind>archive</kind>
         <file>rts2800_fpu32.lib</file>
         <name>pre_init.obj</name>
      </input_file>
      <input_file id="fl-2d">
         <path>C:\ti\ccsv6\tools\compiler\ti-cgt-c2000_16.3.0.STS\lib\</path>
         <kind>archive</kind>
         <file>rts2800_fpu32.lib</file>
         <name>startup.obj</name>
      </input_file>
      <input_file id="fl-2e">
         <path>C:\ti\ccsv6\tools\compiler\ti-cgt-c2000_16.3.0.STS\lib\</path>
         <kind>archive</kind>
         <file>rts2800_fpu32.lib</file>
         <name>strchr.obj</name>
      </input_file>
      <input_file id="fl-2f">
         <path>C:\ti\ccsv6\tools\compiler\ti-cgt-c2000_16.3.0.STS\lib\</path>
         <kind>archive</kind>
         <file>rts2800_fpu32.lib</file>
         <name>strcmp.obj</name>
      </input_file>
      <input_file id="fl-30">
         <path>C:\ti\ccsv6\tools\compiler\ti-cgt-c2000_16.3.0.STS\lib\</path>
         <kind>archive</kind>
         <file>rts2800_fpu32.lib</file>
         <name>strlen.obj</name>
      </input_file>
      <input_file id="fl-31">
         <path>C:\ti\ccsv6\tools\compiler\ti-cgt-c2000_16.3.0.STS\lib\</path>
         <kind>archive</kind>
         <file>rts2800_fpu32.lib</file>
         <name>strncpy.obj</name>
      </input_file>
      <input_file id="fl-32">
         <path>C:\ti\ccsv6\tools\compiler\ti-cgt-c2000_16.3.0.STS\lib\</path>
         <kind>archive</kind>
         <file>rts2800_fpu32.lib</file>
         <name>trgdrv.obj</name>
      </input_file>
      <input_file id="fl-33">
         <path>C:\ti\ccsv6\tools\compiler\ti-cgt-c2000_16.3.0.STS\lib\</path>
         <kind>archive</kind>
         <file>rts2800_fpu32.lib</file>
         <name>trgmsg.obj</name>
      </input_file>
      <input_file id="fl-34">
         <path>C:\ti\ccsv6\tools\compiler\ti-cgt-c2000_16.3.0.STS\lib\</path>
         <kind>archive</kind>
         <file>rts2800_fpu32.lib</file>
         <name>_io_perm.obj</name>
      </input_file>
      <input_file id="fl-35">
         <path>C:\ti\ccsv6\tools\compiler\ti-cgt-c2000_16.3.0.STS\lib\</path>
         <kind>archive</kind>
         <file>rts2800_fpu32.lib</file>
         <name>_lock.obj</name>
      </input_file>
      <input_file id="fl-36">
         <path>C:\ti\ccsv6\tools\compiler\ti-cgt-c2000_16.3.0.STS\lib\</path>
         <kind>archive</kind>
         <file>rts2800_fpu32.lib</file>
         <name>args_main.obj</name>
      </input_file>
      <input_file id="fl-37">
         <path>C:\ti\ccsv6\tools\compiler\ti-cgt-c2000_16.3.0.STS\lib\</path>
         <kind>archive</kind>
         <file>rts2800_fpu32.lib</file>
         <name>fseek.obj</name>
      </input_file>
      <input_file id="fl-38">
         <path>C:\ti\ccsv6\tools\compiler\ti-cgt-c2000_16.3.0.STS\lib\</path>
         <kind>archive</kind>
         <file>rts2800_fpu32.lib</file>
         <name>setvbuf.obj</name>
      </input_file>
      <input_file id="fl-39">
         <path>C:\ti\ccsv6\tools\compiler\ti-cgt-c2000_16.3.0.STS\lib\</path>
         <kind>archive</kind>
         <file>rts2800_fpu32.lib</file>
         <name>strcpy.obj</name>
      </input_file>
      <input_file id="fl-3a">
         <path>C:\ti\ccsv6\tools\compiler\ti-cgt-c2000_16.3.0.STS\lib\</path>
         <kind>archive</kind>
         <file>rts2800_fpu32.lib</file>
         <name>fopen.obj</name>
      </input_file>
      <input_file id="fl-3b">
         <path>C:\ti\ccsv6\tools\compiler\ti-cgt-c2000_16.3.0.STS\lib\</path>
         <kind>archive</kind>
         <file>rts2800_fpu32.lib</file>
         <name>memory.obj</name>
      </input_file>
      <input_file id="fl-3c">
         <path>C:\ti\ccsv6\tools\compiler\ti-cgt-c2000_16.3.0.STS\lib\</path>
         <kind>archive</kind>
         <file>rts2800_fpu32.lib</file>
         <name>fclose.obj</name>
      </input_file>
      <input_file id="fl-3d">
         <path>C:\ti\ccsv6\tools\compiler\ti-cgt-c2000_16.3.0.STS\lib\</path>
         <kind>archive</kind>
         <file>rts2800_fpu32.lib</file>
         <name>remove.obj</name>
      </input_file>
   </input_file_list>
   <object_component_list>
      <object_component id="oc-7f">
         <name>codestart</name>
         <load_address>0x0</load_address>
         <run_address>0x0</run_address>
         <size>0x2</size>
         <input_file_ref idref="fl-2"/>
      </object_component>
      <object_component id="oc-225">
         <name>ramfuncs</name>
         <load_address>0x122</load_address>
         <run_address>0x122</run_address>
         <size>0x7e</size>
         <input_file_ref idref="fl-d"/>
      </object_component>
      <object_component id="oc-12e">
         <name>ramfuncs:retain</name>
         <load_address>0x1a0</load_address>
         <run_address>0x1a0</run_address>
         <size>0x64</size>
         <input_file_ref idref="fl-10"/>
      </object_component>
      <object_component id="oc-134">
         <name>ramfuncs:retain</name>
         <load_address>0x204</load_address>
         <run_address>0x204</run_address>
         <size>0x37</size>
         <input_file_ref idref="fl-11"/>
      </object_component>
      <object_component id="oc-22f">
         <name>ramfuncs</name>
         <load_address>0x23b</load_address>
         <run_address>0x23b</run_address>
         <size>0xa</size>
         <input_file_ref idref="fl-10"/>
      </object_component>
      <object_component id="oc-22d">
         <name>ramfuncs</name>
         <load_address>0x245</load_address>
         <run_address>0x245</run_address>
         <size>0x7</size>
         <input_file_ref idref="fl-11"/>
      </object_component>
      <object_component id="oc-109">
         <name>ramfuncs</name>
         <load_address>0x24c</load_address>
         <run_address>0x24c</run_address>
         <size>0x4</size>
         <input_file_ref idref="fl-a"/>
      </object_component>
      <object_component id="oc-20a">
         <name>.text</name>
         <load_address>0x30e</load_address>
         <run_address>0x30e</run_address>
         <size>0xcb</size>
         <input_file_ref idref="fl-14"/>
      </object_component>
      <object_component id="oc-222">
         <name>.text</name>
         <load_address>0x3d9</load_address>
         <run_address>0x3d9</run_address>
         <size>0x26</size>
         <input_file_ref idref="fl-8"/>
      </object_component>
      <object_component id="oc-20e">
         <name>.text</name>
         <load_address>0x3ff</load_address>
         <run_address>0x3ff</run_address>
         <size>0x1</size>
         <input_file_ref idref="fl-2d"/>
      </object_component>
      <object_component id="oc-21f">
         <name>.text</name>
         <load_address>0x8000</load_address>
         <run_address>0x8000</run_address>
         <size>0x339</size>
         <input_file_ref idref="fl-9"/>
      </object_component>
      <object_component id="oc-211">
         <name>.text</name>
         <load_address>0x8339</load_address>
         <run_address>0x8339</run_address>
         <size>0x27c</size>
         <input_file_ref idref="fl-32"/>
      </object_component>
      <object_component id="oc-232">
         <name>.text</name>
         <load_address>0x85b5</load_address>
         <run_address>0x85b5</run_address>
         <size>0x21b</size>
         <input_file_ref idref="fl-29"/>
      </object_component>
      <object_component id="oc-210">
         <name>.text</name>
         <load_address>0x87d0</load_address>
         <run_address>0x87d0</run_address>
         <size>0x29</size>
         <input_file_ref idref="fl-26"/>
      </object_component>
      <object_component id="oc-21c">
         <name>.text</name>
         <load_address>0x87f9</load_address>
         <run_address>0x87f9</run_address>
         <size>0x5</size>
         <input_file_ref idref="fl-39"/>
      </object_component>
      <object_component id="oc-20c">
         <name>.text</name>
         <load_address>0x87fe</load_address>
         <run_address>0x87fe</run_address>
         <size>0x2</size>
         <input_file_ref idref="fl-2c"/>
      </object_component>
      <object_component id="oc-23b">
         <name>.text</name>
         <load_address>0x8800</load_address>
         <run_address>0x8800</run_address>
         <size>0x1d2</size>
         <input_file_ref idref="fl-3b"/>
      </object_component>
      <object_component id="oc-21d">
         <name>.text</name>
         <load_address>0x89d2</load_address>
         <run_address>0x89d2</run_address>
         <size>0x174</size>
         <input_file_ref idref="fl-12"/>
      </object_component>
      <object_component id="oc-209">
         <name>.text</name>
         <load_address>0x8b46</load_address>
         <run_address>0x8b46</run_address>
         <size>0x113</size>
         <input_file_ref idref="fl-17"/>
      </object_component>
      <object_component id="oc-23c">
         <name>.text</name>
         <load_address>0x8c59</load_address>
         <run_address>0x8c59</run_address>
         <size>0xf9</size>
         <input_file_ref idref="fl-3a"/>
      </object_component>
      <object_component id="oc-224">
         <name>.text</name>
         <load_address>0x8d52</load_address>
         <run_address>0x8d52</run_address>
         <size>0xf3</size>
         <input_file_ref idref="fl-d"/>
      </object_component>
      <object_component id="oc-213">
         <name>.text</name>
         <load_address>0x8e45</load_address>
         <run_address>0x8e45</run_address>
         <size>0xc5</size>
         <input_file_ref idref="fl-13"/>
      </object_component>
      <object_component id="oc-227">
         <name>.text</name>
         <load_address>0x8f0a</load_address>
         <run_address>0x8f0a</run_address>
         <size>0xb0</size>
         <input_file_ref idref="fl-28"/>
      </object_component>
      <object_component id="oc-208">
         <name>.text</name>
         <load_address>0x8fba</load_address>
         <run_address>0x8fba</run_address>
         <size>0x46</size>
         <input_file_ref idref="fl-18"/>
      </object_component>
      <object_component id="oc-233">
         <name>.text</name>
         <load_address>0x9000</load_address>
         <run_address>0x9000</run_address>
         <size>0x95</size>
         <input_file_ref idref="fl-e"/>
      </object_component>
      <object_component id="oc-218">
         <name>.text</name>
         <load_address>0x9096</load_address>
         <run_address>0x9096</run_address>
         <size>0x94</size>
         <input_file_ref idref="fl-33"/>
      </object_component>
      <object_component id="oc-237">
         <name>.text</name>
         <load_address>0x912a</load_address>
         <run_address>0x912a</run_address>
         <size>0x89</size>
         <input_file_ref idref="fl-38"/>
      </object_component>
      <object_component id="oc-214">
         <name>.text</name>
         <load_address>0x91b3</load_address>
         <run_address>0x91b3</run_address>
         <size>0x80</size>
         <input_file_ref idref="fl-1a"/>
      </object_component>
      <object_component id="oc-228">
         <name>.text</name>
         <load_address>0x9233</load_address>
         <run_address>0x9233</run_address>
         <size>0x73</size>
         <input_file_ref idref="fl-27"/>
      </object_component>
      <object_component id="oc-230">
         <name>.text</name>
         <load_address>0x92a6</load_address>
         <run_address>0x92a6</run_address>
         <size>0x67</size>
         <input_file_ref idref="fl-34"/>
      </object_component>
      <object_component id="oc-23d">
         <name>.text</name>
         <load_address>0x930d</load_address>
         <run_address>0x930d</run_address>
         <size>0x5f</size>
         <input_file_ref idref="fl-3c"/>
      </object_component>
      <object_component id="oc-22b">
         <name>.text</name>
         <load_address>0x936c</load_address>
         <run_address>0x936c</run_address>
         <size>0x5b</size>
         <input_file_ref idref="fl-10"/>
      </object_component>
      <object_component id="oc-16e">
         <name>.text</name>
         <load_address>0x93c7</load_address>
         <run_address>0x93c7</run_address>
         <size>0x56</size>
         <input_file_ref idref="fl-22"/>
      </object_component>
      <object_component id="oc-220">
         <name>.text</name>
         <load_address>0x941d</load_address>
         <run_address>0x941d</run_address>
         <size>0x50</size>
         <input_file_ref idref="fl-3"/>
      </object_component>
      <object_component id="oc-20b">
         <name>.text</name>
         <load_address>0x946d</load_address>
         <run_address>0x946d</run_address>
         <size>0x50</size>
         <input_file_ref idref="fl-16"/>
      </object_component>
      <object_component id="oc-215">
         <name>.text</name>
         <load_address>0x94bd</load_address>
         <run_address>0x94bd</run_address>
         <size>0x4a</size>
         <input_file_ref idref="fl-b"/>
      </object_component>
      <object_component id="oc-207">
         <name>.text</name>
         <load_address>0x9507</load_address>
         <run_address>0x9507</run_address>
         <size>0x48</size>
         <input_file_ref idref="fl-19"/>
      </object_component>
      <object_component id="oc-20d">
         <name>.text</name>
         <load_address>0x954f</load_address>
         <run_address>0x954f</run_address>
         <size>0x46</size>
         <input_file_ref idref="fl-23"/>
      </object_component>
      <object_component id="oc-236">
         <name>.text</name>
         <load_address>0x9595</load_address>
         <run_address>0x9595</run_address>
         <size>0x3d</size>
         <input_file_ref idref="fl-37"/>
      </object_component>
      <object_component id="oc-221">
         <name>.text</name>
         <load_address>0x95d2</load_address>
         <run_address>0x95d2</run_address>
         <size>0x28</size>
         <input_file_ref idref="fl-7"/>
      </object_component>
      <object_component id="oc-226">
         <name>.text</name>
         <load_address>0x95fa</load_address>
         <run_address>0x95fa</run_address>
         <size>0x1f</size>
         <input_file_ref idref="fl-f"/>
      </object_component>
      <object_component id="oc-212">
         <name>.text</name>
         <load_address>0x9619</load_address>
         <run_address>0x9619</run_address>
         <size>0x1e</size>
         <input_file_ref idref="fl-2b"/>
      </object_component>
      <object_component id="oc-23a">
         <name>.text</name>
         <load_address>0x9637</load_address>
         <run_address>0x9637</run_address>
         <size>0x1e</size>
         <input_file_ref idref="fl-31"/>
      </object_component>
      <object_component id="oc-17a">
         <name>.text</name>
         <load_address>0x9655</load_address>
         <run_address>0x9655</run_address>
         <size>0x1a</size>
         <input_file_ref idref="fl-24"/>
      </object_component>
      <object_component id="oc-20f">
         <name>.text</name>
         <load_address>0x966f</load_address>
         <run_address>0x966f</run_address>
         <size>0x19</size>
         <input_file_ref idref="fl-36"/>
      </object_component>
      <object_component id="oc-22c">
         <name>.text</name>
         <load_address>0x9688</load_address>
         <run_address>0x9688</run_address>
         <size>0x18</size>
         <input_file_ref idref="fl-11"/>
      </object_component>
      <object_component id="oc-21e">
         <name>.text</name>
         <load_address>0x96a0</load_address>
         <run_address>0x96a0</run_address>
         <size>0x13</size>
         <input_file_ref idref="fl-21"/>
      </object_component>
      <object_component id="oc-231">
         <name>.text</name>
         <load_address>0x96b3</load_address>
         <run_address>0x96b3</run_address>
         <size>0x11</size>
         <input_file_ref idref="fl-2a"/>
      </object_component>
      <object_component id="oc-238">
         <name>.text</name>
         <load_address>0x96c4</load_address>
         <run_address>0x96c4</run_address>
         <size>0xa</size>
         <input_file_ref idref="fl-2f"/>
      </object_component>
      <object_component id="oc-223">
         <name>.text</name>
         <load_address>0x96ce</load_address>
         <run_address>0x96ce</run_address>
         <size>0x9</size>
         <input_file_ref idref="fl-35"/>
      </object_component>
      <object_component id="oc-80">
         <name>.text</name>
         <load_address>0x96d7</load_address>
         <run_address>0x96d7</run_address>
         <size>0x8</size>
         <input_file_ref idref="fl-2"/>
      </object_component>
      <object_component id="oc-21b">
         <name>.text</name>
         <load_address>0x96df</load_address>
         <run_address>0x96df</run_address>
         <size>0x8</size>
         <input_file_ref idref="fl-30"/>
      </object_component>
      <object_component id="oc-23e">
         <name>.text</name>
         <load_address>0x96e7</load_address>
         <run_address>0x96e7</run_address>
         <size>0x3</size>
         <input_file_ref idref="fl-3d"/>
      </object_component>
      <object_component id="oc-8c">
         <name>.text:retain</name>
         <load_address>0xb000</load_address>
         <run_address>0xb000</run_address>
         <size>0x585</size>
         <input_file_ref idref="fl-4"/>
      </object_component>
      <object_component id="oc-229">
         <name>.text</name>
         <load_address>0xb585</load_address>
         <run_address>0xb585</run_address>
         <size>0x244</size>
         <input_file_ref idref="fl-6"/>
      </object_component>
      <object_component id="oc-22e">
         <name>.text</name>
         <load_address>0xb7c9</load_address>
         <run_address>0xb7c9</run_address>
         <size>0x2a</size>
         <input_file_ref idref="fl-c"/>
      </object_component>
      <object_component id="oc-239">
         <name>.text</name>
         <load_address>0xb7f3</load_address>
         <run_address>0xb7f3</run_address>
         <size>0xc</size>
         <input_file_ref idref="fl-2e"/>
      </object_component>
      <object_component id="oc-196">
         <name>.cinit</name>
         <load_address>0x250</load_address>
         <run_address>0x250</run_address>
         <size>0x31</size>
         <input_file_ref idref="fl-29"/>
      </object_component>
      <object_component id="oc-13a">
         <name>.cinit</name>
         <load_address>0x281</load_address>
         <run_address>0x281</run_address>
         <size>0x2f</size>
         <input_file_ref idref="fl-12"/>
      </object_component>
      <object_component id="oc-180">
         <name>.cinit</name>
         <load_address>0x2b0</load_address>
         <run_address>0x2b0</run_address>
         <size>0x2a</size>
         <input_file_ref idref="fl-25"/>
      </object_component>
      <object_component id="oc-184">
         <name>.cinit</name>
         <load_address>0x2da</load_address>
         <run_address>0x2da</run_address>
         <size>0xe</size>
         <input_file_ref idref="fl-26"/>
      </object_component>
      <object_component id="oc-141">
         <name>.cinit</name>
         <load_address>0x2e8</load_address>
         <run_address>0x2e8</run_address>
         <size>0x8</size>
         <input_file_ref idref="fl-13"/>
      </object_component>
      <object_component id="oc-217">
         <name>.cinit:__lock</name>
         <load_address>0x2f0</load_address>
         <run_address>0x2f0</run_address>
         <size>0x5</size>
         <input_file_ref idref="fl-35"/>
      </object_component>
      <object_component id="oc-21a">
         <name>.cinit:__unlock</name>
         <load_address>0x2f5</load_address>
         <run_address>0x2f5</run_address>
         <size>0x5</size>
         <input_file_ref idref="fl-35"/>
      </object_component>
      <object_component id="oc-12c">
         <name>.cinit</name>
         <load_address>0x2fa</load_address>
         <run_address>0x2fa</run_address>
         <size>0x5</size>
         <input_file_ref idref="fl-10"/>
      </object_component>
      <object_component id="oc-119">
         <name>.cinit</name>
         <load_address>0x2ff</load_address>
         <run_address>0x2ff</run_address>
         <size>0x4</size>
         <input_file_ref idref="fl-d"/>
      </object_component>
      <object_component id="oc-1ef">
         <name>.cinit</name>
         <load_address>0x303</load_address>
         <run_address>0x303</run_address>
         <size>0x4</size>
         <input_file_ref idref="fl-3a"/>
      </object_component>
      <object_component id="oc-1f6">
         <name>.cinit</name>
         <load_address>0x307</load_address>
         <run_address>0x307</run_address>
         <size>0x4</size>
         <input_file_ref idref="fl-3b"/>
      </object_component>
      <object_component id="oc-170">
         <name>.reset</name>
         <load_address>0x3fffc0</load_address>
         <run_address>0x3fffc0</run_address>
         <size>0x2</size>
         <input_file_ref idref="fl-22"/>
      </object_component>
      <object_component id="oc-16f">
         <name>.stack</name>
         <uninitialized>true</uninitialized>
         <run_address>0x400</run_address>
         <size>0x0</size>
         <input_file_ref idref="fl-22"/>
      </object_component>
      <object_component id="oc-2c8">
         <name>.stack</name>
         <uninitialized>true</uninitialized>
         <run_address>0x400</run_address>
         <size>0x0</size>
      </object_component>
      <object_component id="oc-86">
         <name>.ebss</name>
         <uninitialized>true</uninitialized>
         <run_address>0x11160</run_address>
         <size>0x18</size>
         <input_file_ref idref="fl-3"/>
      </object_component>
      <object_component id="oc-11a">
         <name>.ebss</name>
         <uninitialized>true</uninitialized>
         <run_address>0x11180</run_address>
         <size>0x140</size>
         <input_file_ref idref="fl-d"/>
      </object_component>
      <object_component id="oc-126">
         <name>.ebss</name>
         <uninitialized>true</uninitialized>
         <run_address>0x11406</run_address>
         <size>0x2</size>
         <input_file_ref idref="fl-f"/>
      </object_component>
      <object_component id="oc-12d">
         <name>.ebss</name>
         <uninitialized>true</uninitialized>
         <run_address>0x11408</run_address>
         <size>0x2</size>
         <input_file_ref idref="fl-10"/>
      </object_component>
      <object_component id="oc-13b">
         <name>.ebss</name>
         <uninitialized>true</uninitialized>
         <run_address>0x11380</run_address>
         <size>0x80</size>
         <input_file_ref idref="fl-12"/>
      </object_component>
      <object_component id="oc-142">
         <name>.ebss</name>
         <uninitialized>true</uninitialized>
         <run_address>0x11369</run_address>
         <size>0xa</size>
         <input_file_ref idref="fl-13"/>
      </object_component>
      <object_component id="oc-15e">
         <name>.ebss</name>
         <uninitialized>true</uninitialized>
         <run_address>0x11348</run_address>
         <size>0x21</size>
         <input_file_ref idref="fl-19"/>
      </object_component>
      <object_component id="oc-181">
         <name>.ebss</name>
         <uninitialized>true</uninitialized>
         <run_address>0x11000</run_address>
         <size>0x160</size>
         <input_file_ref idref="fl-25"/>
      </object_component>
      <object_component id="oc-185">
         <name>.ebss</name>
         <uninitialized>true</uninitialized>
         <run_address>0x11400</run_address>
         <size>0x6</size>
         <input_file_ref idref="fl-26"/>
      </object_component>
      <object_component id="oc-197">
         <name>.ebss</name>
         <uninitialized>true</uninitialized>
         <run_address>0x112c0</run_address>
         <size>0x88</size>
         <input_file_ref idref="fl-29"/>
      </object_component>
      <object_component id="oc-1c5">
         <name>.ebss</name>
         <uninitialized>true</uninitialized>
         <run_address>0x11373</run_address>
         <size>0x8</size>
         <input_file_ref idref="fl-32"/>
      </object_component>
      <object_component id="oc-219">
         <name>.ebss:__unlock</name>
         <uninitialized>true</uninitialized>
         <run_address>0x1137e</run_address>
         <size>0x2</size>
         <input_file_ref idref="fl-35"/>
      </object_component>
      <object_component id="oc-216">
         <name>.ebss:__lock</name>
         <uninitialized>true</uninitialized>
         <run_address>0x1137c</run_address>
         <size>0x2</size>
         <input_file_ref idref="fl-35"/>
      </object_component>
      <object_component id="oc-1f0">
         <name>.ebss</name>
         <uninitialized>true</uninitialized>
         <run_address>0x1137b</run_address>
         <size>0x1</size>
         <input_file_ref idref="fl-3a"/>
      </object_component>
      <object_component id="oc-1f8">
         <name>.ebss</name>
         <uninitialized>true</uninitialized>
         <run_address>0x11178</run_address>
         <size>0x8</size>
         <input_file_ref idref="fl-3b"/>
      </object_component>
      <object_component id="oc-22a">
         <name>.econst:_PieVectTableInit</name>
         <load_address>0xa800</load_address>
         <run_address>0xa800</run_address>
         <size>0x1c0</size>
         <input_file_ref idref="fl-8"/>
      </object_component>
      <object_component id="oc-11b">
         <name>.econst:.string</name>
         <load_address>0xa9c0</load_address>
         <run_address>0xa9c0</run_address>
         <size>0x19a</size>
         <input_file_ref idref="fl-d"/>
      </object_component>
      <object_component id="oc-234">
         <name>.econst:.string:_aucCRCHi</name>
         <load_address>0xab5a</load_address>
         <run_address>0xab5a</run_address>
         <size>0x100</size>
         <input_file_ref idref="fl-c"/>
      </object_component>
      <object_component id="oc-235">
         <name>.econst:.string:_aucCRCLo</name>
         <load_address>0xac5a</load_address>
         <run_address>0xac5a</run_address>
         <size>0x100</size>
         <input_file_ref idref="fl-c"/>
      </object_component>
      <object_component id="oc-164">
         <name>.econst:.string</name>
         <load_address>0xad5a</load_address>
         <run_address>0xad5a</run_address>
         <size>0x4f</size>
         <input_file_ref idref="fl-1a"/>
      </object_component>
      <object_component id="oc-190">
         <name>.econst:.string</name>
         <load_address>0xadaa</load_address>
         <run_address>0xadaa</run_address>
         <size>0x2</size>
         <input_file_ref idref="fl-28"/>
      </object_component>
      <object_component id="oc-1f7">
         <name>.esysmem</name>
         <uninitialized>true</uninitialized>
         <run_address>0x12000</run_address>
         <size>0x1</size>
         <input_file_ref idref="fl-3b"/>
      </object_component>
      <object_component id="oc-2c9">
         <name>.esysmem</name>
         <uninitialized>true</uninitialized>
         <run_address>0x12000</run_address>
         <size>0x0</size>
      </object_component>
      <object_component id="oc-f3">
         <name>PieVectTableFile</name>
         <uninitialized>true</uninitialized>
         <run_address>0xd00</run_address>
         <size>0x1c0</size>
         <input_file_ref idref="fl-5"/>
      </object_component>
      <object_component id="oc-92">
         <name>EmuKeyVar</name>
         <uninitialized>true</uninitialized>
         <run_address>0xd00</run_address>
         <size>0x1</size>
         <input_file_ref idref="fl-5"/>
      </object_component>
      <object_component id="oc-93">
         <name>EmuBModeVar</name>
         <uninitialized>true</uninitialized>
         <run_address>0xd01</run_address>
         <size>0x1</size>
         <input_file_ref idref="fl-5"/>
      </object_component>
      <object_component id="oc-aa">
         <name>AdcaResultFile</name>
         <uninitialized>true</uninitialized>
         <run_address>0xb00</run_address>
         <size>0x18</size>
         <input_file_ref idref="fl-5"/>
      </object_component>
      <object_component id="oc-a9">
         <name>AdcbResultFile</name>
         <uninitialized>true</uninitialized>
         <run_address>0xb20</run_address>
         <size>0x18</size>
         <input_file_ref idref="fl-5"/>
      </object_component>
      <object_component id="oc-ac">
         <name>AdccResultFile</name>
         <uninitialized>true</uninitialized>
         <run_address>0xb40</run_address>
         <size>0x18</size>
         <input_file_ref idref="fl-5"/>
      </object_component>
      <object_component id="oc-ab">
         <name>AdcdResultFile</name>
         <uninitialized>true</uninitialized>
         <run_address>0xb60</run_address>
         <size>0x18</size>
         <input_file_ref idref="fl-5"/>
      </object_component>
      <object_component id="oc-db">
         <name>AdcaRegsFile</name>
         <uninitialized>true</uninitialized>
         <run_address>0x7400</run_address>
         <size>0x80</size>
         <input_file_ref idref="fl-5"/>
      </object_component>
      <object_component id="oc-da">
         <name>AdcbRegsFile</name>
         <uninitialized>true</uninitialized>
         <run_address>0x7480</run_address>
         <size>0x80</size>
         <input_file_ref idref="fl-5"/>
      </object_component>
      <object_component id="oc-dd">
         <name>AdccRegsFile</name>
         <uninitialized>true</uninitialized>
         <run_address>0x7500</run_address>
         <size>0x80</size>
         <input_file_ref idref="fl-5"/>
      </object_component>
      <object_component id="oc-dc">
         <name>AdcdRegsFile</name>
         <uninitialized>true</uninitialized>
         <run_address>0x7580</run_address>
         <size>0x80</size>
         <input_file_ref idref="fl-5"/>
      </object_component>
      <object_component id="oc-d7">
         <name>AnalogSubsysRegsFile</name>
         <uninitialized>true</uninitialized>
         <run_address>0x5d180</run_address>
         <size>0x48</size>
         <input_file_ref idref="fl-5"/>
      </object_component>
      <object_component id="oc-d1">
         <name>Cla1RegsFile</name>
         <uninitialized>true</uninitialized>
         <run_address>0x1400</run_address>
         <size>0x3e</size>
         <input_file_ref idref="fl-5"/>
      </object_component>
      <object_component id="oc-97">
         <name>Cla1SoftIntRegsFile</name>
         <uninitialized>true</uninitialized>
         <run_address>0xce0</run_address>
         <size>0x4</size>
         <input_file_ref idref="fl-5"/>
      </object_component>
      <object_component id="oc-bd">
         <name>Cmpss1RegsFile</name>
         <uninitialized>true</uninitialized>
         <run_address>0x5c80</run_address>
         <size>0x20</size>
         <input_file_ref idref="fl-5"/>
      </object_component>
      <object_component id="oc-bc">
         <name>Cmpss2RegsFile</name>
         <uninitialized>true</uninitialized>
         <run_address>0x5ca0</run_address>
         <size>0x20</size>
         <input_file_ref idref="fl-5"/>
      </object_component>
      <object_component id="oc-bf">
         <name>Cmpss3RegsFile</name>
         <uninitialized>true</uninitialized>
         <run_address>0x5cc0</run_address>
         <size>0x20</size>
         <input_file_ref idref="fl-5"/>
      </object_component>
      <object_component id="oc-be">
         <name>Cmpss4RegsFile</name>
         <uninitialized>true</uninitialized>
         <run_address>0x5ce0</run_address>
         <size>0x20</size>
         <input_file_ref idref="fl-5"/>
      </object_component>
      <object_component id="oc-c0">
         <name>Cmpss5RegsFile</name>
         <uninitialized>true</uninitialized>
         <run_address>0x5d00</run_address>
         <size>0x20</size>
         <input_file_ref idref="fl-5"/>
      </object_component>
      <object_component id="oc-b8">
         <name>Cmpss6RegsFile</name>
         <uninitialized>true</uninitialized>
         <run_address>0x5d20</run_address>
         <size>0x20</size>
         <input_file_ref idref="fl-5"/>
      </object_component>
      <object_component id="oc-b7">
         <name>Cmpss7RegsFile</name>
         <uninitialized>true</uninitialized>
         <run_address>0x5d40</run_address>
         <size>0x20</size>
         <input_file_ref idref="fl-5"/>
      </object_component>
      <object_component id="oc-ba">
         <name>Cmpss8RegsFile</name>
         <uninitialized>true</uninitialized>
         <run_address>0x5d60</run_address>
         <size>0x20</size>
         <input_file_ref idref="fl-5"/>
      </object_component>
      <object_component id="oc-9e">
         <name>CpuTimer0RegsFile</name>
         <uninitialized>true</uninitialized>
         <run_address>0xc00</run_address>
         <size>0x8</size>
         <input_file_ref idref="fl-5"/>
      </object_component>
      <object_component id="oc-9d">
         <name>CpuTimer1RegsFile</name>
         <uninitialized>true</uninitialized>
         <run_address>0xc08</run_address>
         <size>0x8</size>
         <input_file_ref idref="fl-5"/>
      </object_component>
      <object_component id="oc-a0">
         <name>CpuTimer2RegsFile</name>
         <uninitialized>true</uninitialized>
         <run_address>0xc10</run_address>
         <size>0x8</size>
         <input_file_ref idref="fl-5"/>
      </object_component>
      <object_component id="oc-9a">
         <name>DacaRegsFile</name>
         <uninitialized>true</uninitialized>
         <run_address>0x5c00</run_address>
         <size>0x8</size>
         <input_file_ref idref="fl-5"/>
      </object_component>
      <object_component id="oc-9c">
         <name>DacbRegsFile</name>
         <uninitialized>true</uninitialized>
         <run_address>0x5c10</run_address>
         <size>0x8</size>
         <input_file_ref idref="fl-5"/>
      </object_component>
      <object_component id="oc-9f">
         <name>DaccRegsFile</name>
         <uninitialized>true</uninitialized>
         <run_address>0x5c20</run_address>
         <size>0x8</size>
         <input_file_ref idref="fl-5"/>
      </object_component>
      <object_component id="oc-c9">
         <name>DcsmZ1RegsFile</name>
         <uninitialized>true</uninitialized>
         <run_address>0x5f000</run_address>
         <size>0x24</size>
         <input_file_ref idref="fl-5"/>
      </object_component>
      <object_component id="oc-c8">
         <name>DcsmZ2RegsFile</name>
         <uninitialized>true</uninitialized>
         <run_address>0x5f040</run_address>
         <size>0x24</size>
         <input_file_ref idref="fl-5"/>
      </object_component>
      <object_component id="oc-9b">
         <name>DcsmCommonRegsFile</name>
         <uninitialized>true</uninitialized>
         <run_address>0x5f070</run_address>
         <size>0x8</size>
         <input_file_ref idref="fl-5"/>
      </object_component>
      <object_component id="oc-b9">
         <name>DcsmZ1OtpFile</name>
         <uninitialized>true</uninitialized>
         <run_address>0x78000</run_address>
         <size>0x20</size>
         <input_file_ref idref="fl-5"/>
      </object_component>
      <object_component id="oc-bb">
         <name>DcsmZ2OtpFile</name>
         <uninitialized>true</uninitialized>
         <run_address>0x78200</run_address>
         <size>0x20</size>
         <input_file_ref idref="fl-5"/>
      </object_component>
      <object_component id="oc-e2">
         <name>DmaRegsFile</name>
         <uninitialized>true</uninitialized>
         <run_address>0x1000</run_address>
         <size>0xe0</size>
         <input_file_ref idref="fl-5"/>
      </object_component>
      <object_component id="oc-ad">
         <name>DmaClaSrcSelRegsFile</name>
         <uninitialized>true</uninitialized>
         <run_address>0x7980</run_address>
         <size>0x1a</size>
         <input_file_ref idref="fl-5"/>
      </object_component>
      <object_component id="oc-c1">
         <name>ECap1RegsFile</name>
         <uninitialized>true</uninitialized>
         <run_address>0x5000</run_address>
         <size>0x20</size>
         <input_file_ref idref="fl-5"/>
      </object_component>
      <object_component id="oc-c2">
         <name>ECap2RegsFile</name>
         <uninitialized>true</uninitialized>
         <run_address>0x5020</run_address>
         <size>0x20</size>
         <input_file_ref idref="fl-5"/>
      </object_component>
      <object_component id="oc-b6">
         <name>ECap3RegsFile</name>
         <uninitialized>true</uninitialized>
         <run_address>0x5040</run_address>
         <size>0x20</size>
         <input_file_ref idref="fl-5"/>
      </object_component>
      <object_component id="oc-b0">
         <name>ECap4RegsFile</name>
         <uninitialized>true</uninitialized>
         <run_address>0x5060</run_address>
         <size>0x20</size>
         <input_file_ref idref="fl-5"/>
      </object_component>
      <object_component id="oc-b1">
         <name>ECap5RegsFile</name>
         <uninitialized>true</uninitialized>
         <run_address>0x5080</run_address>
         <size>0x20</size>
         <input_file_ref idref="fl-5"/>
      </object_component>
      <object_component id="oc-af">
         <name>ECap6RegsFile</name>
         <uninitialized>true</uninitialized>
         <run_address>0x50a0</run_address>
         <size>0x20</size>
         <input_file_ref idref="fl-5"/>
      </object_component>
      <object_component id="oc-d9">
         <name>Emif1RegsFile</name>
         <uninitialized>true</uninitialized>
         <run_address>0x47000</run_address>
         <size>0x70</size>
         <input_file_ref idref="fl-5"/>
      </object_component>
      <object_component id="oc-d8">
         <name>Emif2RegsFile</name>
         <uninitialized>true</uninitialized>
         <run_address>0x47800</run_address>
         <size>0x70</size>
         <input_file_ref idref="fl-5"/>
      </object_component>
      <object_component id="oc-e7">
         <name>EPwm1RegsFile</name>
         <uninitialized>true</uninitialized>
         <run_address>0x4000</run_address>
         <size>0x100</size>
         <input_file_ref idref="fl-5"/>
      </object_component>
      <object_component id="oc-e6">
         <name>EPwm2RegsFile</name>
         <uninitialized>true</uninitialized>
         <run_address>0x4100</run_address>
         <size>0x100</size>
         <input_file_ref idref="fl-5"/>
      </object_component>
      <object_component id="oc-e9">
         <name>EPwm3RegsFile</name>
         <uninitialized>true</uninitialized>
         <run_address>0x4200</run_address>
         <size>0x100</size>
         <input_file_ref idref="fl-5"/>
      </object_component>
      <object_component id="oc-e4">
         <name>EPwm4RegsFile</name>
         <uninitialized>true</uninitialized>
         <run_address>0x4300</run_address>
         <size>0x100</size>
         <input_file_ref idref="fl-5"/>
      </object_component>
      <object_component id="oc-e3">
         <name>EPwm5RegsFile</name>
         <uninitialized>true</uninitialized>
         <run_address>0x4400</run_address>
         <size>0x100</size>
         <input_file_ref idref="fl-5"/>
      </object_component>
      <object_component id="oc-e8">
         <name>EPwm6RegsFile</name>
         <uninitialized>true</uninitialized>
         <run_address>0x4500</run_address>
         <size>0x100</size>
         <input_file_ref idref="fl-5"/>
      </object_component>
      <object_component id="oc-e5">
         <name>EPwm7RegsFile</name>
         <uninitialized>true</uninitialized>
         <run_address>0x4600</run_address>
         <size>0x100</size>
         <input_file_ref idref="fl-5"/>
      </object_component>
      <object_component id="oc-ee">
         <name>EPwm8RegsFile</name>
         <uninitialized>true</uninitialized>
         <run_address>0x4700</run_address>
         <size>0x100</size>
         <input_file_ref idref="fl-5"/>
      </object_component>
      <object_component id="oc-ec">
         <name>EPwm9RegsFile</name>
         <uninitialized>true</uninitialized>
         <run_address>0x4800</run_address>
         <size>0x100</size>
         <input_file_ref idref="fl-5"/>
      </object_component>
      <object_component id="oc-ed">
         <name>EPwm10RegsFile</name>
         <uninitialized>true</uninitialized>
         <run_address>0x4900</run_address>
         <size>0x100</size>
         <input_file_ref idref="fl-5"/>
      </object_component>
      <object_component id="oc-ea">
         <name>EPwm11RegsFile</name>
         <uninitialized>true</uninitialized>
         <run_address>0x4a00</run_address>
         <size>0x100</size>
         <input_file_ref idref="fl-5"/>
      </object_component>
      <object_component id="oc-eb">
         <name>EPwm12RegsFile</name>
         <uninitialized>true</uninitialized>
         <run_address>0x4b00</run_address>
         <size>0x100</size>
         <input_file_ref idref="fl-5"/>
      </object_component>
      <object_component id="oc-d4">
         <name>EPwmXbarRegsFile</name>
         <uninitialized>true</uninitialized>
         <run_address>0x7a00</run_address>
         <size>0x40</size>
         <input_file_ref idref="fl-5"/>
      </object_component>
      <object_component id="oc-c3">
         <name>EQep1RegsFile</name>
         <uninitialized>true</uninitialized>
         <run_address>0x5100</run_address>
         <size>0x22</size>
         <input_file_ref idref="fl-5"/>
      </object_component>
      <object_component id="oc-c4">
         <name>EQep2RegsFile</name>
         <uninitialized>true</uninitialized>
         <run_address>0x5140</run_address>
         <size>0x22</size>
         <input_file_ref idref="fl-5"/>
      </object_component>
      <object_component id="oc-c7">
         <name>EQep3RegsFile</name>
         <uninitialized>true</uninitialized>
         <run_address>0x5180</run_address>
         <size>0x22</size>
         <input_file_ref idref="fl-5"/>
      </object_component>
      <object_component id="oc-f2">
         <name>Flash0CtrlRegsFile</name>
         <uninitialized>true</uninitialized>
         <run_address>0x5f800</run_address>
         <size>0x182</size>
         <input_file_ref idref="fl-5"/>
      </object_component>
      <object_component id="oc-cd">
         <name>Flash0EccRegsFile</name>
         <uninitialized>true</uninitialized>
         <run_address>0x5fb00</run_address>
         <size>0x28</size>
         <input_file_ref idref="fl-5"/>
      </object_component>
      <object_component id="oc-f1">
         <name>Flash1CtrlRegsFile</name>
         <uninitialized>true</uninitialized>
         <run_address>0x5fc00</run_address>
         <size>0x182</size>
         <input_file_ref idref="fl-5"/>
      </object_component>
      <object_component id="oc-cc">
         <name>Flash1EccRegsFile</name>
         <uninitialized>true</uninitialized>
         <run_address>0x5ff00</run_address>
         <size>0x28</size>
         <input_file_ref idref="fl-5"/>
      </object_component>
      <object_component id="oc-f0">
         <name>GpioCtrlRegsFile</name>
         <uninitialized>true</uninitialized>
         <run_address>0x7c00</run_address>
         <size>0x180</size>
         <input_file_ref idref="fl-5"/>
      </object_component>
      <object_component id="oc-cf">
         <name>GpioDataRegsFile</name>
         <uninitialized>true</uninitialized>
         <run_address>0x7f00</run_address>
         <size>0x30</size>
         <input_file_ref idref="fl-5"/>
      </object_component>
      <object_component id="oc-d5">
         <name>OutputXbarRegsFile</name>
         <uninitialized>true</uninitialized>
         <run_address>0x7a80</run_address>
         <size>0x40</size>
         <input_file_ref idref="fl-5"/>
      </object_component>
      <object_component id="oc-c6">
         <name>I2caRegsFile</name>
         <uninitialized>true</uninitialized>
         <run_address>0x7300</run_address>
         <size>0x22</size>
         <input_file_ref idref="fl-5"/>
      </object_component>
      <object_component id="oc-c5">
         <name>I2cbRegsFile</name>
         <uninitialized>true</uninitialized>
         <run_address>0x7340</run_address>
         <size>0x22</size>
         <input_file_ref idref="fl-5"/>
      </object_component>
      <object_component id="oc-b4">
         <name>InputXbarRegsFile</name>
         <uninitialized>true</uninitialized>
         <run_address>0x7900</run_address>
         <size>0x20</size>
         <input_file_ref idref="fl-5"/>
      </object_component>
      <object_component id="oc-b5">
         <name>XbarRegsFile</name>
         <uninitialized>true</uninitialized>
         <run_address>0x7920</run_address>
         <size>0x20</size>
         <input_file_ref idref="fl-5"/>
      </object_component>
      <object_component id="oc-95">
         <name>FlashPumpSemaphoreRegsFile</name>
         <uninitialized>true</uninitialized>
         <run_address>0x50024</run_address>
         <size>0x2</size>
         <input_file_ref idref="fl-5"/>
      </object_component>
      <object_component id="oc-94">
         <name>RomPrefetchRegsFile</name>
         <uninitialized>true</uninitialized>
         <run_address>0x5e608</run_address>
         <size>0x2</size>
         <input_file_ref idref="fl-5"/>
      </object_component>
      <object_component id="oc-e0">
         <name>MemCfgRegsFile</name>
         <uninitialized>true</uninitialized>
         <run_address>0x5f400</run_address>
         <size>0x80</size>
         <input_file_ref idref="fl-5"/>
      </object_component>
      <object_component id="oc-b2">
         <name>Emif1ConfigRegsFile</name>
         <uninitialized>true</uninitialized>
         <run_address>0x5f480</run_address>
         <size>0x20</size>
         <input_file_ref idref="fl-5"/>
      </object_component>
      <object_component id="oc-b3">
         <name>Emif2ConfigRegsFile</name>
         <uninitialized>true</uninitialized>
         <run_address>0x5f4a0</run_address>
         <size>0x20</size>
         <input_file_ref idref="fl-5"/>
      </object_component>
      <object_component id="oc-d2">
         <name>AccessProtectionRegsFile</name>
         <uninitialized>true</uninitialized>
         <run_address>0x5f4c0</run_address>
         <size>0x40</size>
         <input_file_ref idref="fl-5"/>
      </object_component>
      <object_component id="oc-d3">
         <name>MemoryErrorRegsFile</name>
         <uninitialized>true</uninitialized>
         <run_address>0x5f500</run_address>
         <size>0x40</size>
         <input_file_ref idref="fl-5"/>
      </object_component>
      <object_component id="oc-96">
         <name>RomWaitStateRegsFile</name>
         <uninitialized>true</uninitialized>
         <run_address>0x5f540</run_address>
         <size>0x2</size>
         <input_file_ref idref="fl-5"/>
      </object_component>
      <object_component id="oc-cb">
         <name>McbspaRegsFile</name>
         <uninitialized>true</uninitialized>
         <run_address>0x6000</run_address>
         <size>0x24</size>
         <input_file_ref idref="fl-5"/>
      </object_component>
      <object_component id="oc-ca">
         <name>McbspbRegsFile</name>
         <uninitialized>true</uninitialized>
         <run_address>0x6040</run_address>
         <size>0x24</size>
         <input_file_ref idref="fl-5"/>
      </object_component>
      <object_component id="oc-d6">
         <name>UppRegsFile</name>
         <uninitialized>true</uninitialized>
         <run_address>0x6200</run_address>
         <size>0x48</size>
         <input_file_ref idref="fl-5"/>
      </object_component>
      <object_component id="oc-99">
         <name>NmiIntruptRegsFile</name>
         <uninitialized>true</uninitialized>
         <run_address>0x7060</run_address>
         <size>0x7</size>
         <input_file_ref idref="fl-5"/>
      </object_component>
      <object_component id="oc-ae">
         <name>PieCtrlRegsFile</name>
         <uninitialized>true</uninitialized>
         <run_address>0xce0</run_address>
         <size>0x1a</size>
         <input_file_ref idref="fl-5"/>
      </object_component>
      <object_component id="oc-a7">
         <name>SciaRegsFile</name>
         <uninitialized>true</uninitialized>
         <run_address>0x7200</run_address>
         <size>0x10</size>
         <input_file_ref idref="fl-5"/>
      </object_component>
      <object_component id="oc-a6">
         <name>ScibRegsFile</name>
         <uninitialized>true</uninitialized>
         <run_address>0x7210</run_address>
         <size>0x10</size>
         <input_file_ref idref="fl-5"/>
      </object_component>
      <object_component id="oc-a8">
         <name>ScicRegsFile</name>
         <uninitialized>true</uninitialized>
         <run_address>0x7220</run_address>
         <size>0x10</size>
         <input_file_ref idref="fl-5"/>
      </object_component>
      <object_component id="oc-a5">
         <name>ScidRegsFile</name>
         <uninitialized>true</uninitialized>
         <run_address>0x7230</run_address>
         <size>0x10</size>
         <input_file_ref idref="fl-5"/>
      </object_component>
      <object_component id="oc-de">
         <name>Sdfm1RegsFile</name>
         <uninitialized>true</uninitialized>
         <run_address>0x5e00</run_address>
         <size>0x80</size>
         <input_file_ref idref="fl-5"/>
      </object_component>
      <object_component id="oc-df">
         <name>Sdfm2RegsFile</name>
         <uninitialized>true</uninitialized>
         <run_address>0x5e80</run_address>
         <size>0x80</size>
         <input_file_ref idref="fl-5"/>
      </object_component>
      <object_component id="oc-a2">
         <name>SpiaRegsFile</name>
         <uninitialized>true</uninitialized>
         <run_address>0x6100</run_address>
         <size>0x10</size>
         <input_file_ref idref="fl-5"/>
      </object_component>
      <object_component id="oc-a4">
         <name>SpibRegsFile</name>
         <uninitialized>true</uninitialized>
         <run_address>0x6110</run_address>
         <size>0x10</size>
         <input_file_ref idref="fl-5"/>
      </object_component>
      <object_component id="oc-a3">
         <name>SpicRegsFile</name>
         <uninitialized>true</uninitialized>
         <run_address>0x6120</run_address>
         <size>0x10</size>
         <input_file_ref idref="fl-5"/>
      </object_component>
      <object_component id="oc-ef">
         <name>DevCfgRegsFile</name>
         <uninitialized>true</uninitialized>
         <run_address>0x5d000</run_address>
         <size>0x12e</size>
         <input_file_ref idref="fl-5"/>
      </object_component>
      <object_component id="oc-d0">
         <name>ClkCfgRegsFile</name>
         <uninitialized>true</uninitialized>
         <run_address>0x5d200</run_address>
         <size>0x32</size>
         <input_file_ref idref="fl-5"/>
      </object_component>
      <object_component id="oc-e1">
         <name>CpuSysRegsFile</name>
         <uninitialized>true</uninitialized>
         <run_address>0x5d300</run_address>
         <size>0x82</size>
         <input_file_ref idref="fl-5"/>
      </object_component>
      <object_component id="oc-98">
         <name>SyncSocRegsFile</name>
         <uninitialized>true</uninitialized>
         <run_address>0x7940</run_address>
         <size>0x6</size>
         <input_file_ref idref="fl-5"/>
      </object_component>
      <object_component id="oc-ce">
         <name>WdRegsFile</name>
         <uninitialized>true</uninitialized>
         <run_address>0x7000</run_address>
         <size>0x2b</size>
         <input_file_ref idref="fl-5"/>
      </object_component>
      <object_component id="oc-a1">
         <name>XintRegsFile</name>
         <uninitialized>true</uninitialized>
         <run_address>0x7070</run_address>
         <size>0xb</size>
         <input_file_ref idref="fl-5"/>
      </object_component>
      <object_component id="oc-81">
         <name>.debug_info</name>
         <load_address>0x0</load_address>
         <run_address>0x0</run_address>
         <size>0x1e4</size>
         <input_file_ref idref="fl-2"/>
      </object_component>
      <object_component id="oc-85">
         <name>.debug_info</name>
         <load_address>0x1e4</load_address>
         <run_address>0x1e4</run_address>
         <size>0xa9e</size>
         <input_file_ref idref="fl-3"/>
      </object_component>
      <object_component id="oc-8b">
         <name>.debug_info</name>
         <load_address>0xc82</load_address>
         <run_address>0xc82</run_address>
         <size>0x7dec</size>
         <input_file_ref idref="fl-4"/>
      </object_component>
      <object_component id="oc-91">
         <name>.debug_info</name>
         <load_address>0x8a6e</load_address>
         <run_address>0x8a6e</run_address>
         <size>0x4b10b</size>
         <input_file_ref idref="fl-5"/>
      </object_component>
      <object_component id="oc-f5">
         <name>.debug_info</name>
         <load_address>0x53b79</load_address>
         <run_address>0x53b79</run_address>
         <size>0x19026</size>
         <input_file_ref idref="fl-6"/>
      </object_component>
      <object_component id="oc-fa">
         <name>.debug_info</name>
         <load_address>0x6cb9f</load_address>
         <run_address>0x6cb9f</run_address>
         <size>0x36b4</size>
         <input_file_ref idref="fl-7"/>
      </object_component>
      <object_component id="oc-ff">
         <name>.debug_info</name>
         <load_address>0x70253</load_address>
         <run_address>0x70253</run_address>
         <size>0x67f5</size>
         <input_file_ref idref="fl-8"/>
      </object_component>
      <object_component id="oc-104">
         <name>.debug_info</name>
         <load_address>0x76a48</load_address>
         <run_address>0x76a48</run_address>
         <size>0xbfa5</size>
         <input_file_ref idref="fl-9"/>
      </object_component>
      <object_component id="oc-10a">
         <name>.debug_info</name>
         <load_address>0x829ed</load_address>
         <run_address>0x829ed</run_address>
         <size>0x16c</size>
         <input_file_ref idref="fl-a"/>
      </object_component>
      <object_component id="oc-10e">
         <name>.debug_info</name>
         <load_address>0x82b59</load_address>
         <run_address>0x82b59</run_address>
         <size>0x14a2f</size>
         <input_file_ref idref="fl-b"/>
      </object_component>
      <object_component id="oc-113">
         <name>.debug_info</name>
         <load_address>0x97588</load_address>
         <run_address>0x97588</run_address>
         <size>0x4e2</size>
         <input_file_ref idref="fl-c"/>
      </object_component>
      <object_component id="oc-118">
         <name>.debug_info</name>
         <load_address>0x97a6a</load_address>
         <run_address>0x97a6a</run_address>
         <size>0x1237</size>
         <input_file_ref idref="fl-d"/>
      </object_component>
      <object_component id="oc-120">
         <name>.debug_info</name>
         <load_address>0x98ca1</load_address>
         <run_address>0x98ca1</run_address>
         <size>0x69b1</size>
         <input_file_ref idref="fl-e"/>
      </object_component>
      <object_component id="oc-125">
         <name>.debug_info</name>
         <load_address>0x9f652</load_address>
         <run_address>0x9f652</run_address>
         <size>0x60a</size>
         <input_file_ref idref="fl-f"/>
      </object_component>
      <object_component id="oc-12b">
         <name>.debug_info</name>
         <load_address>0x9fc5c</load_address>
         <run_address>0x9fc5c</run_address>
         <size>0x48a5</size>
         <input_file_ref idref="fl-10"/>
      </object_component>
      <object_component id="oc-133">
         <name>.debug_info</name>
         <load_address>0xa4501</load_address>
         <run_address>0xa4501</run_address>
         <size>0x3c36</size>
         <input_file_ref idref="fl-11"/>
      </object_component>
      <object_component id="oc-139">
         <name>.debug_info</name>
         <load_address>0xa8137</load_address>
         <run_address>0xa8137</run_address>
         <size>0x1527</size>
         <input_file_ref idref="fl-12"/>
      </object_component>
      <object_component id="oc-140">
         <name>.debug_info</name>
         <load_address>0xa965e</load_address>
         <run_address>0xa965e</run_address>
         <size>0xd4a</size>
         <input_file_ref idref="fl-13"/>
      </object_component>
      <object_component id="oc-147">
         <name>.debug_info</name>
         <load_address>0xaa3a8</load_address>
         <run_address>0xaa3a8</run_address>
         <size>0xb2a</size>
         <input_file_ref idref="fl-14"/>
      </object_component>
      <object_component id="oc-14c">
         <name>.debug_info</name>
         <load_address>0xaaed2</load_address>
         <run_address>0xaaed2</run_address>
         <size>0x18b</size>
         <input_file_ref idref="fl-15"/>
      </object_component>
      <object_component id="oc-14e">
         <name>.debug_info</name>
         <load_address>0xab05d</load_address>
         <run_address>0xab05d</run_address>
         <size>0x786</size>
         <input_file_ref idref="fl-16"/>
      </object_component>
      <object_component id="oc-153">
         <name>.debug_info</name>
         <load_address>0xab7e3</load_address>
         <run_address>0xab7e3</run_address>
         <size>0xdad</size>
         <input_file_ref idref="fl-17"/>
      </object_component>
      <object_component id="oc-158">
         <name>.debug_info</name>
         <load_address>0xac590</load_address>
         <run_address>0xac590</run_address>
         <size>0x75d</size>
         <input_file_ref idref="fl-18"/>
      </object_component>
      <object_component id="oc-15d">
         <name>.debug_info</name>
         <load_address>0xacced</load_address>
         <run_address>0xacced</run_address>
         <size>0x8ab</size>
         <input_file_ref idref="fl-19"/>
      </object_component>
      <object_component id="oc-163">
         <name>.debug_info</name>
         <load_address>0xad598</load_address>
         <run_address>0xad598</run_address>
         <size>0x9b9</size>
         <input_file_ref idref="fl-1a"/>
      </object_component>
      <object_component id="oc-169">
         <name>.debug_info</name>
         <load_address>0xadf51</load_address>
         <run_address>0xadf51</run_address>
         <size>0x646</size>
         <input_file_ref idref="fl-21"/>
      </object_component>
      <object_component id="oc-171">
         <name>.debug_info</name>
         <load_address>0xae597</load_address>
         <run_address>0xae597</run_address>
         <size>0x186</size>
         <input_file_ref idref="fl-22"/>
      </object_component>
      <object_component id="oc-175">
         <name>.debug_info</name>
         <load_address>0xae71d</load_address>
         <run_address>0xae71d</run_address>
         <size>0x642</size>
         <input_file_ref idref="fl-23"/>
      </object_component>
      <object_component id="oc-17b">
         <name>.debug_info</name>
         <load_address>0xaed5f</load_address>
         <run_address>0xaed5f</run_address>
         <size>0x12d</size>
         <input_file_ref idref="fl-24"/>
      </object_component>
      <object_component id="oc-17f">
         <name>.debug_info</name>
         <load_address>0xaee8c</load_address>
         <run_address>0xaee8c</run_address>
         <size>0x2ea</size>
         <input_file_ref idref="fl-25"/>
      </object_component>
      <object_component id="oc-183">
         <name>.debug_info</name>
         <load_address>0xaf176</load_address>
         <run_address>0xaf176</run_address>
         <size>0x5c6</size>
         <input_file_ref idref="fl-26"/>
      </object_component>
      <object_component id="oc-18a">
         <name>.debug_info</name>
         <load_address>0xaf73c</load_address>
         <run_address>0xaf73c</run_address>
         <size>0x673</size>
         <input_file_ref idref="fl-27"/>
      </object_component>
      <object_component id="oc-18f">
         <name>.debug_info</name>
         <load_address>0xafdaf</load_address>
         <run_address>0xafdaf</run_address>
         <size>0x862</size>
         <input_file_ref idref="fl-28"/>
      </object_component>
      <object_component id="oc-195">
         <name>.debug_info</name>
         <load_address>0xb0611</load_address>
         <run_address>0xb0611</run_address>
         <size>0x12e1</size>
         <input_file_ref idref="fl-29"/>
      </object_component>
      <object_component id="oc-19c">
         <name>.debug_info</name>
         <load_address>0xb18f2</load_address>
         <run_address>0xb18f2</run_address>
         <size>0x562</size>
         <input_file_ref idref="fl-2a"/>
      </object_component>
      <object_component id="oc-1a1">
         <name>.debug_info</name>
         <load_address>0xb1e54</load_address>
         <run_address>0xb1e54</run_address>
         <size>0x48a</size>
         <input_file_ref idref="fl-2b"/>
      </object_component>
      <object_component id="oc-1a6">
         <name>.debug_info</name>
         <load_address>0xb22de</load_address>
         <run_address>0xb22de</run_address>
         <size>0x3fd</size>
         <input_file_ref idref="fl-2c"/>
      </object_component>
      <object_component id="oc-1ab">
         <name>.debug_info</name>
         <load_address>0xb26db</load_address>
         <run_address>0xb26db</run_address>
         <size>0x3fa</size>
         <input_file_ref idref="fl-2d"/>
      </object_component>
      <object_component id="oc-1b0">
         <name>.debug_info</name>
         <load_address>0xb2ad5</load_address>
         <run_address>0xb2ad5</run_address>
         <size>0x567</size>
         <input_file_ref idref="fl-2e"/>
      </object_component>
      <object_component id="oc-1b5">
         <name>.debug_info</name>
         <load_address>0xb303c</load_address>
         <run_address>0xb303c</run_address>
         <size>0x557</size>
         <input_file_ref idref="fl-2f"/>
      </object_component>
      <object_component id="oc-1ba">
         <name>.debug_info</name>
         <load_address>0xb3593</load_address>
         <run_address>0xb3593</run_address>
         <size>0x520</size>
         <input_file_ref idref="fl-30"/>
      </object_component>
      <object_component id="oc-1bf">
         <name>.debug_info</name>
         <load_address>0xb3ab3</load_address>
         <run_address>0xb3ab3</run_address>
         <size>0x56a</size>
         <input_file_ref idref="fl-31"/>
      </object_component>
      <object_component id="oc-1c4">
         <name>.debug_info</name>
         <load_address>0xb401d</load_address>
         <run_address>0xb401d</run_address>
         <size>0xf37</size>
         <input_file_ref idref="fl-32"/>
      </object_component>
      <object_component id="oc-1ca">
         <name>.debug_info</name>
         <load_address>0xb4f54</load_address>
         <run_address>0xb4f54</run_address>
         <size>0x5e0</size>
         <input_file_ref idref="fl-33"/>
      </object_component>
      <object_component id="oc-1d0">
         <name>.debug_info</name>
         <load_address>0xb5534</load_address>
         <run_address>0xb5534</run_address>
         <size>0x5f4</size>
         <input_file_ref idref="fl-34"/>
      </object_component>
      <object_component id="oc-1d5">
         <name>.debug_info</name>
         <load_address>0xb5b28</load_address>
         <run_address>0xb5b28</run_address>
         <size>0x51c</size>
         <input_file_ref idref="fl-35"/>
      </object_component>
      <object_component id="oc-1da">
         <name>.debug_info</name>
         <load_address>0xb6044</load_address>
         <run_address>0xb6044</run_address>
         <size>0x4e9</size>
         <input_file_ref idref="fl-36"/>
      </object_component>
      <object_component id="oc-1df">
         <name>.debug_info</name>
         <load_address>0xb652d</load_address>
         <run_address>0xb652d</run_address>
         <size>0x5de</size>
         <input_file_ref idref="fl-37"/>
      </object_component>
      <object_component id="oc-1e4">
         <name>.debug_info</name>
         <load_address>0xb6b0b</load_address>
         <run_address>0xb6b0b</run_address>
         <size>0x638</size>
         <input_file_ref idref="fl-38"/>
      </object_component>
      <object_component id="oc-1e9">
         <name>.debug_info</name>
         <load_address>0xb7143</load_address>
         <run_address>0xb7143</run_address>
         <size>0x541</size>
         <input_file_ref idref="fl-39"/>
      </object_component>
      <object_component id="oc-1ee">
         <name>.debug_info</name>
         <load_address>0xb7684</load_address>
         <run_address>0xb7684</run_address>
         <size>0x8fb</size>
         <input_file_ref idref="fl-3a"/>
      </object_component>
      <object_component id="oc-1f5">
         <name>.debug_info</name>
         <load_address>0xb7f7f</load_address>
         <run_address>0xb7f7f</run_address>
         <size>0xb3a</size>
         <input_file_ref idref="fl-3b"/>
      </object_component>
      <object_component id="oc-1fd">
         <name>.debug_info</name>
         <load_address>0xb8ab9</load_address>
         <run_address>0xb8ab9</run_address>
         <size>0x707</size>
         <input_file_ref idref="fl-3c"/>
      </object_component>
      <object_component id="oc-202">
         <name>.debug_info</name>
         <load_address>0xb91c0</load_address>
         <run_address>0xb91c0</run_address>
         <size>0x435</size>
         <input_file_ref idref="fl-3d"/>
      </object_component>
      <object_component id="oc-2cf">
         <name>.debug_info</name>
         <load_address>0xb95f5</load_address>
         <run_address>0xb95f5</run_address>
         <size>0xa3</size>
      </object_component>
      <object_component id="oc-82">
         <name>.debug_line</name>
         <load_address>0x0</load_address>
         <run_address>0x0</run_address>
         <size>0xa2</size>
         <input_file_ref idref="fl-2"/>
      </object_component>
      <object_component id="oc-88">
         <name>.debug_line</name>
         <load_address>0xa2</load_address>
         <run_address>0xa2</run_address>
         <size>0xbd</size>
         <input_file_ref idref="fl-3"/>
      </object_component>
      <object_component id="oc-8e">
         <name>.debug_line</name>
         <load_address>0x15f</load_address>
         <run_address>0x15f</run_address>
         <size>0xd1d</size>
         <input_file_ref idref="fl-4"/>
      </object_component>
      <object_component id="oc-f7">
         <name>.debug_line</name>
         <load_address>0xe7c</load_address>
         <run_address>0xe7c</run_address>
         <size>0x2ae</size>
         <input_file_ref idref="fl-6"/>
      </object_component>
      <object_component id="oc-fc">
         <name>.debug_line</name>
         <load_address>0x112a</load_address>
         <run_address>0x112a</run_address>
         <size>0xc7</size>
         <input_file_ref idref="fl-7"/>
      </object_component>
      <object_component id="oc-101">
         <name>.debug_line</name>
         <load_address>0x11f1</load_address>
         <run_address>0x11f1</run_address>
         <size>0xab</size>
         <input_file_ref idref="fl-8"/>
      </object_component>
      <object_component id="oc-106">
         <name>.debug_line</name>
         <load_address>0x129c</load_address>
         <run_address>0x129c</run_address>
         <size>0x4a4</size>
         <input_file_ref idref="fl-9"/>
      </object_component>
      <object_component id="oc-10b">
         <name>.debug_line</name>
         <load_address>0x1740</load_address>
         <run_address>0x1740</run_address>
         <size>0x89</size>
         <input_file_ref idref="fl-a"/>
      </object_component>
      <object_component id="oc-110">
         <name>.debug_line</name>
         <load_address>0x17c9</load_address>
         <run_address>0x17c9</run_address>
         <size>0x7c</size>
         <input_file_ref idref="fl-b"/>
      </object_component>
      <object_component id="oc-115">
         <name>.debug_line</name>
         <load_address>0x1845</load_address>
         <run_address>0x1845</run_address>
         <size>0x5c</size>
         <input_file_ref idref="fl-c"/>
      </object_component>
      <object_component id="oc-11d">
         <name>.debug_line</name>
         <load_address>0x18a1</load_address>
         <run_address>0x18a1</run_address>
         <size>0x1f4</size>
         <input_file_ref idref="fl-d"/>
      </object_component>
      <object_component id="oc-122">
         <name>.debug_line</name>
         <load_address>0x1a95</load_address>
         <run_address>0x1a95</run_address>
         <size>0x12a</size>
         <input_file_ref idref="fl-e"/>
      </object_component>
      <object_component id="oc-128">
         <name>.debug_line</name>
         <load_address>0x1bbf</load_address>
         <run_address>0x1bbf</run_address>
         <size>0x8b</size>
         <input_file_ref idref="fl-f"/>
      </object_component>
      <object_component id="oc-130">
         <name>.debug_line</name>
         <load_address>0x1c4a</load_address>
         <run_address>0x1c4a</run_address>
         <size>0xf9</size>
         <input_file_ref idref="fl-10"/>
      </object_component>
      <object_component id="oc-136">
         <name>.debug_line</name>
         <load_address>0x1d43</load_address>
         <run_address>0x1d43</run_address>
         <size>0xa4</size>
         <input_file_ref idref="fl-11"/>
[...]
         <object_component_ref idref="oc-12d"/>
      </symbol>
      <symbol id="sm-4e4">
         <name>_xMBPortSerialInit</name>
         <value>0x93ae</value>
         <object_component_ref idref="oc-22b"/>
      </symbol>
      <symbol id="sm-4e5">
         <name>_SciTxIsrHandler</name>
         <value>0x1d2</value>
         <object_component_ref idref="oc-12e"/>
      </symbol>
      <symbol id="sm-4e6">
         <name>_SciRxIsrHandler</name>
         <value>0x1a0</value>
         <object_component_ref idref="oc-12e"/>
      </symbol>
      <symbol id="sm-4e7">
         <name>_xMBPortSerialGetByte</name>
         <value>0x23b</value>
         <object_component_ref idref="oc-22f"/>
      </symbol>
      <symbol id="sm-4f8">
         <name>_vMBPortTimersEnable</name>
         <value>0x245</value>
         <object_component_ref idref="oc-22d"/>
      </symbol>
      <symbol id="sm-4f9">
         <name>_xMBPortTimersInit</name>
         <value>0x9688</value>
         <object_component_ref idref="oc-22c"/>
      </symbol>
      <symbol id="sm-4fa">
         <name>_vMBPortTimersDisable</name>
         <value>0x969b</value>
         <object_component_ref idref="oc-22c"/>
      </symbol>
      <symbol id="sm-4fb">
         <name>_CpuTimer0IsrHandler</name>
         <value>0x204</value>
         <object_component_ref idref="oc-134"/>
      </symbol>
      <symbol id="sm-544">
         <name>_eMBPoll</name>
         <value>0x8abe</value>
         <object_component_ref idref="oc-21d"/>
      </symbol>
      <symbol id="sm-545">
         <name>_pxMBFrameCBReceiveFSMCur</name>
         <value>0x11388</value>
         <object_component_ref idref="oc-13b"/>
      </symbol>
      <symbol id="sm-546">
         <name>_eMBRegisterCB</name>
         <value>0x8a1c</value>
         <object_component_ref idref="oc-21d"/>
      </symbol>
      <symbol id="sm-547">
         <name>_pxMBPortCBTimerExpired</name>
         <value>0x1138a</value>
         <object_component_ref idref="oc-13b"/>
      </symbol>
      <symbol id="sm-548">
         <name>_pxMBFrameCBTransmitFSMCur</name>
         <value>0x11398</value>
         <object_component_ref idref="oc-13b"/>
      </symbol>
      <symbol id="sm-549">
         <name>_eMBClose</name>
         <value>0x8a85</value>
         <object_component_ref idref="oc-21d"/>
      </symbol>
      <symbol id="sm-54a">
         <name>_eMBDisable</name>
         <value>0x8aa8</value>
         <object_component_ref idref="oc-21d"/>
      </symbol>
      <symbol id="sm-54b">
         <name>_pxMBFrameCBByteReceived</name>
         <value>0x1139c</value>
         <object_component_ref idref="oc-13b"/>
      </symbol>
      <symbol id="sm-54c">
         <name>_eMBEnable</name>
         <value>0x8a96</value>
         <object_component_ref idref="oc-21d"/>
      </symbol>
      <symbol id="sm-54d">
         <name>_pxMBFrameCBTransmitterEmpty</name>
         <value>0x11396</value>
         <object_component_ref idref="oc-13b"/>
      </symbol>
      <symbol id="sm-54e">
         <name>_eMBInit</name>
         <value>0x89d2</value>
         <object_component_ref idref="oc-21d"/>
      </symbol>
      <symbol id="sm-56e">
         <name>_eMBRegHoldingCB</name>
         <value>0x8ea4</value>
         <object_component_ref idref="oc-213"/>
      </symbol>
      <symbol id="sm-56f">
         <name>_ModbusPoll</name>
         <value>0x8e61</value>
         <object_component_ref idref="oc-213"/>
      </symbol>
      <symbol id="sm-570">
         <name>_eMBRegDiscreteCB</name>
         <value>0x8f03</value>
         <object_component_ref idref="oc-213"/>
      </symbol>
      <symbol id="sm-571">
         <name>_test_rx_from_master</name>
         <value>0x11369</value>
         <object_component_ref idref="oc-142"/>
      </symbol>
      <symbol id="sm-572">
         <name>_eMBRegInputCB</name>
         <value>0x8e71</value>
         <object_component_ref idref="oc-213"/>
      </symbol>
      <symbol id="sm-573">
         <name>_eStatus</name>
         <value>0x1136b</value>
         <object_component_ref idref="oc-142"/>
      </symbol>
      <symbol id="sm-574">
         <name>_eMBRegCoilsCB</name>
         <value>0x8efb</value>
         <object_component_ref idref="oc-213"/>
      </symbol>
      <symbol id="sm-575">
         <name>_ModbusInit</name>
         <value>0x8e45</value>
         <object_component_ref idref="oc-213"/>
      </symbol>
      <symbol id="sm-594">
         <name>_eMBFuncWriteCoil</name>
         <value>0x35f</value>
         <object_component_ref idref="oc-20a"/>
      </symbol>
      <symbol id="sm-595">
         <name>_eMBFuncReadCoils</name>
         <value>0x30e</value>
         <object_component_ref idref="oc-20a"/>
      </symbol>
      <symbol id="sm-596">
         <name>_eMBFuncWriteMultipleCoils</name>
         <value>0x394</value>
         <object_component_ref idref="oc-20a"/>
      </symbol>
      <symbol id="sm-5ad">
         <name>_eMBFuncReadDiscreteInputs</name>
         <value>0x946d</value>
         <object_component_ref idref="oc-20b"/>
      </symbol>
      <symbol id="sm-5c7">
         <name>_eMBFuncWriteHoldingRegister</name>
         <value>0x8b46</value>
         <object_component_ref idref="oc-209"/>
      </symbol>
      <symbol id="sm-5c8">
         <name>_eMBFuncWriteMultipleHoldingRegister</name>
         <value>0x8b69</value>
         <object_component_ref idref="oc-209"/>
      </symbol>
      <symbol id="sm-5c9">
         <name>_eMBFuncReadWriteMultipleHoldingRegister</name>
         <value>0x8bea</value>
         <object_component_ref idref="oc-209"/>
      </symbol>
      <symbol id="sm-5ca">
         <name>_eMBFuncReadHoldingRegister</name>
         <value>0x8ba4</value>
         <object_component_ref idref="oc-209"/>
      </symbol>
      <symbol id="sm-5db">
         <name>_eMBFuncReadInputRegister</name>
         <value>0x8fba</value>
         <object_component_ref idref="oc-208"/>
      </symbol>
      <symbol id="sm-5f0">
         <name>_eMBFuncReportSlaveID</name>
         <value>0x9539</value>
         <object_component_ref idref="oc-207"/>
      </symbol>
      <symbol id="sm-5f1">
         <name>_eMBSetSlaveID</name>
         <value>0x9507</value>
         <object_component_ref idref="oc-207"/>
      </symbol>
      <symbol id="sm-609">
         <name>_xMBUtilGetBits</name>
         <value>0x91f8</value>
         <object_component_ref idref="oc-214"/>
      </symbol>
      <symbol id="sm-60a">
         <name>_xMBUtilSetBits</name>
         <value>0x91b3</value>
         <object_component_ref idref="oc-214"/>
      </symbol>
      <symbol id="sm-60b">
         <name>_prveMBError2Exception</name>
         <value>0x921b</value>
         <object_component_ref idref="oc-214"/>
      </symbol>
      <symbol id="sm-61b">
         <name>__abort_msg</name>
         <value>0x96a1</value>
         <object_component_ref idref="oc-21e"/>
      </symbol>
      <symbol id="sm-61c">
         <name>__assert</name>
         <value>0x96ae</value>
         <object_component_ref idref="oc-21e"/>
      </symbol>
      <symbol id="sm-61d">
         <name>__nassert</name>
         <value>0x96a0</value>
         <object_component_ref idref="oc-21e"/>
      </symbol>
      <symbol id="sm-638">
         <name>_c_int00</name>
         <value>0x93c7</value>
         <object_component_ref idref="oc-16e"/>
      </symbol>
      <symbol id="sm-639">
         <name>__stack</name>
         <value>0x400</value>
         <object_component_ref idref="oc-16f"/>
      </symbol>
      <symbol id="sm-64f">
         <name>_copy_in</name>
         <value>0x954f</value>
         <object_component_ref idref="oc-20d"/>
      </symbol>
      <symbol id="sm-65e">
         <name>_ppcopy</name>
         <value>0x9655</value>
         <object_component_ref idref="oc-17a"/>
      </symbol>
      <symbol id="sm-65f">
         <name>_dpcopy</name>
         <value>0x9655</value>
         <object_component_ref idref="oc-17a"/>
      </symbol>
      <symbol id="sm-660">
         <name>_pdcopy</name>
         <value>0x9655</value>
         <object_component_ref idref="oc-17a"/>
      </symbol>
      <symbol id="sm-661">
         <name>_ddcopy</name>
         <value>0x9655</value>
         <object_component_ref idref="oc-17a"/>
      </symbol>
      <symbol id="sm-66d">
         <name>___TI_ft_end</name>
         <value>0x11000</value>
         <object_component_ref idref="oc-181"/>
      </symbol>
      <symbol id="sm-66e">
         <name>___TI_tmpnams</name>
         <value>0x110c0</value>
         <object_component_ref idref="oc-181"/>
      </symbol>
      <symbol id="sm-66f">
         <name>__ftable</name>
         <value>0x11040</value>
         <object_component_ref idref="oc-181"/>
      </symbol>
      <symbol id="sm-684">
         <name>C$$EXIT</name>
         <value>0x87d0</value>
         <object_component_ref idref="oc-210"/>
      </symbol>
      <symbol id="sm-685">
         <name>_exit</name>
         <value>0x87d2</value>
         <object_component_ref idref="oc-210"/>
      </symbol>
      <symbol id="sm-686">
         <name>___TI_cleanup_ptr</name>
         <value>0x11402</value>
         <object_component_ref idref="oc-185"/>
      </symbol>
      <symbol id="sm-687">
         <name>___TI_enable_exit_profile_output</name>
         <value>0x11400</value>
         <object_component_ref idref="oc-185"/>
      </symbol>
      <symbol id="sm-688">
         <name>_abort</name>
         <value>0x87d0</value>
         <object_component_ref idref="oc-210"/>
      </symbol>
      <symbol id="sm-689">
         <name>___TI_dtors_ptr</name>
         <value>0x11404</value>
         <object_component_ref idref="oc-185"/>
      </symbol>
      <symbol id="sm-6a0">
         <name>___TI_doflush</name>
         <value>0x9233</value>
         <object_component_ref idref="oc-228"/>
      </symbol>
      <symbol id="sm-6a1">
         <name>_fflush</name>
         <value>0x9262</value>
         <object_component_ref idref="oc-228"/>
      </symbol>
      <symbol id="sm-6bf">
         <name>_puts</name>
         <value>0x8fa7</value>
         <object_component_ref idref="oc-227"/>
      </symbol>
      <symbol id="sm-6c0">
         <name>_fputs</name>
         <value>0x8f0a</value>
         <object_component_ref idref="oc-227"/>
      </symbol>
      <symbol id="sm-6fb">
         <name>_add_device</name>
         <value>0x8752</value>
         <object_component_ref idref="oc-232"/>
      </symbol>
      <symbol id="sm-6fc">
         <name>_rename</name>
         <value>0x8635</value>
         <object_component_ref idref="oc-232"/>
      </symbol>
      <symbol id="sm-6fd">
         <name>_read</name>
         <value>0x867d</value>
         <object_component_ref idref="oc-232"/>
      </symbol>
      <symbol id="sm-6fe">
         <name>_unlink</name>
         <value>0x861c</value>
         <object_component_ref idref="oc-232"/>
      </symbol>
      <symbol id="sm-6ff">
         <name>_remove_device</name>
         <value>0x8663</value>
         <object_component_ref idref="oc-232"/>
      </symbol>
      <symbol id="sm-700">
         <name>_open</name>
         <value>0x8696</value>
         <object_component_ref idref="oc-232"/>
      </symbol>
      <symbol id="sm-701">
         <name>_lseek</name>
         <value>0x8707</value>
         <object_component_ref idref="oc-232"/>
      </symbol>
      <symbol id="sm-702">
         <name>_close</name>
         <value>0x871f</value>
         <object_component_ref idref="oc-232"/>
      </symbol>
      <symbol id="sm-703">
         <name>_write</name>
         <value>0x85b5</value>
         <object_component_ref idref="oc-232"/>
      </symbol>
      <symbol id="sm-713">
         <name>_memchr</name>
         <value>0x96b3</value>
         <object_component_ref idref="oc-231"/>
      </symbol>
      <symbol id="sm-725">
         <name>_memcpy</name>
         <value>0x9619</value>
         <object_component_ref idref="oc-212"/>
      </symbol>
      <symbol id="sm-732">
         <name>__system_pre_init</name>
         <value>0x87fe</value>
         <object_component_ref idref="oc-20c"/>
      </symbol>
      <symbol id="sm-73f">
         <name>__system_post_cinit</name>
         <value>0x3ff</value>
         <object_component_ref idref="oc-20e"/>
      </symbol>
      <symbol id="sm-74f">
         <name>_strchr</name>
         <value>0xb7f3</value>
         <object_component_ref idref="oc-239"/>
      </symbol>
      <symbol id="sm-75e">
         <name>_strcmp</name>
         <value>0x96c4</value>
         <object_component_ref idref="oc-238"/>
      </symbol>
      <symbol id="sm-76c">
         <name>_strlen</name>
         <value>0x96df</value>
         <object_component_ref idref="oc-21b"/>
      </symbol>
      <symbol id="sm-77d">
         <name>_strncpy</name>
         <value>0x9637</value>
         <object_component_ref idref="oc-23a"/>
      </symbol>
      <symbol id="sm-791">
         <name>_HOSTopen</name>
         <value>0x848d</value>
         <object_component_ref idref="oc-211"/>
      </symbol>
      <symbol id="sm-792">
         <name>_HOSTread</name>
         <value>0x844e</value>
         <object_component_ref idref="oc-211"/>
      </symbol>
      <symbol id="sm-793">
         <name>_HOSTgetenv</name>
         <value>0x852e</value>
         <object_component_ref idref="oc-211"/>
      </symbol>
      <symbol id="sm-794">
         <name>_HOSTtime</name>
         <value>0x83da</value>
         <object_component_ref idref="oc-211"/>
      </symbol>
      <symbol id="sm-795">
         <name>_HOSTtime64</name>
         <value>0x8395</value>
         <object_component_ref idref="oc-211"/>
      </symbol>
      <symbol id="sm-796">
         <name>_HOSTrename</name>
         <value>0x8410</value>
         <object_component_ref idref="oc-211"/>
      </symbol>
      <symbol id="sm-797">
         <name>_HOSTclock</name>
         <value>0x857f</value>
         <object_component_ref idref="oc-211"/>
      </symbol>
      <symbol id="sm-798">
         <name>_HOSTwrite</name>
         <value>0x8339</value>
         <object_component_ref idref="oc-211"/>
      </symbol>
      <symbol id="sm-799">
         <name>_HOSTlseek</name>
         <value>0x84cd</value>
         <object_component_ref idref="oc-211"/>
      </symbol>
      <symbol id="sm-79a">
         <name>_HOSTunlink</name>
         <value>0x8371</value>
         <object_component_ref idref="oc-211"/>
      </symbol>
      <symbol id="sm-79b">
         <name>_HOSTclose</name>
         <value>0x8556</value>
         <object_component_ref idref="oc-211"/>
      </symbol>
      <symbol id="sm-7b5">
         <name>___TI_readmsg</name>
         <value>0x90ee</value>
         <object_component_ref idref="oc-218"/>
      </symbol>
      <symbol id="sm-7b6">
         <name>C$$IO$$</name>
         <value>0x90e9</value>
         <object_component_ref idref="oc-218"/>
      </symbol>
      <symbol id="sm-7b7">
         <name>__CIOBUF_</name>
         <value>0x500</value>
         <object_component_ref idref="oc-1cb"/>
      </symbol>
      <symbol id="sm-7b8">
         <name>___TI_writemsg</name>
         <value>0x9096</value>
         <object_component_ref idref="oc-218"/>
      </symbol>
      <symbol id="sm-7d0">
         <name>___TI_rd_ok</name>
         <value>0x92e1</value>
         <object_component_ref idref="oc-230"/>
      </symbol>
      <symbol id="sm-7d1">
         <name>___TI_wrt_ok</name>
         <value>0x92a6</value>
         <object_component_ref idref="oc-230"/>
      </symbol>
      <symbol id="sm-7e6">
         <name>__unlock</name>
         <value>0x1137e</value>
         <object_component_ref idref="oc-219"/>
      </symbol>
      <symbol id="sm-7e7">
         <name>__lock</name>
         <value>0x1137c</value>
         <object_component_ref idref="oc-216"/>
      </symbol>
      <symbol id="sm-7e8">
         <name>__register_lock</name>
         <value>0x96d2</value>
         <object_component_ref idref="oc-223"/>
      </symbol>
      <symbol id="sm-7e9">
         <name>__nop</name>
         <value>0x96d6</value>
         <object_component_ref idref="oc-223"/>
      </symbol>
      <symbol id="sm-7ea">
         <name>__register_unlock</name>
         <value>0x96ce</value>
         <object_component_ref idref="oc-223"/>
      </symbol>
      <symbol id="sm-7fa">
         <name>__args_main</name>
         <value>0x966f</value>
         <object_component_ref idref="oc-20f"/>
      </symbol>
      <symbol id="sm-80b">
         <name>_fseek</name>
         <value>0x9595</value>
         <object_component_ref idref="oc-236"/>
      </symbol>
      <symbol id="sm-822">
         <name>_setvbuf</name>
         <value>0x912a</value>
         <object_component_ref idref="oc-237"/>
      </symbol>
      <symbol id="sm-830">
         <name>_strcpy</name>
         <value>0x87f9</value>
         <object_component_ref idref="oc-21c"/>
      </symbol>
      <symbol id="sm-866">
         <name>_fopen</name>
         <value>0x8d0c</value>
         <object_component_ref idref="oc-23c"/>
      </symbol>
      <symbol id="sm-867">
         <name>___TI_cleanup</name>
         <value>0x8cd1</value>
         <object_component_ref idref="oc-23c"/>
      </symbol>
      <symbol id="sm-868">
         <name>_freopen</name>
         <value>0x8cee</value>
         <object_component_ref idref="oc-23c"/>
      </symbol>
      <symbol id="sm-8b0">
         <name>__sys_memory</name>
         <value>0x12000</value>
         <object_component_ref idref="oc-1f7"/>
      </symbol>
      <symbol id="sm-8b1">
         <name>_chkheap</name>
         <value>0x89b9</value>
         <object_component_ref idref="oc-23b"/>
      </symbol>
      <symbol id="sm-8b2">
         <name>_realloc</name>
         <value>0x88c7</value>
         <object_component_ref idref="oc-23b"/>
      </symbol>
      <symbol id="sm-8b3">
         <name>_free_memory</name>
         <value>0x899b</value>
         <object_component_ref idref="oc-23b"/>
      </symbol>
      <symbol id="sm-8b4">
         <name>_max_free</name>
         <value>0x8979</value>
         <object_component_ref idref="oc-23b"/>
      </symbol>
      <symbol id="sm-8b5">
         <name>_free</name>
         <value>0x8800</value>
         <object_component_ref idref="oc-23b"/>
      </symbol>
      <symbol id="sm-8b6">
         <name>_calloc</name>
         <value>0x89bb</value>
         <object_component_ref idref="oc-23b"/>
      </symbol>
      <symbol id="sm-8b7">
         <name>_malloc</name>
         <value>0x8869</value>
         <object_component_ref idref="oc-23b"/>
      </symbol>
      <symbol id="sm-8b8">
         <name>_minit</name>
         <value>0x8844</value>
         <object_component_ref idref="oc-23b"/>
      </symbol>
      <symbol id="sm-8ca">
         <name>___TI_closefile</name>
         <value>0x930d</value>
         <object_component_ref idref="oc-23d"/>
      </symbol>
      <symbol id="sm-8cb">
         <name>_fclose</name>
         <value>0x9351</value>
         <object_component_ref idref="oc-23d"/>
      </symbol>
      <symbol id="sm-8d8">
         <name>_remove</name>
         <value>0x96e7</value>
         <object_component_ref idref="oc-23e"/>
      </symbol>
   </symbol_table>
   <title>Link successful</title>
</link_info>
